06-28 14:51:58.929   589   589 E SELinux : avc:  denied  { find } for pid=5676 uid=10236 name=tethering scontext=u:r:vendor_systemhelper_app:s0:c512,c768 tcontext=u:object_r:tethering_service:s0 tclass=service_manager permissive=0
06-28 14:51:59.740   589   589 I chatty  : uid=1000(system) /system/bin/servicemanager identical 4 lines
06-28 14:51:59.945   589   589 E SELinux : avc:  denied  { find } for pid=5676 uid=10236 name=tethering scontext=u:r:vendor_systemhelper_app:s0:c512,c768 tcontext=u:object_r:tethering_service:s0 tclass=service_manager permissive=0
06-28 14:52:00.010  2823  2823 D KeyguardUpdateMonitor: received broadcast android.intent.action.TIME_TICK
06-28 14:52:00.040  1050  1050 E ANDR-PERF-DATA-POOL: EventDataPool is Full
06-28 14:52:00.040  1050  1050 E ANDR-PERF-MPCTL: event data pool ran empty
06-28 14:52:00.051  2823  2823 D KeyguardUpdateMonitor: handleTimeUpdate
06-28 14:52:00.147   589   589 E SELinux : avc:  denied  { find } for pid=5676 uid=10236 name=tethering scontext=u:r:vendor_systemhelper_app:s0:c512,c768 tcontext=u:object_r:tethering_service:s0 tclass=service_manager permissive=0
06-28 14:52:01.159   589   589 I chatty  : uid=1000(system) /system/bin/servicemanager identical 5 lines
06-28 14:52:01.361   589   589 E SELinux : avc:  denied  { find } for pid=5676 uid=10236 name=tethering scontext=u:r:vendor_systemhelper_app:s0:c512,c768 tcontext=u:object_r:tethering_service:s0 tclass=service_manager permissive=0
06-28 14:52:01.422  1623  1913 D CompatibilityInfo: mCompatibilityFlags - 0
06-28 14:52:01.422  1623  1913 D CompatibilityInfo: applicationDensity - 440
06-28 14:52:01.422  1623  1913 D CompatibilityInfo: applicationScale - 1.0
06-28 14:52:01.537  1623  1913 D CompatibilityInfo: mCompatibilityFlags - 0
06-28 14:52:01.537  1623  1913 D CompatibilityInfo: applicationDensity - 440
06-28 14:52:01.537  1623  1913 D CompatibilityInfo: applicationScale - 1.0
06-28 14:52:01.562   589   589 E SELinux : avc:  denied  { find } for pid=5676 uid=10236 name=tethering scontext=u:r:vendor_systemhelper_app:s0:c512,c768 tcontext=u:object_r:tethering_service:s0 tclass=service_manager permissive=0
06-28 14:52:01.629  3980  3980 I NotificationController: onNotificationPosted: mSmartTravelNotificationMap 0
06-28 14:52:01.631  7447  7701 V h       : flags=106
06-28 14:52:01.633  7447  7701 V h       : ret=0
06-28 14:52:01.641  2823  2823 D InterruptionStateProvider: No bubble up: not allowed to bubble: 0|com.happproxy|1|null|10769
06-28 14:52:01.643  2823  2823 D InterruptionStateProvider: No heads up: unimportant notification: 0|com.happproxy|1|null|10769
06-28 14:52:01.647  3980  3980 I NotificationController: onNotificationPosted: mSmartTravelNotificationMap 0
06-28 14:52:01.650  7447  7701 V h       : flags=106
06-28 14:52:01.652  7447  7701 V h       : ret=0
06-28 14:52:01.672  1050  1050 E ANDR-PERF-DATA-POOL: EventDataPool is Full
06-28 14:52:01.672  1050  1050 E ANDR-PERF-MPCTL: event data pool ran empty
06-28 14:52:01.677  2823  2823 D InterruptionStateProvider: No bubble up: not allowed to bubble: 0|com.happproxy|1|null|10769
06-28 14:52:01.679  2823  2823 D InterruptionStateProvider: No heads up: unimportant notification: 0|com.happproxy|1|null|10769
06-28 14:52:01.743  3980  3980 I NotificationController: onNotificationPosted: mSmartTravelNotificationMap 0
06-28 14:52:01.745  7447  7701 V h       : flags=106
06-28 14:52:01.747  7447  7701 V h       : ret=0
06-28 14:52:01.764   589   589 E SELinux : avc:  denied  { find } for pid=5676 uid=10236 name=tethering scontext=u:r:vendor_systemhelper_app:s0:c512,c768 tcontext=u:object_r:tethering_service:s0 tclass=service_manager permissive=0
06-28 14:52:01.764  2823  2823 D InterruptionStateProvider: No bubble up: not allowed to bubble: 0|com.happproxy|1|null|10769
06-28 14:52:01.765  2823  2823 D InterruptionStateProvider: No heads up: unimportant notification: 0|com.happproxy|1|null|10769
06-28 14:52:01.773  7447  7701 V h       : flags=106
06-28 14:52:01.774  7447  7701 V h       : ret=0
06-28 14:52:01.775  3980  3980 I NotificationController: onNotificationPosted: mSmartTravelNotificationMap 0
06-28 14:52:01.790  1050  1050 E ANDR-PERF-DATA-POOL: EventDataPool is Full
06-28 14:52:01.790  1050  1050 E ANDR-PERF-MPCTL: event data pool ran empty
06-28 14:52:01.791  2823  2823 D InterruptionStateProvider: No bubble up: not allowed to bubble: 0|com.happproxy|1|null|10769
06-28 14:52:01.792  2823  2823 D InterruptionStateProvider: No heads up: unimportant notification: 0|com.happproxy|1|null|10769
06-28 14:52:01.967   589   589 E SELinux : avc:  denied  { find } for pid=5676 uid=10236 name=tethering scontext=u:r:vendor_systemhelper_app:s0:c512,c768 tcontext=u:object_r:tethering_service:s0 tclass=service_manager permissive=0
06-28 14:52:02.171   589   589 I chatty  : uid=1000(system) /system/bin/servicemanager identical 1 line
06-28 14:52:02.373   589   589 E SELinux : avc:  denied  { find } for pid=5676 uid=10236 name=tethering scontext=u:r:vendor_systemhelper_app:s0:c512,c768 tcontext=u:object_r:tethering_service:s0 tclass=service_manager permissive=0
06-28 14:52:02.575  1623  2500 D MiuiNetworkPolicy: updateLimit mLimitEnabled=true,enabled=false,mNetworkPriorityMode=2
06-28 14:52:02.576  5502  5502 E IP6TABLES-RESTORE-LIB: line 5958 read
06-28 14:52:02.577  5502  5502 E XTABLES : Beginning to apply lock on /system/etc/xtables.lock
06-28 14:52:02.577  5502  5502 E XTABLES : /system/etc/xtables.lock locked
06-28 14:52:02.577  5502  5502 E IP6TABLES-RESTORE-LIB: line 5958, table 'filter'
06-28 14:52:02.577  5502  5502 E IP6TABLES-RESTORE-LIB: line 5959 read
06-28 14:52:02.578  5502  5502 E IP6TABLES-RESTORE-LIB: calling do_command(7, argv, &filter, handle):
06-28 14:52:02.578  5502  5502 E IP6TABLES-RESTORE-LIB: command: [/system/bin/iptables-restore,-t,filter,-D,tc_limiter,-j,DROP,]
06-28 14:52:02.578  5502  5502 E IP6TABLES-RESTORE-LIB: line 5960 read
06-28 14:52:02.578  5502  5502 E IP6TABLES-RESTORE-LIB: Calling commit
06-28 14:52:02.579   589   589 E SELinux : avc:  denied  { find } for pid=5676 uid=10236 name=tethering scontext=u:r:vendor_systemhelper_app:s0:c512,c768 tcontext=u:object_r:tethering_service:s0 tclass=service_manager permissive=0
06-28 14:52:02.580  5502  5502 E IP6TABLES-RESTORE-LIB: line 5961 read
06-28 14:52:02.581  5504  5504 E IP6TABLES-RESTORE-LIB: line 5962 read
06-28 14:52:02.581  5504  5504 E XTABLES : Beginning to apply lock on /system/etc/xtables.lock
06-28 14:52:02.581  5504  5504 E XTABLES : /system/etc/xtables.lock locked
06-28 14:52:02.581  5504  5504 E IP6TABLES-RESTORE-LIB: line 5962, table 'filter'
06-28 14:52:02.581  5504  5504 E IP6TABLES-RESTORE-LIB: line 5963 read
06-28 14:52:02.581  5504  5504 E IP6TABLES-RESTORE-LIB: calling do_command(10, argv, &filter, handle):
06-28 14:52:02.582  5504  5504 E IP6TABLES-RESTORE-LIB: command: [/system/bin/ip6tables-restore,-t,filter,-D,tc_limiter,!,-p,icmpv6,-j,DROP,]
06-28 14:52:02.582  5504  5504 E IP6TABLES-RESTORE-LIB: line 5964 read
06-28 14:52:02.582  5504  5504 E IP6TABLES-RESTORE-LIB: Calling commit
06-28 14:52:02.583  5504  5504 E IP6TABLES-RESTORE-LIB: line 5965 read
06-28 14:52:02.782   589   589 E SELinux : avc:  denied  { find } for pid=5676 uid=10236 name=tethering scontext=u:r:vendor_systemhelper_app:s0:c512,c768 tcontext=u:object_r:tethering_service:s0 tclass=service_manager permissive=0
06-28 14:52:03.801   589   589 I chatty  : uid=1000(system) /system/bin/servicemanager identical 5 lines
06-28 14:52:04.004   589   589 E SELinux : avc:  denied  { find } for pid=5676 uid=10236 name=tethering scontext=u:r:vendor_systemhelper_app:s0:c512,c768 tcontext=u:object_r:tethering_service:s0 tclass=service_manager permissive=0
06-28 14:52:04.015 25306  2569 W gpn.azs:Metric: No such thread id for suspend: 43
06-28 14:52:04.207   589   589 E SELinux : avc:  denied  { find } for pid=5676 uid=10236 name=tethering scontext=u:r:vendor_systemhelper_app:s0:c512,c768 tcontext=u:object_r:tethering_service:s0 tclass=service_manager permissive=0
06-28 14:52:04.409   589   589 E SELinux : avc:  denied  { find } for pid=5676 uid=10236 name=tethering scontext=u:r:vendor_systemhelper_app:s0:c512,c768 tcontext=u:object_r:tethering_service:s0 tclass=service_manager permissive=0
06-28 14:52:04.451  1623  1913 D CompatibilityInfo: mCompatibilityFlags - 0
06-28 14:52:04.451  1623  1913 D CompatibilityInfo: applicationDensity - 440
06-28 14:52:04.451  1623  1913 D CompatibilityInfo: applicationScale - 1.0
06-28 14:52:04.510  1623  1913 D CompatibilityInfo: mCompatibilityFlags - 0
06-28 14:52:04.510  1623  1913 D CompatibilityInfo: applicationDensity - 440
06-28 14:52:04.510  1623  1913 D CompatibilityInfo: applicationScale - 1.0
06-28 14:52:04.611   589   589 E SELinux : avc:  denied  { find } for pid=5676 uid=10236 name=tethering scontext=u:r:vendor_systemhelper_app:s0:c512,c768 tcontext=u:object_r:tethering_service:s0 tclass=service_manager permissive=0
06-28 14:52:04.662  7447  7701 V h       : flags=106
06-28 14:52:04.662  3980  3980 I NotificationController: onNotificationPosted: mSmartTravelNotificationMap 0
06-28 14:52:04.663  7447  7701 V h       : ret=0
06-28 14:52:04.672  2823  2823 D InterruptionStateProvider: No bubble up: not allowed to bubble: 0|com.happproxy|1|null|10769
06-28 14:52:04.673  2823  2823 D InterruptionStateProvider: No heads up: unimportant notification: 0|com.happproxy|1|null|10769
06-28 14:52:04.675 27689 27689 W ThreadPoolForeg: type=1400 audit(0.0:2580781): avc: denied { write } for name="traced_producer" dev="tmpfs" ino=17161 scontext=u:r:gmscore_app:s0:c512,c768 tcontext=u:object_r:traced_producer_socket:s0 tclass=sock_file permissive=0 app=com.google.android.gms
06-28 14:52:04.691  3980  3980 I NotificationController: onNotificationPosted: mSmartTravelNotificationMap 0
06-28 14:52:04.693  7447  7701 V h       : flags=106
06-28 14:52:04.694  7447  7701 V h       : ret=0
06-28 14:52:04.708  1050  1050 E ANDR-PERF-DATA-POOL: EventDataPool is Full
06-28 14:52:04.708  1050  1050 E ANDR-PERF-MPCTL: event data pool ran empty
06-28 14:52:04.714  3980  3980 I NotificationController: onNotificationPosted: mSmartTravelNotificationMap 0
06-28 14:52:04.715  7447  7701 V h       : flags=106
06-28 14:52:04.716  7447  7701 V h       : ret=0
06-28 14:52:04.719  2823  2823 D InterruptionStateProvider: No bubble up: not allowed to bubble: 0|com.happproxy|1|null|10769
06-28 14:52:04.720  2823  2823 D InterruptionStateProvider: No heads up: unimportant notification: 0|com.happproxy|1|null|10769
06-28 14:52:04.741  3980  3980 I NotificationController: onNotificationPosted: mSmartTravelNotificationMap 0
06-28 14:52:04.741  7447  7701 V h       : flags=106
06-28 14:52:04.742  7447  7701 V h       : ret=0
06-28 14:52:04.756  2823  2823 D InterruptionStateProvider: No bubble up: not allowed to bubble: 0|com.happproxy|1|null|10769
06-28 14:52:04.756  2823  2823 D InterruptionStateProvider: No heads up: unimportant notification: 0|com.happproxy|1|null|10769
06-28 14:52:04.797  2823  2823 D InterruptionStateProvider: No bubble up: not allowed to bubble: 0|com.happproxy|1|null|10769
06-28 14:52:04.798  2823  2823 D InterruptionStateProvider: No heads up: unimportant notification: 0|com.happproxy|1|null|10769
06-28 14:52:04.812   589   589 E SELinux : avc:  denied  { find } for pid=5676 uid=10236 name=tethering scontext=u:r:vendor_systemhelper_app:s0:c512,c768 tcontext=u:object_r:tethering_service:s0 tclass=service_manager permissive=0
06-28 14:52:05.827   589   589 I chatty  : uid=1000(system) /system/bin/servicemanager identical 5 lines
06-28 14:52:06.032   589   589 E SELinux : avc:  denied  { find } for pid=5676 uid=10236 name=tethering scontext=u:r:vendor_systemhelper_app:s0:c512,c768 tcontext=u:object_r:tethering_service:s0 tclass=service_manager permissive=0
06-28 14:52:06.139 27801 27801 W ThreadPoolForeg: type=1400 audit(0.0:2580782): avc: denied { write } for name="traced_producer" dev="tmpfs" ino=17161 scontext=u:r:gmscore_app:s0:c512,c768 tcontext=u:object_r:traced_producer_socket:s0 tclass=sock_file permissive=0 app=com.google.android.gms
06-28 14:52:06.234   589   589 E SELinux : avc:  denied  { find } for pid=5676 uid=10236 name=tethering scontext=u:r:vendor_systemhelper_app:s0:c512,c768 tcontext=u:object_r:tethering_service:s0 tclass=service_manager permissive=0
06-28 14:52:07.045   589   589 I chatty  : uid=1000(system) /system/bin/servicemanager identical 4 lines
06-28 14:52:07.252   589   589 E SELinux : avc:  denied  { find } for pid=5676 uid=10236 name=tethering scontext=u:r:vendor_systemhelper_app:s0:c512,c768 tcontext=u:object_r:tethering_service:s0 tclass=service_manager permissive=0
06-28 14:52:07.432  1623  1913 D CompatibilityInfo: mCompatibilityFlags - 0
06-28 14:52:07.432  1623  1913 D CompatibilityInfo: applicationDensity - 440
06-28 14:52:07.432  1623  1913 D CompatibilityInfo: applicationScale - 1.0
06-28 14:52:07.453   589   589 E SELinux : avc:  denied  { find } for pid=5676 uid=10236 name=tethering scontext=u:r:vendor_systemhelper_app:s0:c512,c768 tcontext=u:object_r:tethering_service:s0 tclass=service_manager permissive=0
06-28 14:52:07.505  1623  1913 D CompatibilityInfo: mCompatibilityFlags - 0
06-28 14:52:07.505  1623  1913 D CompatibilityInfo: applicationDensity - 440
06-28 14:52:07.505  1623  1913 D CompatibilityInfo: applicationScale - 1.0
06-28 14:52:07.586  1623  2500 D MiuiNetworkPolicy: updateLimit mLimitEnabled=false,enabled=true,mNetworkPriorityMode=2
06-28 14:52:07.587  5502  5502 E IP6TABLES-RESTORE-LIB: line 5962 read
06-28 14:52:07.587  5502  5502 E XTABLES : Beginning to apply lock on /system/etc/xtables.lock
06-28 14:52:07.587  5502  5502 E XTABLES : /system/etc/xtables.lock locked
06-28 14:52:07.587  5502  5502 E IP6TABLES-RESTORE-LIB: line 5962, table 'filter'
06-28 14:52:07.588  5502  5502 E IP6TABLES-RESTORE-LIB: line 5963 read
06-28 14:52:07.588  5502  5502 E IP6TABLES-RESTORE-LIB: calling do_command(7, argv, &filter, handle):
06-28 14:52:07.588  5502  5502 E IP6TABLES-RESTORE-LIB: command: [/system/bin/iptables-restore,-t,filter,-A,tc_limiter,-j,DROP,]
06-28 14:52:07.588  5502  5502 E IP6TABLES-RESTORE-LIB: line 5964 read
06-28 14:52:07.588  5502  5502 E IP6TABLES-RESTORE-LIB: Calling commit
06-28 14:52:07.590  5502  5502 E IP6TABLES-RESTORE-LIB: line 5965 read
06-28 14:52:07.591  5504  5504 E IP6TABLES-RESTORE-LIB: line 5966 read
06-28 14:52:07.591  5504  5504 E XTABLES : Beginning to apply lock on /system/etc/xtables.lock
06-28 14:52:07.591  5504  5504 E XTABLES : /system/etc/xtables.lock locked
06-28 14:52:07.591  5504  5504 E IP6TABLES-RESTORE-LIB: line 5966, table 'filter'
06-28 14:52:07.591  5504  5504 E IP6TABLES-RESTORE-LIB: line 5967 read
06-28 14:52:07.591  5504  5504 E IP6TABLES-RESTORE-LIB: calling do_command(10, argv, &filter, handle):
06-28 14:52:07.591  5504  5504 E IP6TABLES-RESTORE-LIB: command: [/system/bin/ip6tables-restore,-t,filter,-A,tc_limiter,!,-p,icmpv6,-j,DROP,]
06-28 14:52:07.592  5504  5504 E IP6TABLES-RESTORE-LIB: line 5968 read
06-28 14:52:07.592  5504  5504 E IP6TABLES-RESTORE-LIB: Calling commit
06-28 14:52:07.593  5504  5504 E IP6TABLES-RESTORE-LIB: line 5969 read
06-28 14:52:07.635  3980  3980 I NotificationController: onNotificationPosted: mSmartTravelNotificationMap 0
06-28 14:52:07.637  7447  7701 V h       : flags=106
06-28 14:52:07.639  7447  7701 V h       : ret=0
06-28 14:52:07.642  2823  2823 D InterruptionStateProvider: No bubble up: not allowed to bubble: 0|com.happproxy|1|null|10769
06-28 14:52:07.644  2823  2823 D InterruptionStateProvider: No heads up: unimportant notification: 0|com.happproxy|1|null|10769
06-28 14:52:07.656   589   589 E SELinux : avc:  denied  { find } for pid=5676 uid=10236 name=tethering scontext=u:r:vendor_systemhelper_app:s0:c512,c768 tcontext=u:object_r:tethering_service:s0 tclass=service_manager permissive=0
06-28 14:52:07.656  7447  7701 V h       : flags=106
06-28 14:52:07.657  3980  3980 I NotificationController: onNotificationPosted: mSmartTravelNotificationMap 0
06-28 14:52:07.659  7447  7701 V h       : ret=0
06-28 14:52:07.673  1050  1050 E ANDR-PERF-DATA-POOL: EventDataPool is Full
06-28 14:52:07.674  1050  1050 E ANDR-PERF-MPCTL: event data pool ran empty
06-28 14:52:07.677  2823  2823 D InterruptionStateProvider: No bubble up: not allowed to bubble: 0|com.happproxy|1|null|10769
06-28 14:52:07.678  2823  2823 D InterruptionStateProvider: No heads up: unimportant notification: 0|com.happproxy|1|null|10769
06-28 14:52:07.696  1129  1129 W SurfaceFlingerInspector: slow HwComposer, duration=5s, total=141, timeOut=1, Max=4ms, timeOutAvg=4ms.
06-28 14:52:07.712  3980  3980 I NotificationController: onNotificationPosted: mSmartTravelNotificationMap 0
06-28 14:52:07.713  7447  7701 V h       : flags=106
06-28 14:52:07.716  7447  7701 V h       : ret=0
06-28 14:52:07.718  2823  2823 D InterruptionStateProvider: No bubble up: not allowed to bubble: 0|com.happproxy|1|null|10769
06-28 14:52:07.719  2823  2823 D InterruptionStateProvider: No heads up: unimportant notification: 0|com.happproxy|1|null|10769
06-28 14:52:07.740  3980  3980 I NotificationController: onNotificationPosted: mSmartTravelNotificationMap 0
06-28 14:52:07.740  7447  7701 V h       : flags=106
06-28 14:52:07.741  7447  7701 V h       : ret=0
06-28 14:52:07.759  2823  2823 D InterruptionStateProvider: No bubble up: not allowed to bubble: 0|com.happproxy|1|null|10769
06-28 14:52:07.760  2823  2823 D InterruptionStateProvider: No heads up: unimportant notification: 0|com.happproxy|1|null|10769
06-28 14:52:07.858   589   589 E SELinux : avc:  denied  { find } for pid=5676 uid=10236 name=tethering scontext=u:r:vendor_systemhelper_app:s0:c512,c768 tcontext=u:object_r:tethering_service:s0 tclass=service_manager permissive=0
06-28 14:52:09.889   589   589 I chatty  : uid=1000(system) /system/bin/servicemanager identical 10 lines
06-28 14:52:10.092   589   589 E SELinux : avc:  denied  { find } for pid=5676 uid=10236 name=tethering scontext=u:r:vendor_systemhelper_app:s0:c512,c768 tcontext=u:object_r:tethering_service:s0 tclass=service_manager permissive=0
06-28 14:52:10.183  2102  2102 W ThreadPoolForeg: type=1400 audit(0.0:2580783): avc: denied { write } for name="traced_producer" dev="tmpfs" ino=17161 scontext=u:r:gmscore_app:s0:c512,c768 tcontext=u:object_r:traced_producer_socket:s0 tclass=sock_file permissive=0 app=com.google.android.gms
06-28 14:52:10.295   589   589 E SELinux : avc:  denied  { find } for pid=5676 uid=10236 name=tethering scontext=u:r:vendor_systemhelper_app:s0:c512,c768 tcontext=u:object_r:tethering_service:s0 tclass=service_manager permissive=0
06-28 14:52:10.465  1623  1913 D CompatibilityInfo: mCompatibilityFlags - 0
06-28 14:52:10.465  1623  1913 D CompatibilityInfo: applicationDensity - 440
06-28 14:52:10.465  1623  1913 D CompatibilityInfo: applicationScale - 1.0
06-28 14:52:10.496   589   589 E SELinux : avc:  denied  { find } for pid=5676 uid=10236 name=tethering scontext=u:r:vendor_systemhelper_app:s0:c512,c768 tcontext=u:object_r:tethering_service:s0 tclass=service_manager permissive=0
06-28 14:52:10.529  1623  1913 D CompatibilityInfo: mCompatibilityFlags - 0
06-28 14:52:10.529  1623  1913 D CompatibilityInfo: applicationDensity - 440
06-28 14:52:10.529  1623  1913 D CompatibilityInfo: applicationScale - 1.0
06-28 14:52:10.675  3980  3980 I NotificationController: onNotificationPosted: mSmartTravelNotificationMap 0
06-28 14:52:10.680  7447  7701 V h       : flags=106
06-28 14:52:10.681  7447  7701 V h       : ret=0
06-28 14:52:10.683  2823  2823 D InterruptionStateProvider: No bubble up: not allowed to bubble: 0|com.happproxy|1|null|10769
06-28 14:52:10.684  2823  2823 D InterruptionStateProvider: No heads up: unimportant notification: 0|com.happproxy|1|null|10769
06-28 14:52:10.699   589   589 E SELinux : avc:  denied  { find } for pid=5676 uid=10236 name=tethering scontext=u:r:vendor_systemhelper_app:s0:c512,c768 tcontext=u:object_r:tethering_service:s0 tclass=service_manager permissive=0
06-28 14:52:10.705  3980  3980 I NotificationController: onNotificationPosted: mSmartTravelNotificationMap 0
06-28 14:52:10.707  7447  7701 V h       : flags=106
06-28 14:52:10.708  7447  7701 V h       : ret=0
06-28 14:52:10.718  1050  1050 E ANDR-PERF-DATA-POOL: EventDataPool is Full
06-28 14:52:10.718  1050  1050 E ANDR-PERF-MPCTL: event data pool ran empty
06-28 14:52:10.721  2823  2823 D InterruptionStateProvider: No bubble up: not allowed to bubble: 0|com.happproxy|1|null|10769
06-28 14:52:10.721  2823  2823 D InterruptionStateProvider: No heads up: unimportant notification: 0|com.happproxy|1|null|10769
06-28 14:52:10.735  3980  3980 I NotificationController: onNotificationPosted: mSmartTravelNotificationMap 0
06-28 14:52:10.736  7447  7701 V h       : flags=106
06-28 14:52:10.737  7447  7701 V h       : ret=0
06-28 14:52:10.753  2823  2823 D InterruptionStateProvider: No bubble up: not allowed to bubble: 0|com.happproxy|1|null|10769
06-28 14:52:10.753  2823  2823 D InterruptionStateProvider: No heads up: unimportant notification: 0|com.happproxy|1|null|10769
06-28 14:52:10.771  3980  3980 I NotificationController: onNotificationPosted: mSmartTravelNotificationMap 0
06-28 14:52:10.772  7447  7701 V h       : flags=106
06-28 14:52:10.773  7447  7701 V h       : ret=0
06-28 14:52:10.789  2823  2823 D InterruptionStateProvider: No bubble up: not allowed to bubble: 0|com.happproxy|1|null|10769
06-28 14:52:10.790  2823  2823 D InterruptionStateProvider: No heads up: unimportant notification: 0|com.happproxy|1|null|10769
06-28 14:52:10.902   589   589 E SELinux : avc:  denied  { find } for pid=5676 uid=10236 name=tethering scontext=u:r:vendor_systemhelper_app:s0:c512,c768 tcontext=u:object_r:tethering_service:s0 tclass=service_manager permissive=0
06-28 14:52:12.272  1623  5885 D ConnectivityService: requestNetwork for uid/pid:10142/31607 NetworkRequest [ TRACK_DEFAULT id=12769, [ Capabilities: INTERNET&NOT_RESTRICTED&TRUSTED Uid: 10142 AdministratorUids: [] RequestorUid: 10142 RequestorPackageName: com.xiaomi.mipicks] ]
06-28 14:52:11.918   589   589 I chatty  : uid=1000(system) /system/bin/servicemanager identical 5 lines
06-28 14:52:12.121   589   589 E SELinux : avc:  denied  { find } for pid=5676 uid=10236 name=tethering scontext=u:r:vendor_systemhelper_app:s0:c512,c768 tcontext=u:object_r:tethering_service:s0 tclass=service_manager permissive=0
06-28 14:52:12.273  1623  2581 D SlaveWifiManager: getWifiSlaveConnectionInfo
06-28 14:52:12.276  1623  2581 D ConnectivityService: NetReassign [12769 : null → 196]
06-28 14:52:12.276  1623  2581 I chatty  : uid=1000(system) ConnectivitySer identical 74 lines
06-28 14:52:12.276  1623  2581 D SlaveWifiManager: getWifiSlaveConnectionInfo
06-28 14:52:12.276  1623  2530 D WifiSlaveNetworkFactory: got request NetworkRequest [ TRACK_DEFAULT id=12769, [ Capabilities: INTERNET&NOT_RESTRICTED&TRUSTED Uid: 10142 AdministratorUids: [] RequestorUid: 10142 RequestorPackageName: com.xiaomi.mipicks] ] with score 60 and providerId 6
06-28 14:52:12.279  1623  2530 D UntrustedWifiNetworkFactory: got request NetworkRequest [ TRACK_DEFAULT id=12769, [ Capabilities: INTERNET&NOT_RESTRICTED&TRUSTED Uid: 10142 AdministratorUids: [] RequestorUid: 10142 RequestorPackageName: com.xiaomi.mipicks] ] with score 60 and providerId 6
06-28 14:52:12.279  3192  3192 D PhoneSwitcherNetworkRequstListener: got request NetworkRequest [ TRACK_DEFAULT id=12769, [ Capabilities: INTERNET&NOT_RESTRICTED&TRUSTED Uid: 10142 AdministratorUids: [] RequestorUid: 10142 RequestorPackageName: com.xiaomi.mipicks] ] with score 60 and providerId 6
06-28 14:52:12.279  1623  2530 D UntrustedWifiNetworkFactory: got request NetworkRequest [ TRACK_DEFAULT id=12769, [ Capabilities: INTERNET&NOT_RESTRICTED&TRUSTED Uid: 10142 AdministratorUids: [] RequestorUid: 10142 RequestorPackageName: com.xiaomi.mipicks] ] with score 60 and providerId 6
06-28 14:52:12.279  1623  2700 D Ethernet: got request NetworkRequest [ TRACK_DEFAULT id=12769, [ Capabilities: INTERNET&NOT_RESTRICTED&TRUSTED Uid: 10142 AdministratorUids: [] RequestorUid: 10142 RequestorPackageName: com.xiaomi.mipicks] ] with score 60 and providerId 6
06-28 14:52:12.279  1623  2530 D WifiNetworkFactory: got request NetworkRequest [ TRACK_DEFAULT id=12769, [ Capabilities: INTERNET&NOT_RESTRICTED&TRUSTED Uid: 10142 AdministratorUids: [] RequestorUid: 10142 RequestorPackageName: com.xiaomi.mipicks] ] with score 60 and providerId 6
06-28 14:52:12.280  1623  2699 D WIFI_AWARE_FACTORY: got request NetworkRequest [ TRACK_DEFAULT id=12769, [ Capabilities: INTERNET&NOT_RESTRICTED&TRUSTED Uid: 10142 AdministratorUids: [] RequestorUid: 10142 RequestorPackageName: com.xiaomi.mipicks] ] with score 60 and providerId 6
06-28 14:52:12.298 31607  5065 W FirebaseRemoteConfig: No value of type 'FirebaseRemoteConfigValue' exists for parameter key 'adPushNotifyInspectEnable'.
06-28 14:52:12.300 31607 31855 I WM-WorkerWrapper: Worker result SUCCESS for Work [ id=e96abadf-8522-4798-a643-0f5f0fa8bc4e, tags={ com.xiaomi.market.push.timedPush.AdPushRetryWorker, start_retry_push_period_work } ]
06-28 14:52:12.303  1623  2581 D ConnectivityService: releasing NetworkRequest [ TRACK_DEFAULT id=12769, [ Capabilities: INTERNET&NOT_RESTRICTED&TRUSTED Uid: 10142 AdministratorUids: [] RequestorUid: 10142 RequestorPackageName: com.xiaomi.mipicks] ] (release request)
06-28 14:52:12.322   589   589 E SELinux : avc:  denied  { find } for pid=5676 uid=10236 name=tethering scontext=u:r:vendor_systemhelper_app:s0:c512,c768 tcontext=u:object_r:tethering_service:s0 tclass=service_manager permissive=0
06-28 14:52:13.135   589   589 I chatty  : uid=1000(system) /system/bin/servicemanager identical 4 lines
06-28 14:52:13.337   589   589 E SELinux : avc:  denied  { find } for pid=5676 uid=10236 name=tethering scontext=u:r:vendor_systemhelper_app:s0:c512,c768 tcontext=u:object_r:tethering_service:s0 tclass=service_manager permissive=0
06-28 14:52:13.465  1623  1913 D CompatibilityInfo: mCompatibilityFlags - 0
06-28 14:52:13.465  1623  1913 D CompatibilityInfo: applicationDensity - 440
06-28 14:52:13.465  1623  1913 D CompatibilityInfo: applicationScale - 1.0
06-28 14:52:13.516  8880  8900 I roxy:XRayDaemo: Background concurrent copying GC freed 69618(2531KB) AllocSpace objects, 5(1040KB) LOS objects, 49% free, 3709KB/7418KB, paused 131us total 100.422ms
06-28 14:52:13.528  1623  1913 D CompatibilityInfo: mCompatibilityFlags - 0
06-28 14:52:13.528  1623  1913 D CompatibilityInfo: applicationDensity - 440
06-28 14:52:13.528  1623  1913 D CompatibilityInfo: applicationScale - 1.0
06-28 14:52:13.539   589   589 E SELinux : avc:  denied  { find } for pid=5676 uid=10236 name=tethering scontext=u:r:vendor_systemhelper_app:s0:c512,c768 tcontext=u:object_r:tethering_service:s0 tclass=service_manager permissive=0
06-28 14:52:13.677  3980  3980 I NotificationController: onNotificationPosted: mSmartTravelNotificationMap 0
06-28 14:52:13.678  7447  7701 V h       : flags=106
06-28 14:52:13.681  7447  7701 V h       : ret=0
06-28 14:52:13.685  2823  2823 D InterruptionStateProvider: No bubble up: not allowed to bubble: 0|com.happproxy|1|null|10769
06-28 14:52:13.687  2823  2823 D InterruptionStateProvider: No heads up: unimportant notification: 0|com.happproxy|1|null|10769
06-28 14:52:13.701  3980  3980 I NotificationController: onNotificationPosted: mSmartTravelNotificationMap 0
06-28 14:52:13.703  7447  7701 V h       : flags=106
06-28 14:52:13.704  7447  7701 V h       : ret=0
06-28 14:52:13.726  1050  1050 E ANDR-PERF-DATA-POOL: EventDataPool is Full
06-28 14:52:13.726  1050  1050 E ANDR-PERF-MPCTL: event data pool ran empty
06-28 14:52:13.732  2823  2823 D InterruptionStateProvider: No bubble up: not allowed to bubble: 0|com.happproxy|1|null|10769
06-28 14:52:13.735  3980  3980 I NotificationController: onNotificationPosted: mSmartTravelNotificationMap 0
06-28 14:52:13.737  7447  7701 V h       : flags=106
06-28 14:52:13.737  2823  2823 D InterruptionStateProvider: No heads up: unimportant notification: 0|com.happproxy|1|null|10769
06-28 14:52:13.737  7447  7701 V h       : ret=0
06-28 14:52:13.739   589   589 E SELinux : avc:  denied  { find } for pid=5676 uid=10236 name=tethering scontext=u:r:vendor_systemhelper_app:s0:c512,c768 tcontext=u:object_r:tethering_service:s0 tclass=service_manager permissive=0
06-28 14:52:13.764  7447  7701 V h       : flags=106
06-28 14:52:13.765  3980  3980 I NotificationController: onNotificationPosted: mSmartTravelNotificationMap 0
06-28 14:52:13.766  7447  7701 V h       : ret=0
06-28 14:52:13.780  2823  2823 D InterruptionStateProvider: No bubble up: not allowed to bubble: 0|com.happproxy|1|null|10769
06-28 14:52:13.781  2823  2823 D InterruptionStateProvider: No heads up: unimportant notification: 0|com.happproxy|1|null|10769
06-28 14:52:13.811  2823  2823 D InterruptionStateProvider: No bubble up: not allowed to bubble: 0|com.happproxy|1|null|10769
06-28 14:52:13.812  2823  2823 D InterruptionStateProvider: No heads up: unimportant notification: 0|com.happproxy|1|null|10769
06-28 14:52:13.941   589   589 E SELinux : avc:  denied  { find } for pid=5676 uid=10236 name=tethering scontext=u:r:vendor_systemhelper_app:s0:c512,c768 tcontext=u:object_r:tethering_service:s0 tclass=service_manager permissive=0
06-28 14:52:14.550   589   589 I chatty  : uid=1000(system) /system/bin/servicemanager identical 3 lines
06-28 14:52:14.751   589   589 E SELinux : avc:  denied  { find } for pid=5676 uid=10236 name=tethering scontext=u:r:vendor_systemhelper_app:s0:c512,c768 tcontext=u:object_r:tethering_service:s0 tclass=service_manager permissive=0
06-28 14:52:14.852  5502  5502 E IP6TABLES-RESTORE-LIB: line 5966 read
06-28 14:52:14.852  5502  5502 E XTABLES : Beginning to apply lock on /system/etc/xtables.lock
06-28 14:52:14.852  5502  5502 E XTABLES : /system/etc/xtables.lock locked
06-28 14:52:14.852  5502  5502 E IP6TABLES-RESTORE-LIB: line 5966, table 'filter'
06-28 14:52:14.853  5502  5502 E IP6TABLES-RESTORE-LIB: line 5967 read
06-28 14:52:14.853  5502  5502 E IP6TABLES-RESTORE-LIB: calling do_command(6, argv, &filter, handle):
06-28 14:52:14.853  5502  5502 E IP6TABLES-RESTORE-LIB: command: [/system/bin/iptables-restore,-t,filter,-nvx,-L,tetherctrl_counters,]
06-28 14:52:14.853  5502  5502 E IP6TABLES-RESTORE-LIB: line 5968 read
06-28 14:52:14.853  5502  5502 E IP6TABLES-RESTORE-LIB: Calling commit
06-28 14:52:14.853  5502  5502 E IP6TABLES-RESTORE-LIB: line 5969 read
06-28 14:52:14.854  5504  5504 E IP6TABLES-RESTORE-LIB: line 5970 read
06-28 14:52:14.854  5504  5504 E XTABLES : Beginning to apply lock on /system/etc/xtables.lock
06-28 14:52:14.854  5504  5504 E XTABLES : /system/etc/xtables.lock locked
06-28 14:52:14.854  5504  5504 E IP6TABLES-RESTORE-LIB: line 5970, table 'filter'
06-28 14:52:14.855  5504  5504 E IP6TABLES-RESTORE-LIB: line 5971 read
06-28 14:52:14.855  5504  5504 E IP6TABLES-RESTORE-LIB: calling do_command(6, argv, &filter, handle):
06-28 14:52:14.855  5504  5504 E IP6TABLES-RESTORE-LIB: command: [/system/bin/ip6tables-restore,-t,filter,-nvx,-L,tetherctrl_counters,]
06-28 14:52:14.855  5504  5504 E IP6TABLES-RESTORE-LIB: line 5972 read
06-28 14:52:14.855  5504  5504 E IP6TABLES-RESTORE-LIB: Calling commit
06-28 14:52:14.855  5504  5504 E IP6TABLES-RESTORE-LIB: line 5973 read
06-28 14:52:14.953   589   589 E SELinux : avc:  denied  { find } for pid=5676 uid=10236 name=tethering scontext=u:r:vendor_systemhelper_app:s0:c512,c768 tcontext=u:object_r:tethering_service:s0 tclass=service_manager permissive=0
06-28 14:52:15.156   589   589 E SELinux : avc:  denied  { find } for pid=5676 uid=10236 name=tethering scontext=u:r:vendor_systemhelper_app:s0:c512,c768 tcontext=u:object_r:tethering_service:s0 tclass=service_manager permissive=0
06-28 14:52:15.163  3192  3192 D DynamicService:  ACTION_BATTERY_CHANGED change,USB plug = 2
06-28 14:52:15.164  2823  2823 D BatteryController: onReceive: Intent = Intent { act=android.intent.action.BATTERY_CHANGED flg=0x60000010 (has extras) } action = android.intent.action.BATTERY_CHANGED
06-28 14:52:15.164  7447  7447 I PowerUtils: getSurfaceTemprature temp: 30
06-28 14:52:15.165  2823  2823 D KeyguardUpdateMonitor: received broadcast android.intent.action.BATTERY_CHANGED
06-28 14:52:15.169  8457  8821 D PowerKeeper.FrozenApp: onBatteryChanged plug=true mBatteryPlugged=2
06-28 14:52:15.169  8457  8844 D PowerCheckerService: onBatteryChanged, mBatteryLevel = 100, status = 5, level = 100, plug = 2, scale = 100
06-28 14:52:15.175  3169  3169 D DeviceStatisticsService: chargerType=2 batteryLevel=100 totalBatteryCapacity=327900000
06-28 14:52:15.175  7447  7447 I PowerSaveService: onReceive: android.intent.action.BATTERY_CHANGED
06-28 14:52:15.178  7447  7447 I PowerNoticeUI: handleBatteryChanged oldPlugType 2 mPlugType 2 oldBatteryLevel 100 mBatteryLevel 100 temperature 300
06-28 14:52:15.178  7447  7447 I ChargerBatteryIntelligenceReceiver: onBatteryChanged temperature：30,plugType:2
06-28 14:52:15.327  1553  1553 I CNSS    : cnss_open_log_file: directory /data/vendor/wlan_logs/ created
06-28 14:52:15.360   589   589 E SELinux : avc:  denied  { find } for pid=5676 uid=10236 name=tethering scontext=u:r:vendor_systemhelper_app:s0:c512,c768 tcontext=u:object_r:tethering_service:s0 tclass=service_manager permissive=0
06-28 14:52:15.564   589   589 I chatty  : uid=1000(system) /system/bin/servicemanager identical 1 line
06-28 14:52:15.766   589   589 E SELinux : avc:  denied  { find } for pid=5676 uid=10236 name=tethering scontext=u:r:vendor_systemhelper_app:s0:c512,c768 tcontext=u:object_r:tethering_service:s0 tclass=service_manager permissive=0
06-28 14:52:15.927  1050  1050 E ANDR-PERF-DATA-POOL: EventDataPool is Full
06-28 14:52:15.927  1050  1050 E ANDR-PERF-MPCTL: event data pool ran empty
06-28 14:52:15.968   589   589 E SELinux : avc:  denied  { find } for pid=5676 uid=10236 name=tethering scontext=u:r:vendor_systemhelper_app:s0:c512,c768 tcontext=u:object_r:tethering_service:s0 tclass=service_manager permissive=0
06-28 14:52:16.170   589   589 I chatty  : uid=1000(system) /system/bin/servicemanager identical 1 line
06-28 14:52:16.373   589   589 E SELinux : avc:  denied  { find } for pid=5676 uid=10236 name=tethering scontext=u:r:vendor_systemhelper_app:s0:c512,c768 tcontext=u:object_r:tethering_service:s0 tclass=service_manager permissive=0
06-28 14:52:16.458  1623  1913 D CompatibilityInfo: mCompatibilityFlags - 0
06-28 14:52:16.458  1623  1913 D CompatibilityInfo: applicationDensity - 440
06-28 14:52:16.458  1623  1913 D CompatibilityInfo: applicationScale - 1.0
06-28 14:52:16.536  1623  1913 D CompatibilityInfo: mCompatibilityFlags - 0
06-28 14:52:16.536  1623  1913 D CompatibilityInfo: applicationDensity - 440
06-28 14:52:16.536  1623  1913 D CompatibilityInfo: applicationScale - 1.0
06-28 14:52:16.575   589   589 E SELinux : avc:  denied  { find } for pid=5676 uid=10236 name=tethering scontext=u:r:vendor_systemhelper_app:s0:c512,c768 tcontext=u:object_r:tethering_service:s0 tclass=service_manager permissive=0
06-28 14:52:16.671  3980  3980 I NotificationController: onNotificationPosted: mSmartTravelNotificationMap 0
06-28 14:52:16.672  7447  7701 V h       : flags=106
06-28 14:52:16.673  7447  7701 V h       : ret=0
06-28 14:52:16.676  2823  2823 D InterruptionStateProvider: No bubble up: not allowed to bubble: 0|com.happproxy|1|null|10769
06-28 14:52:16.677  2823  2823 D InterruptionStateProvider: No heads up: unimportant notification: 0|com.happproxy|1|null|10769
06-28 14:52:16.699  7447  7701 V h       : flags=106
06-28 14:52:16.699  3980  3980 I NotificationController: onNotificationPosted: mSmartTravelNotificationMap 0
06-28 14:52:16.700  7447  7701 V h       : ret=0
06-28 14:52:16.719  1050  1050 E ANDR-PERF-DATA-POOL: EventDataPool is Full
06-28 14:52:16.719  1050  1050 E ANDR-PERF-MPCTL: event data pool ran empty
06-28 14:52:16.722  2823  2823 D InterruptionStateProvider: No bubble up: not allowed to bubble: 0|com.happproxy|1|null|10769
06-28 14:52:16.723  2823  2823 D InterruptionStateProvider: No heads up: unimportant notification: 0|com.happproxy|1|null|10769
06-28 14:52:16.744  3980  3980 I NotificationController: onNotificationPosted: mSmartTravelNotificationMap 0
06-28 14:52:16.746  7447  7701 V h       : flags=106
06-28 14:52:16.747  7447  7701 V h       : ret=0
06-28 14:52:16.756  2823  2823 D InterruptionStateProvider: No bubble up: not allowed to bubble: 0|com.happproxy|1|null|10769
06-28 14:52:16.756  2823  2823 D InterruptionStateProvider: No heads up: unimportant notification: 0|com.happproxy|1|null|10769
06-28 14:52:16.768  3980  3980 I NotificationController: onNotificationPosted: mSmartTravelNotificationMap 0
06-28 14:52:16.768  7447  7701 V h       : flags=106
06-28 14:52:16.769  7447  7701 V h       : ret=0
06-28 14:52:16.775   589   589 E SELinux : avc:  denied  { find } for pid=5676 uid=10236 name=tethering scontext=u:r:vendor_systemhelper_app:s0:c512,c768 tcontext=u:object_r:tethering_service:s0 tclass=service_manager permissive=0
06-28 14:52:16.780  2823  2823 D InterruptionStateProvider: No bubble up: not allowed to bubble: 0|com.happproxy|1|null|10769
06-28 14:52:16.780  2823  2823 D InterruptionStateProvider: No heads up: unimportant notification: 0|com.happproxy|1|null|10769
06-28 14:52:16.979   589   589 E SELinux : avc:  denied  { find } for pid=5676 uid=10236 name=tethering scontext=u:r:vendor_systemhelper_app:s0:c512,c768 tcontext=u:object_r:tethering_service:s0 tclass=service_manager permissive=0
06-28 14:52:19.004   589   589 I chatty  : uid=1000(system) /system/bin/servicemanager identical 10 lines
06-28 14:52:19.207   589   589 E SELinux : avc:  denied  { find } for pid=5676 uid=10236 name=tethering scontext=u:r:vendor_systemhelper_app:s0:c512,c768 tcontext=u:object_r:tethering_service:s0 tclass=service_manager permissive=0
06-28 14:52:19.281  1050  4650 E ANDR-PERF-DATA-POOL: EventDataPool is Full
06-28 14:52:19.281  1050  4650 E ANDR-PERF-MPCTL: event data pool ran empty
06-28 14:52:19.410   589   589 E SELinux : avc:  denied  { find } for pid=5676 uid=10236 name=tethering scontext=u:r:vendor_systemhelper_app:s0:c512,c768 tcontext=u:object_r:tethering_service:s0 tclass=service_manager permissive=0
06-28 14:52:19.467  1623  1913 D CompatibilityInfo: mCompatibilityFlags - 0
06-28 14:52:19.467  1623  1913 D CompatibilityInfo: applicationDensity - 440
06-28 14:52:19.467  1623  1913 D CompatibilityInfo: applicationScale - 1.0
06-28 14:52:19.524  1623  1913 D CompatibilityInfo: mCompatibilityFlags - 0
06-28 14:52:19.524  1623  1913 D CompatibilityInfo: applicationDensity - 440
06-28 14:52:19.524  1623  1913 D CompatibilityInfo: applicationScale - 1.0
06-28 14:52:19.612   589   589 E SELinux : avc:  denied  { find } for pid=5676 uid=10236 name=tethering scontext=u:r:vendor_systemhelper_app:s0:c512,c768 tcontext=u:object_r:tethering_service:s0 tclass=service_manager permissive=0
06-28 14:52:19.679  3980  3980 I NotificationController: onNotificationPosted: mSmartTravelNotificationMap 0
06-28 14:52:19.682  7447  7701 V h       : flags=106
06-28 14:52:19.683  7447  7701 V h       : ret=0
06-28 14:52:19.688  2823  2823 D InterruptionStateProvider: No bubble up: not allowed to bubble: 0|com.happproxy|1|null|10769
06-28 14:52:19.689  2823  2823 D InterruptionStateProvider: No heads up: unimportant notification: 0|com.happproxy|1|null|10769
06-28 14:52:19.697  3980  3980 I NotificationController: onNotificationPosted: mSmartTravelNotificationMap 0
06-28 14:52:19.698  7447  7701 V h       : flags=106
06-28 14:52:19.699  7447  7701 V h       : ret=0
06-28 14:52:19.724  1050  1050 E ANDR-PERF-DATA-POOL: EventDataPool is Full
06-28 14:52:19.724  1050  1050 E ANDR-PERF-MPCTL: event data pool ran empty
06-28 14:52:19.727  2823  2823 D InterruptionStateProvider: No bubble up: not allowed to bubble: 0|com.happproxy|1|null|10769
06-28 14:52:19.728  2823  2823 D InterruptionStateProvider: No heads up: unimportant notification: 0|com.happproxy|1|null|10769
06-28 14:52:19.730  3980  3980 I NotificationController: onNotificationPosted: mSmartTravelNotificationMap 0
06-28 14:52:19.732  7447  7701 V h       : flags=106
06-28 14:52:19.733  7447  7701 V h       : ret=0
06-28 14:52:19.752  7447  7701 V h       : flags=106
06-28 14:52:19.753  7447  7701 V h       : ret=0
06-28 14:52:19.755  3980  3980 I NotificationController: onNotificationPosted: mSmartTravelNotificationMap 0
06-28 14:52:19.761  2823  2823 D InterruptionStateProvider: No bubble up: not allowed to bubble: 0|com.happproxy|1|null|10769
06-28 14:52:19.762  2823  2823 D InterruptionStateProvider: No heads up: unimportant notification: 0|com.happproxy|1|null|10769
06-28 14:52:19.787  2823  2823 D InterruptionStateProvider: No bubble up: not allowed to bubble: 0|com.happproxy|1|null|10769
06-28 14:52:19.788  2823  2823 D InterruptionStateProvider: No heads up: unimportant notification: 0|com.happproxy|1|null|10769
06-28 14:52:19.813   589   589 E SELinux : avc:  denied  { find } for pid=5676 uid=10236 name=tethering scontext=u:r:vendor_systemhelper_app:s0:c512,c768 tcontext=u:object_r:tethering_service:s0 tclass=service_manager permissive=0
06-28 14:52:21.232   589   589 I chatty  : uid=1000(system) /system/bin/servicemanager identical 7 lines
06-28 14:52:21.436   589   589 E SELinux : avc:  denied  { find } for pid=5676 uid=10236 name=tethering scontext=u:r:vendor_systemhelper_app:s0:c512,c768 tcontext=u:object_r:tethering_service:s0 tclass=service_manager permissive=0
06-28 14:52:21.521 30262 30544 D MiuiFastConnectService: stopBleScan: scanning: true
06-28 14:52:21.525 30262 30544 D BluetoothAdapter: isLeEnabled(): ON
06-28 14:52:21.525 30372 30505 D BtGatt.GattService: stopScan() - queue size =1
06-28 14:52:21.529 30372 30421 I BtGatt.ScanManager: msg.what = 1
06-28 14:52:21.530 30372 30421 D BtGatt.ScanManager: stop scan
06-28 14:52:21.530 30372 30505 D BtGatt.GattService: unregisterScanner() - scannerId=6
06-28 14:52:21.531 30372 30433 V bt_stack: [VERBOSE1:gatt_api.cc(1002)] GATT_Deregister gatt_if=6
06-28 14:52:21.531 30372 30433 V bt_stack: [VERBOSE1:connection_manager.cc(161)] on_app_deregistered : app_id 0x06
06-28 14:52:21.531   989   989 D vendor.qti.bluetooth@1.0-ibs_handler: SerialClockVote: vote for UART CLK ON
06-28 14:52:21.533   989   989 D vendor.qti.bluetooth@1.0-wake_lock: Acquire wakelock is acquired 
06-28 14:52:21.533   989   989 I vendor.qti.bluetooth@1.0-ibs_handler: DeviceWakeUp: Writing IBS_WAKE_IND
06-28 14:52:21.542   989 30430 I vendor.qti.bluetooth@1.0-ibs_handler: ProcessIbsCmd: Received IBS_WAKE_ACK: 0xFC
06-28 14:52:21.542   989 30430 I vendor.qti.bluetooth@1.0-ibs_handler: ProcessIbsCmd: Signal wack_cond_
06-28 14:52:21.542   989   989 D vendor.qti.bluetooth@1.0-ibs_handler: DeviceWakeUp: Unblocked from waiting for FC
06-28 14:52:21.543   989 30430 I vendor.qti.bluetooth@1.0-ibs_handler: ProcessIbsCmd: Received IBS_WAKE_IND: 0xFD
06-28 14:52:21.543   989 30430 I vendor.qti.bluetooth@1.0-ibs_handler: ProcessIbsCmd: Writing IBS_WAKE_ACK
06-28 14:52:21.545 30372 30406 D BtGatt.GattService: onScanFilterParamsConfigured() - clientIf=6, status=0, action=1, availableSpace=59
06-28 14:52:21.545 30372 30406 D BtGatt.ScanManager: callback done for scannerId - 6 status - 0
06-28 14:52:21.550 30372 30406 D BtGatt.GattService: onScanFilterParamsConfigured() - clientIf=6, status=0, action=1, availableSpace=60
06-28 14:52:21.550 30372 30406 D BtGatt.ScanManager: callback done for scannerId - 6 status - 0
06-28 14:52:21.552 30372 30406 D BtGatt.GattService: onScanFilterParamsConfigured() - clientIf=6, status=0, action=1, availableSpace=61
06-28 14:52:21.552 30372 30406 D BtGatt.ScanManager: callback done for scannerId - 6 status - 0
06-28 14:52:21.554 30372 30406 D BtGatt.GattService: onScanFilterParamsConfigured() - clientIf=6, status=0, action=1, availableSpace=62
06-28 14:52:21.554 30372 30406 D BtGatt.ScanManager: callback done for scannerId - 6 status - 0
06-28 14:52:21.556 30372 30406 D BtGatt.GattService: onScanFilterParamsConfigured() - clientIf=6, status=0, action=1, availableSpace=63
06-28 14:52:21.556 30372 30406 D BtGatt.ScanManager: callback done for scannerId - 6 status - 0
06-28 14:52:21.558 30372 30406 D BtGatt.GattService: onScanFilterParamsConfigured() - clientIf=6, status=0, action=1, availableSpace=64
06-28 14:52:21.559 30372 30406 D BtGatt.ScanManager: callback done for scannerId - 6 status - 0
06-28 14:52:21.559 30372 30421 D BtGatt.ScanManager: configureRegularScanParams() - queue=0
06-28 14:52:21.559 30372 30421 D BtGatt.ScanManager: configureRegularScanParams() - ScanSetting LE 1M Scan mode=-2147483648ScanSetting LE Coded Scan mode=-2147483648 mLastConfiguredScanSettingLE1M=0 mLastConfiguredScanSettingLECoded=0scanPhy=1
06-28 14:52:21.559 30372 30421 D BtGatt.ScanManager: configureRegularScanParams() - queue emtpy, scan stopped
06-28 14:52:21.559 30372 30421 D BtGatt.ScanManager: configureRegularScanParams() - queue emtpy, scan stopped
06-28 14:52:21.562 30262 30544 D MiuiFastConnectService: handleMessage: MSG_START_BLE_SCAN
06-28 14:52:21.563 30262 30544 D BluetoothAdapter: isLeEnabled(): ON
06-28 14:52:21.565 30372 30505 D BtGatt.GattService: registerScanner() - UUID=a21faba5-1cfb-4579-aaad-6439ea412481
06-28 14:52:21.567 30372 30433 V bt_stack: [VERBOSE1:bta_gattc_act.cc(201)] bta_gattc_register: state:2
06-28 14:52:21.567 30372 30433 I bt_stack: [INFO:gatt_api.cc(959)] GATT_Register 67e78aab-4f9d-1338-60db-7f09c0fc2c7e
06-28 14:52:21.567 30372 30433 I bt_stack: [INFO:gatt_api.cc(979)] allocated gatt_if=6
06-28 14:52:21.568 30372 30433 V bt_stack: [VERBOSE1:gatt_api.cc(1089)] GATT_StartIf gatt_if=6
06-28 14:52:21.568 30372 30433 V bt_stack: [VERBOSE1:gatt_utils.cc(254)] gatt_find_the_connected_bda start_idx=0
06-28 14:52:21.568 30372 30406 D BtGatt.GattService: onScannerRegistered() - UUID=a21faba5-1cfb-4579-aaad-6439ea412481, scannerId=6, status=0
06-28 14:52:21.568 30372 30433 V bt_stack: [VERBOSE1:gatt_utils.cc(266)]  found=0 found_idx=10
06-28 14:52:21.568 30262 30281 D BluetoothLeScanner: onScannerRegistered() - status=0 scannerId=6 mScannerId=0
06-28 14:52:21.573 30372 30505 D BtGatt.GattService: start scan with filters. callingPackage: com.xiaomi.bluetooth
06-28 14:52:21.578 30372 30505 E BtGatt.GattService:  [Landroid.content.pm.ServiceInfo;@58573d3
06-28 14:52:21.588 30372 30421 I BtGatt.ScanManager: msg.what = 0
06-28 14:52:21.588 30372 30421 D BtGatt.ScanManager: handling starting scan
06-28 14:52:21.589 30372 30421 D BtGatt.ScanManager: isAptXLowLatencyModeEnabled: false
06-28 14:52:21.592 30372 30406 D BtGatt.GattService: onScanFilterEnableDisabled() - clientIf=6, status=0, action=1
06-28 14:52:21.592 30372 30406 D BtGatt.ScanManager: callback done for scannerId - 6 status - 0
06-28 14:52:21.592 30372 30421 D BtGatt.ScanManager: Available Filter size: 61
06-28 14:52:21.593 30372 30406 D BtGatt.GattService: onScanFilterConfig() - clientIf=6, action = 0 status = 0, filterType=0, availableSpace=0
06-28 14:52:21.593 30372 30406 D BtGatt.ScanManager: callback done for scannerId - 6 status - 0
06-28 14:52:21.593 30372 30421 D BtGatt.ScanManager: configureFilterParamter 500 10000 1 0, deliveryMode=0
06-28 14:52:21.596 30372 30406 D BtGatt.GattService: onScanFilterParamsConfigured() - clientIf=6, status=0, action=0, availableSpace=63
06-28 14:52:21.596 30372 30406 D BtGatt.ScanManager: callback done for scannerId - 6 status - 0
06-28 14:52:21.596 30372 30406 D BtGatt.GattService: onScanFilterConfig() - clientIf=6, action = 0 status = 0, filterType=0, availableSpace=0
06-28 14:52:21.597 30372 30406 D BtGatt.ScanManager: callback done for scannerId - 6 status - 0
06-28 14:52:21.597 30372 30421 D BtGatt.ScanManager: configureFilterParamter 500 10000 1 0, deliveryMode=0
06-28 14:52:21.600 30372 30406 D BtGatt.GattService: onScanFilterParamsConfigured() - clientIf=6, status=0, action=0, availableSpace=62
06-28 14:52:21.600 30372 30406 D BtGatt.ScanManager: callback done for scannerId - 6 status - 0
06-28 14:52:21.601 30372 30406 D BtGatt.GattService: onScanFilterConfig() - clientIf=6, action = 0 status = 0, filterType=0, availableSpace=0
06-28 14:52:21.601 30372 30406 D BtGatt.ScanManager: callback done for scannerId - 6 status - 0
06-28 14:52:21.601 30372 30421 D BtGatt.ScanManager: configureFilterParamter 500 10000 1 0, deliveryMode=0
06-28 14:52:21.604 30372 30406 D BtGatt.GattService: onScanFilterParamsConfigured() - clientIf=6, status=0, action=0, availableSpace=61
06-28 14:52:21.604 30372 30406 D BtGatt.ScanManager: callback done for scannerId - 6 status - 0
06-28 14:52:21.605 30372 30406 D BtGatt.GattService: onScanFilterConfig() - clientIf=6, action = 0 status = 0, filterType=0, availableSpace=0
06-28 14:52:21.605 30372 30406 D BtGatt.ScanManager: callback done for scannerId - 6 status - 0
06-28 14:52:21.605 30372 30421 D BtGatt.ScanManager: configureFilterParamter 500 10000 1 0, deliveryMode=0
06-28 14:52:21.608 30372 30406 D BtGatt.GattService: onScanFilterParamsConfigured() - clientIf=6, status=0, action=0, availableSpace=60
06-28 14:52:21.608 30372 30406 D BtGatt.ScanManager: callback done for scannerId - 6 status - 0
06-28 14:52:21.609 30372 30406 D BtGatt.GattService: onScanFilterConfig() - clientIf=6, action = 0 status = 0, filterType=0, availableSpace=0
06-28 14:52:21.609 30372 30406 D BtGatt.ScanManager: callback done for scannerId - 6 status - 0
06-28 14:52:21.609 30372 30421 D BtGatt.ScanManager: configureFilterParamter 500 10000 1 0, deliveryMode=0
06-28 14:52:21.612 30372 30406 D BtGatt.GattService: onScanFilterParamsConfigured() - clientIf=6, status=0, action=0, availableSpace=59
06-28 14:52:21.612 30372 30406 D BtGatt.ScanManager: callback done for scannerId - 6 status - 0
06-28 14:52:21.612 30372 30406 D BtGatt.GattService: onScanFilterConfig() - clientIf=6, action = 0 status = 0, filterType=0, availableSpace=0
