06-28 14:50:29.189  2823  2823 D BatteryController: onReceive: Intent = Intent { act=android.intent.action.BATTERY_CHANGED flg=0x60000010 (has extras) } action = android.intent.action.BATTERY_CHANGED
06-28 14:50:29.190  2823  2823 D KeyguardUpdateMonitor: received broadcast android.intent.action.BATTERY_CHANGED
06-28 14:50:29.190  3192  3192 D DynamicService:  ACTION_BATTERY_CHANGED change,USB plug = 2
06-28 14:50:29.191  7447  7447 I PowerUtils: getSurfaceTemprature temp: 30
06-28 14:50:29.192  7447  7447 I PowerSaveService: onReceive: android.intent.action.BATTERY_CHANGED
06-28 14:50:29.193  8457  8844 D PowerCheckerService: onBatteryChanged, mBatteryLevel = 100, status = 2, level = 100, plug = 2, scale = 100
06-28 14:50:29.197  7447  7447 I PowerNoticeUI: handleBatteryChanged oldPlugType 2 mPlugType 2 oldBatteryLevel 100 mBatteryLevel 100 temperature 300
06-28 14:50:29.197  7447  7447 I ChargerBatteryIntelligenceReceiver: onBatteryChanged temperature：30,plugType:2
06-28 14:50:29.199  8457  8821 D PowerKeeper.FrozenApp: onBatteryChanged plug=true mBatteryPlugged=2
06-28 14:50:29.227  3169  3169 D DeviceStatisticsService: chargerType=2 batteryLevel=100 totalBatteryCapacity=327900000
06-28 14:50:29.356   589   589 E SELinux : avc:  denied  { find } for pid=5676 uid=10236 name=tethering scontext=u:r:vendor_systemhelper_app:s0:c512,c768 tcontext=u:object_r:tethering_service:s0 tclass=service_manager permissive=0
06-28 14:50:30.976   589   589 I chatty  : uid=1000(system) /system/bin/servicemanager identical 8 lines
06-28 14:50:31.179   589   589 E SELinux : avc:  denied  { find } for pid=5676 uid=10236 name=tethering scontext=u:r:vendor_systemhelper_app:s0:c512,c768 tcontext=u:object_r:tethering_service:s0 tclass=service_manager permissive=0
06-28 14:50:31.340  1623  1913 D CompatibilityInfo: mCompatibilityFlags - 0
06-28 14:50:31.340  1623  1913 D CompatibilityInfo: applicationDensity - 440
06-28 14:50:31.340  1623  1913 D CompatibilityInfo: applicationScale - 1.0
06-28 14:50:31.381   589   589 E SELinux : avc:  denied  { find } for pid=5676 uid=10236 name=tethering scontext=u:r:vendor_systemhelper_app:s0:c512,c768 tcontext=u:object_r:tethering_service:s0 tclass=service_manager permissive=0
06-28 14:50:31.395  8880  8900 I roxy:XRayDaemo: Background concurrent copying GC freed 70926(2578KB) AllocSpace objects, 5(1040KB) LOS objects, 49% free, 3673KB/7346KB, paused 144us total 101.595ms
06-28 14:50:31.400  1623  1913 D CompatibilityInfo: mCompatibilityFlags - 0
06-28 14:50:31.400  1623  1913 D CompatibilityInfo: applicationDensity - 440
06-28 14:50:31.400  1623  1913 D CompatibilityInfo: applicationScale - 1.0
06-28 14:50:31.549  3980  3980 I NotificationController: onNotificationPosted: mSmartTravelNotificationMap 0
06-28 14:50:31.552  7447  7701 V h       : flags=106
06-28 14:50:31.553  7447  7701 V h       : ret=0
06-28 14:50:31.557  2823  2823 D InterruptionStateProvider: No bubble up: not allowed to bubble: 0|com.happproxy|1|null|10769
06-28 14:50:31.558  2823  2823 D InterruptionStateProvider: No heads up: unimportant notification: 0|com.happproxy|1|null|10769
06-28 14:50:31.580  3980  3980 I NotificationController: onNotificationPosted: mSmartTravelNotificationMap 0
06-28 14:50:31.580  7447  7701 V h       : flags=106
06-28 14:50:31.581  7447  7701 V h       : ret=0
06-28 14:50:31.582   589   589 E SELinux : avc:  denied  { find } for pid=5676 uid=10236 name=tethering scontext=u:r:vendor_systemhelper_app:s0:c512,c768 tcontext=u:object_r:tethering_service:s0 tclass=service_manager permissive=0
06-28 14:50:31.590  1050  1050 E ANDR-PERF-DATA-POOL: EventDataPool is Full
06-28 14:50:31.590  2823  2823 D InterruptionStateProvider: No bubble up: not allowed to bubble: 0|com.happproxy|1|null|10769
06-28 14:50:31.590  1050  1050 E ANDR-PERF-MPCTL: event data pool ran empty
06-28 14:50:31.591  2823  2823 D InterruptionStateProvider: No heads up: unimportant notification: 0|com.happproxy|1|null|10769
06-28 14:50:31.612  7447  7701 V h       : flags=106
06-28 14:50:31.612  3980  3980 I NotificationController: onNotificationPosted: mSmartTravelNotificationMap 0
06-28 14:50:31.613  7447  7701 V h       : ret=0
06-28 14:50:31.615  3980  3980 I NotificationController: onNotificationPosted: mSmartTravelNotificationMap 0
06-28 14:50:31.616  7447  7701 V h       : flags=106
06-28 14:50:31.616  7447  7701 V h       : ret=0
06-28 14:50:31.619  2823  2823 D InterruptionStateProvider: No bubble up: not allowed to bubble: 0|com.happproxy|1|null|10769
06-28 14:50:31.619  2823  2823 D InterruptionStateProvider: No heads up: unimportant notification: 0|com.happproxy|1|null|10769
06-28 14:50:31.646  2823  2823 D InterruptionStateProvider: No bubble up: not allowed to bubble: 0|com.happproxy|1|null|10769
06-28 14:50:31.647  2823  2823 D InterruptionStateProvider: No heads up: unimportant notification: 0|com.happproxy|1|null|10769
06-28 14:50:31.783   589   589 E SELinux : avc:  denied  { find } for pid=5676 uid=10236 name=tethering scontext=u:r:vendor_systemhelper_app:s0:c512,c768 tcontext=u:object_r:tethering_service:s0 tclass=service_manager permissive=0
06-28 14:50:31.987   589   589 I chatty  : uid=1000(system) /system/bin/servicemanager identical 1 line
06-28 14:50:32.191   589   589 E SELinux : avc:  denied  { find } for pid=5676 uid=10236 name=tethering scontext=u:r:vendor_systemhelper_app:s0:c512,c768 tcontext=u:object_r:tethering_service:s0 tclass=service_manager permissive=0
06-28 14:50:32.244  1623  5885 D CompatibilityInfo: mCompatibilityFlags - 0
06-28 14:50:32.244  1623  5885 D CompatibilityInfo: applicationDensity - 440
06-28 14:50:32.244  1623  5885 D CompatibilityInfo: applicationScale - 1.0
06-28 14:50:32.247  1623  2500 I MiuiNetworkPolicy: updateUidState uid = 10289, uidState = 8
06-28 14:50:32.281  1623  2500 I MiuiNetworkPolicy: updateUidState uid = 10289, uidState = 10
06-28 14:50:32.284  1623  2500 I MiuiNetworkPolicy: updateUidState uid = 10289, uidState = 19
06-28 14:50:32.393   589   589 E SELinux : avc:  denied  { find } for pid=5676 uid=10236 name=tethering scontext=u:r:vendor_systemhelper_app:s0:c512,c768 tcontext=u:object_r:tethering_service:s0 tclass=service_manager permissive=0
06-28 14:50:32.469  1623  2500 D MiuiNetworkPolicy: updateLimit mLimitEnabled=true,enabled=false,mNetworkPriorityMode=2
06-28 14:50:32.470  5502  5502 E IP6TABLES-RESTORE-LIB: line 5910 read
06-28 14:50:32.471  5502  5502 E XTABLES : Beginning to apply lock on /system/etc/xtables.lock
06-28 14:50:32.471  5502  5502 E XTABLES : /system/etc/xtables.lock locked
06-28 14:50:32.471  5502  5502 E IP6TABLES-RESTORE-LIB: line 5910, table 'filter'
06-28 14:50:32.472  5502  5502 E IP6TABLES-RESTORE-LIB: line 5911 read
06-28 14:50:32.472  5502  5502 E IP6TABLES-RESTORE-LIB: calling do_command(7, argv, &filter, handle):
06-28 14:50:32.472  5502  5502 E IP6TABLES-RESTORE-LIB: command: [/system/bin/iptables-restore,-t,filter,-D,tc_limiter,-j,DROP,]
06-28 14:50:32.472  5502  5502 E IP6TABLES-RESTORE-LIB: line 5912 read
06-28 14:50:32.472  5502  5502 E IP6TABLES-RESTORE-LIB: Calling commit
06-28 14:50:32.473  5502  5502 E IP6TABLES-RESTORE-LIB: line 5913 read
06-28 14:50:32.474  5504  5504 E IP6TABLES-RESTORE-LIB: line 5914 read
06-28 14:50:32.474  5504  5504 E XTABLES : Beginning to apply lock on /system/etc/xtables.lock
06-28 14:50:32.474  5504  5504 E XTABLES : /system/etc/xtables.lock locked
06-28 14:50:32.474  5504  5504 E IP6TABLES-RESTORE-LIB: line 5914, table 'filter'
06-28 14:50:32.475  5504  5504 E IP6TABLES-RESTORE-LIB: line 5915 read
06-28 14:50:32.475  5504  5504 E IP6TABLES-RESTORE-LIB: calling do_command(10, argv, &filter, handle):
06-28 14:50:32.475  5504  5504 E IP6TABLES-RESTORE-LIB: command: [/system/bin/ip6tables-restore,-t,filter,-D,tc_limiter,!,-p,icmpv6,-j,DROP,]
06-28 14:50:32.475  5504  5504 E IP6TABLES-RESTORE-LIB: line 5916 read
06-28 14:50:32.475  5504  5504 E IP6TABLES-RESTORE-LIB: Calling commit
06-28 14:50:32.476  5504  5504 E IP6TABLES-RESTORE-LIB: line 5917 read
06-28 14:50:32.595   589   589 E SELinux : avc:  denied  { find } for pid=5676 uid=10236 name=tethering scontext=u:r:vendor_systemhelper_app:s0:c512,c768 tcontext=u:object_r:tethering_service:s0 tclass=service_manager permissive=0
06-28 14:50:34.015   589   589 I chatty  : uid=1000(system) /system/bin/servicemanager identical 7 lines
06-28 14:50:34.217   589   589 E SELinux : avc:  denied  { find } for pid=5676 uid=10236 name=tethering scontext=u:r:vendor_systemhelper_app:s0:c512,c768 tcontext=u:object_r:tethering_service:s0 tclass=service_manager permissive=0
06-28 14:50:34.321  1623  1913 D CompatibilityInfo: mCompatibilityFlags - 0
06-28 14:50:34.321  1623  1913 D CompatibilityInfo: applicationDensity - 440
06-28 14:50:34.321  1623  1913 D CompatibilityInfo: applicationScale - 1.0
06-28 14:50:34.418   589   589 E SELinux : avc:  denied  { find } for pid=5676 uid=10236 name=tethering scontext=u:r:vendor_systemhelper_app:s0:c512,c768 tcontext=u:object_r:tethering_service:s0 tclass=service_manager permissive=0
06-28 14:50:34.422  1623  1913 D CompatibilityInfo: mCompatibilityFlags - 0
06-28 14:50:34.422  1623  1913 D CompatibilityInfo: applicationDensity - 440
06-28 14:50:34.422  1623  1913 D CompatibilityInfo: applicationScale - 1.0
06-28 14:50:34.529  3980  3980 I NotificationController: onNotificationPosted: mSmartTravelNotificationMap 0
06-28 14:50:34.530  7447  7701 V h       : flags=106
06-28 14:50:34.531  7447  7701 V h       : ret=0
06-28 14:50:34.535  2823  2823 D InterruptionStateProvider: No bubble up: not allowed to bubble: 0|com.happproxy|1|null|10769
06-28 14:50:34.537  2823  2823 D InterruptionStateProvider: No heads up: unimportant notification: 0|com.happproxy|1|null|10769
06-28 14:50:34.550  3980  3980 I NotificationController: onNotificationPosted: mSmartTravelNotificationMap 0
06-28 14:50:34.550  7447  7701 V h       : flags=106
06-28 14:50:34.551  7447  7701 V h       : ret=0
06-28 14:50:34.574  1050  1050 E ANDR-PERF-DATA-POOL: EventDataPool is Full
06-28 14:50:34.574  1050  1050 E ANDR-PERF-MPCTL: event data pool ran empty
06-28 14:50:34.580  2823  2823 D InterruptionStateProvider: No bubble up: not allowed to bubble: 0|com.happproxy|1|null|10769
06-28 14:50:34.581  2823  2823 D InterruptionStateProvider: No heads up: unimportant notification: 0|com.happproxy|1|null|10769
06-28 14:50:34.619   589   589 E SELinux : avc:  denied  { find } for pid=5676 uid=10236 name=tethering scontext=u:r:vendor_systemhelper_app:s0:c512,c768 tcontext=u:object_r:tethering_service:s0 tclass=service_manager permissive=0
06-28 14:50:34.615 27689 27689 W ThreadPoolForeg: type=1400 audit(0.0:2580670): avc: denied { write } for name="traced_producer" dev="tmpfs" ino=17161 scontext=u:r:gmscore_app:s0:c512,c768 tcontext=u:object_r:traced_producer_socket:s0 tclass=sock_file permissive=0 app=com.google.android.gms
06-28 14:50:34.626  3980  3980 I NotificationController: onNotificationPosted: mSmartTravelNotificationMap 0
06-28 14:50:34.628  7447  7701 V h       : flags=106
06-28 14:50:34.628  7447  7701 V h       : ret=0
06-28 14:50:34.657  2823  2823 D InterruptionStateProvider: No bubble up: not allowed to bubble: 0|com.happproxy|1|null|10769
06-28 14:50:34.658  7447  7701 V h       : flags=106
06-28 14:50:34.658  3980  3980 I NotificationController: onNotificationPosted: mSmartTravelNotificationMap 0
06-28 14:50:34.659  7447  7701 V h       : ret=0
06-28 14:50:34.659  2823  2823 D InterruptionStateProvider: No heads up: unimportant notification: 0|com.happproxy|1|null|10769
06-28 14:50:34.685 31966 31966 W PushService: [Tid:2] onStart() with intent.Action = com.xiaomi.push.timer, chid = null, pkg = null|null
06-28 14:50:34.685 31966 32007 W PushService: [Tid:1408] [Job] Handle intent action = com.xiaomi.push.timer
06-28 14:50:34.685 31966 32007 W PushService: [Tid:1408] [Alarm] Service called on timer
06-28 14:50:34.686 31966 32007 W PushService: [Tid:1408] [Alarm] register alarm. (false)
06-28 14:50:34.686 31966 32007 W PushService: [Tid:1408] [HB] ping interval:600000
06-28 14:50:34.690 31966 32007 W PushService: [Tid:1408] [Slim] SND ping id=0
06-28 14:50:34.691  1050  1050 E ANDR-PERF-DATA-POOL: EventDataPool is Full
06-28 14:50:34.691  1050  1050 E ANDR-PERF-MPCTL: event data pool ran empty
06-28 14:50:34.691 31966 32004 W PushService: [Tid:1405] [Alarm] heartbeat alarm finish in 8
06-28 14:50:34.692  2823  2823 D InterruptionStateProvider: No bubble up: not allowed to bubble: 0|com.happproxy|1|null|10769
06-28 14:50:34.693  2823  2823 D InterruptionStateProvider: No heads up: unimportant notification: 0|com.happproxy|1|null|10769
06-28 14:50:34.700 31966  6021 W PushService: [Tid:5798] [Slim] RCV ping id=0
06-28 14:50:34.792  3192  3192 D DynamicService:  ACTION_BATTERY_CHANGED change,USB plug = 2
06-28 14:50:34.793  7447  7447 I PowerUtils: getSurfaceTemprature temp: 30
06-28 14:50:34.794  7447  7447 I PowerSaveService: onReceive: android.intent.action.BATTERY_CHANGED
06-28 14:50:34.794  7447  7447 I PowerNoticeUI: handleBatteryChanged oldPlugType 2 mPlugType 2 oldBatteryLevel 100 mBatteryLevel 100 temperature 300
06-28 14:50:34.794  7447  7447 I ChargerBatteryIntelligenceReceiver: onBatteryChanged temperature：30,plugType:2
06-28 14:50:34.797  8457  8844 D PowerCheckerService: onBatteryChanged, mBatteryLevel = 100, status = 2, level = 100, plug = 2, scale = 100
06-28 14:50:34.798  8457  8821 D PowerKeeper.FrozenApp: onBatteryChanged plug=true mBatteryPlugged=2
06-28 14:50:34.792  2823  2823 D BatteryController: onReceive: Intent = Intent { act=android.intent.action.BATTERY_CHANGED flg=0x60000010 (has extras) } action = android.intent.action.BATTERY_CHANGED
06-28 14:50:34.800  2823  2823 D KeyguardUpdateMonitor: received broadcast android.intent.action.BATTERY_CHANGED
06-28 14:50:34.812  3169  3169 D DeviceStatisticsService: chargerType=2 batteryLevel=100 totalBatteryCapacity=327900000
06-28 14:50:34.820   589   589 E SELinux : avc:  denied  { find } for pid=5676 uid=10236 name=tethering scontext=u:r:vendor_systemhelper_app:s0:c512,c768 tcontext=u:object_r:tethering_service:s0 tclass=service_manager permissive=0
06-28 14:50:34.862  2823  2842 I ndroid.systemu: Background concurrent copying GC freed 334251(13MB) AllocSpace objects, 0(0B) LOS objects, 49% free, 12MB/25MB, paused 80us total 118.514ms
06-28 14:50:35.022   589   589 E SELinux : avc:  denied  { find } for pid=5676 uid=10236 name=tethering scontext=u:r:vendor_systemhelper_app:s0:c512,c768 tcontext=u:object_r:tethering_service:s0 tclass=service_manager permissive=0
06-28 14:50:35.226   589   589 I chatty  : uid=1000(system) /system/bin/servicemanager identical 1 line
06-28 14:50:35.429   589   589 E SELinux : avc:  denied  { find } for pid=5676 uid=10236 name=tethering scontext=u:r:vendor_systemhelper_app:s0:c512,c768 tcontext=u:object_r:tethering_service:s0 tclass=service_manager permissive=0
06-28 14:50:35.492  2823  2823 D BatteryController: onReceive: Intent = Intent { act=android.intent.action.BATTERY_CHANGED flg=0x60000010 (has extras) } action = android.intent.action.BATTERY_CHANGED
06-28 14:50:35.492  2823  2823 D KeyguardUpdateMonitor: received broadcast android.intent.action.BATTERY_CHANGED
06-28 14:50:35.494  3192  3192 D DynamicService:  ACTION_BATTERY_CHANGED change,USB plug = 2
06-28 14:50:35.495  7447  7447 I PowerUtils: getSurfaceTemprature temp: 30
06-28 14:50:35.496  7447  7447 I PowerSaveService: onReceive: android.intent.action.BATTERY_CHANGED
06-28 14:50:35.496  7447  7447 I PowerNoticeUI: handleBatteryChanged oldPlugType 2 mPlugType 2 oldBatteryLevel 100 mBatteryLevel 100 temperature 300
06-28 14:50:35.497  7447  7447 I ChargerBatteryIntelligenceReceiver: onBatteryChanged temperature：30,plugType:2
06-28 14:50:35.500  8457  8821 D PowerKeeper.FrozenApp: onBatteryChanged plug=true mBatteryPlugged=2
06-28 14:50:35.500  8457  8844 D PowerCheckerService: onBatteryChanged, mBatteryLevel = 100, status = 2, level = 100, plug = 2, scale = 100
06-28 14:50:35.518  3169  3169 D DeviceStatisticsService: chargerType=2 batteryLevel=100 totalBatteryCapacity=327900000
06-28 14:50:35.631   589   589 E SELinux : avc:  denied  { find } for pid=5676 uid=10236 name=tethering scontext=u:r:vendor_systemhelper_app:s0:c512,c768 tcontext=u:object_r:tethering_service:s0 tclass=service_manager permissive=0
06-28 14:50:35.833   589   589 I chatty  : uid=1000(system) /system/bin/servicemanager identical 1 line
06-28 14:50:36.037   589   589 E SELinux : avc:  denied  { find } for pid=5676 uid=10236 name=tethering scontext=u:r:vendor_systemhelper_app:s0:c512,c768 tcontext=u:object_r:tethering_service:s0 tclass=service_manager permissive=0
06-28 14:50:36.103 27801 27801 W ThreadPoolForeg: type=1400 audit(0.0:2580671): avc: denied { write } for name="traced_producer" dev="tmpfs" ino=17161 scontext=u:r:gmscore_app:s0:c512,c768 tcontext=u:object_r:traced_producer_socket:s0 tclass=sock_file permissive=0 app=com.google.android.gms
06-28 14:50:36.240   589   589 E SELinux : avc:  denied  { find } for pid=5676 uid=10236 name=tethering scontext=u:r:vendor_systemhelper_app:s0:c512,c768 tcontext=u:object_r:tethering_service:s0 tclass=service_manager permissive=0
06-28 14:50:37.051   589   589 I chatty  : uid=1000(system) /system/bin/servicemanager identical 4 lines
06-28 14:50:37.256   589   589 E SELinux : avc:  denied  { find } for pid=5676 uid=10236 name=tethering scontext=u:r:vendor_systemhelper_app:s0:c512,c768 tcontext=u:object_r:tethering_service:s0 tclass=service_manager permissive=0
06-28 14:50:37.343  1623  1913 D CompatibilityInfo: mCompatibilityFlags - 0
06-28 14:50:37.343  1623  1913 D CompatibilityInfo: applicationDensity - 440
06-28 14:50:37.343  1623  1913 D CompatibilityInfo: applicationScale - 1.0
06-28 14:50:37.406  1623  1913 D CompatibilityInfo: mCompatibilityFlags - 0
06-28 14:50:37.406  1623  1913 D CompatibilityInfo: applicationDensity - 440
06-28 14:50:37.406  1623  1913 D CompatibilityInfo: applicationScale - 1.0
06-28 14:50:37.458   589   589 E SELinux : avc:  denied  { find } for pid=5676 uid=10236 name=tethering scontext=u:r:vendor_systemhelper_app:s0:c512,c768 tcontext=u:object_r:tethering_service:s0 tclass=service_manager permissive=0
06-28 14:50:37.482  1623  2500 D MiuiNetworkPolicy: updateLimit mLimitEnabled=false,enabled=true,mNetworkPriorityMode=2
06-28 14:50:37.483  5502  5502 E IP6TABLES-RESTORE-LIB: line 5914 read
06-28 14:50:37.483  5502  5502 E XTABLES : Beginning to apply lock on /system/etc/xtables.lock
06-28 14:50:37.483  5502  5502 E XTABLES : /system/etc/xtables.lock locked
06-28 14:50:37.483  5502  5502 E IP6TABLES-RESTORE-LIB: line 5914, table 'filter'
06-28 14:50:37.484  5502  5502 E IP6TABLES-RESTORE-LIB: line 5915 read
06-28 14:50:37.484  5502  5502 E IP6TABLES-RESTORE-LIB: calling do_command(7, argv, &filter, handle):
06-28 14:50:37.484  5502  5502 E IP6TABLES-RESTORE-LIB: command: [/system/bin/iptables-restore,-t,filter,-A,tc_limiter,-j,DROP,]
06-28 14:50:37.484  5502  5502 E IP6TABLES-RESTORE-LIB: line 5916 read
06-28 14:50:37.484  5502  5502 E IP6TABLES-RESTORE-LIB: Calling commit
06-28 14:50:37.486  5502  5502 E IP6TABLES-RESTORE-LIB: line 5917 read
06-28 14:50:37.486  5504  5504 E IP6TABLES-RESTORE-LIB: line 5918 read
06-28 14:50:37.486  5504  5504 E XTABLES : Beginning to apply lock on /system/etc/xtables.lock
06-28 14:50:37.486  5504  5504 E XTABLES : /system/etc/xtables.lock locked
06-28 14:50:37.486  5504  5504 E IP6TABLES-RESTORE-LIB: line 5918, table 'filter'
06-28 14:50:37.487  5504  5504 E IP6TABLES-RESTORE-LIB: line 5919 read
06-28 14:50:37.487  5504  5504 E IP6TABLES-RESTORE-LIB: calling do_command(10, argv, &filter, handle):
06-28 14:50:37.487  5504  5504 E IP6TABLES-RESTORE-LIB: command: [/system/bin/ip6tables-restore,-t,filter,-A,tc_limiter,!,-p,icmpv6,-j,DROP,]
06-28 14:50:37.487  5504  5504 E IP6TABLES-RESTORE-LIB: line 5920 read
06-28 14:50:37.487  5504  5504 E IP6TABLES-RESTORE-LIB: Calling commit
06-28 14:50:37.488  5504  5504 E IP6TABLES-RESTORE-LIB: line 5921 read
06-28 14:50:37.554  7447  7701 V h       : flags=106
06-28 14:50:37.556  7447  7701 V h       : ret=0
06-28 14:50:37.556  3980  3980 I NotificationController: onNotificationPosted: mSmartTravelNotificationMap 0
06-28 14:50:37.561  2823  2823 D InterruptionStateProvider: No bubble up: not allowed to bubble: 0|com.happproxy|1|null|10769
06-28 14:50:37.562  2823  2823 D InterruptionStateProvider: No heads up: unimportant notification: 0|com.happproxy|1|null|10769
06-28 14:50:37.582  7447  7701 V h       : flags=106
06-28 14:50:37.583  3980  3980 I NotificationController: onNotificationPosted: mSmartTravelNotificationMap 0
06-28 14:50:37.584  7447  7701 V h       : ret=0
06-28 14:50:37.597  1050  1050 E ANDR-PERF-DATA-POOL: EventDataPool is Full
06-28 14:50:37.598  1050  1050 E ANDR-PERF-MPCTL: event data pool ran empty
06-28 14:50:37.612  7447  7701 V h       : flags=106
06-28 14:50:37.614  7447  7701 V h       : ret=0
06-28 14:50:37.616  3980  3980 I NotificationController: onNotificationPosted: mSmartTravelNotificationMap 0
06-28 14:50:37.628  2823  2823 D InterruptionStateProvider: No bubble up: not allowed to bubble: 0|com.happproxy|1|null|10769
06-28 14:50:37.628  2823  2823 D InterruptionStateProvider: No heads up: unimportant notification: 0|com.happproxy|1|null|10769
06-28 14:50:37.636  2823  2823 D InterruptionStateProvider: No bubble up: not allowed to bubble: 0|com.happproxy|1|null|10769
06-28 14:50:37.637  2823  2823 D InterruptionStateProvider: No heads up: unimportant notification: 0|com.happproxy|1|null|10769
06-28 14:50:37.639  7447  7701 V h       : flags=106
06-28 14:50:37.640  7447  7701 V h       : ret=0
06-28 14:50:37.641  3980  3980 I NotificationController: onNotificationPosted: mSmartTravelNotificationMap 0
06-28 14:50:37.657  2823  2823 D InterruptionStateProvider: No bubble up: not allowed to bubble: 0|com.happproxy|1|null|10769
06-28 14:50:37.657  2823  2823 D InterruptionStateProvider: No heads up: unimportant notification: 0|com.happproxy|1|null|10769
06-28 14:50:37.659   589   589 E SELinux : avc:  denied  { find } for pid=5676 uid=10236 name=tethering scontext=u:r:vendor_systemhelper_app:s0:c512,c768 tcontext=u:object_r:tethering_service:s0 tclass=service_manager permissive=0
06-28 14:50:37.860   589   589 E SELinux : avc:  denied  { find } for pid=5676 uid=10236 name=tethering scontext=u:r:vendor_systemhelper_app:s0:c512,c768 tcontext=u:object_r:tethering_service:s0 tclass=service_manager permissive=0
06-28 14:50:37.886  3192  3192 D DynamicService:  ACTION_BATTERY_CHANGED change,USB plug = 2
06-28 14:50:37.888  7447  7447 I PowerUtils: getSurfaceTemprature temp: 30
06-28 14:50:37.888  7447  7447 I PowerSaveService: onReceive: android.intent.action.BATTERY_CHANGED
06-28 14:50:37.891  7447  7447 I PowerNoticeUI: handleBatteryChanged oldPlugType 2 mPlugType 2 oldBatteryLevel 100 mBatteryLevel 100 temperature 300
06-28 14:50:37.891  7447  7447 I ChargerBatteryIntelligenceReceiver: onBatteryChanged temperature：30,plugType:2
06-28 14:50:37.893  8457  8821 D PowerKeeper.FrozenApp: onBatteryChanged plug=true mBatteryPlugged=2
06-28 14:50:37.898  2823  2823 D BatteryController: onReceive: Intent = Intent { act=android.intent.action.BATTERY_CHANGED flg=0x60000010 (has extras) } action = android.intent.action.BATTERY_CHANGED
06-28 14:50:37.899  2823  2823 D KeyguardUpdateMonitor: received broadcast android.intent.action.BATTERY_CHANGED
06-28 14:50:37.899  8457  8844 D PowerCheckerService: onBatteryChanged, mBatteryLevel = 100, status = 2, level = 100, plug = 2, scale = 100
06-28 14:50:37.910  3169  3169 D DeviceStatisticsService: chargerType=2 batteryLevel=100 totalBatteryCapacity=327900000
06-28 14:50:38.062   589   589 E SELinux : avc:  denied  { find } for pid=5676 uid=10236 name=tethering scontext=u:r:vendor_systemhelper_app:s0:c512,c768 tcontext=u:object_r:tethering_service:s0 tclass=service_manager permissive=0
06-28 14:50:39.885   589   589 I chatty  : uid=1000(system) /system/bin/servicemanager identical 9 lines
06-28 14:50:40.088   589   589 E SELinux : avc:  denied  { find } for pid=5676 uid=10236 name=tethering scontext=u:r:vendor_systemhelper_app:s0:c512,c768 tcontext=u:object_r:tethering_service:s0 tclass=service_manager permissive=0
06-28 14:50:40.143  2102  2102 W ThreadPoolForeg: type=1400 audit(0.0:2580672): avc: denied { write } for name="traced_producer" dev="tmpfs" ino=17161 scontext=u:r:gmscore_app:s0:c512,c768 tcontext=u:object_r:traced_producer_socket:s0 tclass=sock_file permissive=0 app=com.google.android.gms
06-28 14:50:40.290   589   589 E SELinux : avc:  denied  { find } for pid=5676 uid=10236 name=tethering scontext=u:r:vendor_systemhelper_app:s0:c512,c768 tcontext=u:object_r:tethering_service:s0 tclass=service_manager permissive=0
06-28 14:50:40.351  1623  1913 D CompatibilityInfo: mCompatibilityFlags - 0
06-28 14:50:40.351  1623  1913 D CompatibilityInfo: applicationDensity - 440
06-28 14:50:40.351  1623  1913 D CompatibilityInfo: applicationScale - 1.0
06-28 14:50:40.414  1623  1913 D CompatibilityInfo: mCompatibilityFlags - 0
06-28 14:50:40.414  1623  1913 D CompatibilityInfo: applicationDensity - 440
06-28 14:50:40.414  1623  1913 D CompatibilityInfo: applicationScale - 1.0
06-28 14:50:40.494   589   589 E SELinux : avc:  denied  { find } for pid=5676 uid=10236 name=tethering scontext=u:r:vendor_systemhelper_app:s0:c512,c768 tcontext=u:object_r:tethering_service:s0 tclass=service_manager permissive=0
06-28 14:50:40.564  3980  3980 I NotificationController: onNotificationPosted: mSmartTravelNotificationMap 0
06-28 14:50:40.566  7447  7701 V h       : flags=106
06-28 14:50:40.567  7447  7701 V h       : ret=0
06-28 14:50:40.568  2823  2823 D InterruptionStateProvider: No bubble up: not allowed to bubble: 0|com.happproxy|1|null|10769
06-28 14:50:40.570  2823  2823 D InterruptionStateProvider: No heads up: unimportant notification: 0|com.happproxy|1|null|10769
06-28 14:50:40.593  3980  3980 I NotificationController: onNotificationPosted: mSmartTravelNotificationMap 0
06-28 14:50:40.597  7447  7701 V h       : flags=106
06-28 14:50:40.598  7447  7701 V h       : ret=0
06-28 14:50:40.609  1050  1050 E ANDR-PERF-DATA-POOL: EventDataPool is Full
06-28 14:50:40.609  1050  1050 E ANDR-PERF-MPCTL: event data pool ran empty
06-28 14:50:40.614  2823  2823 D InterruptionStateProvider: No bubble up: not allowed to bubble: 0|com.happproxy|1|null|10769
06-28 14:50:40.615  2823  2823 D InterruptionStateProvider: No heads up: unimportant notification: 0|com.happproxy|1|null|10769
06-28 14:50:40.620  3980  3980 I NotificationController: onNotificationPosted: mSmartTravelNotificationMap 0
06-28 14:50:40.623  7447  7701 V h       : flags=106
06-28 14:50:40.625  7447  7701 V h       : ret=0
06-28 14:50:40.648  3980  3980 I NotificationController: onNotificationPosted: mSmartTravelNotificationMap 0
06-28 14:50:40.649  7447  7701 V h       : flags=106
06-28 14:50:40.651  7447  7701 V h       : ret=0
06-28 14:50:40.660  2823  2823 D InterruptionStateProvider: No bubble up: not allowed to bubble: 0|com.happproxy|1|null|10769
06-28 14:50:40.661  2823  2823 D InterruptionStateProvider: No heads up: unimportant notification: 0|com.happproxy|1|null|10769
06-28 14:50:40.679  2823  2823 D InterruptionStateProvider: No bubble up: not allowed to bubble: 0|com.happproxy|1|null|10769
06-28 14:50:40.680  2823  2823 D InterruptionStateProvider: No heads up: unimportant notification: 0|com.happproxy|1|null|10769
06-28 14:50:40.696   589   589 E SELinux : avc:  denied  { find } for pid=5676 uid=10236 name=tethering scontext=u:r:vendor_systemhelper_app:s0:c512,c768 tcontext=u:object_r:tethering_service:s0 tclass=service_manager permissive=0
06-28 14:50:41.711   589   589 I chatty  : uid=1000(system) /system/bin/servicemanager identical 5 lines
06-28 14:50:41.915   589   589 E SELinux : avc:  denied  { find } for pid=5676 uid=10236 name=tethering scontext=u:r:vendor_systemhelper_app:s0:c512,c768 tcontext=u:object_r:tethering_service:s0 tclass=service_manager permissive=0
06-28 14:50:41.977  1623  5883 D CompatibilityInfo: mCompatibilityFlags - 0
06-28 14:50:41.977  1623  5883 D CompatibilityInfo: applicationDensity - 440
06-28 14:50:41.977  1623  5883 D CompatibilityInfo: applicationScale - 1.0
06-28 14:50:41.981  1623  2500 I MiuiNetworkPolicy: updateUidState uid = 10158, uidState = 4
06-28 14:50:41.997  1623  2500 I MiuiNetworkPolicy: updateUidState uid = 10158, uidState = 6
06-28 14:50:42.117   589   589 E SELinux : avc:  denied  { find } for pid=5676 uid=10236 name=tethering scontext=u:r:vendor_systemhelper_app:s0:c512,c768 tcontext=u:object_r:tethering_service:s0 tclass=service_manager permissive=0
06-28 14:50:42.320   589   589 E SELinux : avc:  denied  { find } for pid=5676 uid=10236 name=tethering scontext=u:r:vendor_systemhelper_app:s0:c512,c768 tcontext=u:object_r:tethering_service:s0 tclass=service_manager permissive=0
06-28 14:50:42.475 29506 29524 I earchbox:searc: oneway function results will be dropped but finished with status UNKNOWN_TRANSACTION and parcel size 0
06-28 14:50:42.476 29506 31056 I earchbox:searc: oneway function results will be dropped but finished with status UNKNOWN_TRANSACTION and parcel size 0
06-28 14:50:42.523   589   589 E SELinux : avc:  denied  { find } for pid=5676 uid=10236 name=tethering scontext=u:r:vendor_systemhelper_app:s0:c512,c768 tcontext=u:object_r:tethering_service:s0 tclass=service_manager permissive=0
06-28 14:50:42.930   589   589 I chatty  : uid=1000(system) /system/bin/servicemanager identical 2 lines
06-28 14:50:43.135   589   589 E SELinux : avc:  denied  { find } for pid=5676 uid=10236 name=tethering scontext=u:r:vendor_systemhelper_app:s0:c512,c768 tcontext=u:object_r:tethering_service:s0 tclass=service_manager permissive=0
06-28 14:50:43.331  1623  1913 D CompatibilityInfo: mCompatibilityFlags - 0
06-28 14:50:43.331  1623  1913 D CompatibilityInfo: applicationDensity - 440
06-28 14:50:43.331  1623  1913 D CompatibilityInfo: applicationScale - 1.0
06-28 14:50:43.338   589   589 E SELinux : avc:  denied  { find } for pid=5676 uid=10236 name=tethering scontext=u:r:vendor_systemhelper_app:s0:c512,c768 tcontext=u:object_r:tethering_service:s0 tclass=service_manager permissive=0
06-28 14:50:43.437  1623  1913 D CompatibilityInfo: mCompatibilityFlags - 0
06-28 14:50:43.437  1623  1913 D CompatibilityInfo: applicationDensity - 440
06-28 14:50:43.437  1623  1913 D CompatibilityInfo: applicationScale - 1.0
06-28 14:50:43.538  3980  3980 I NotificationController: onNotificationPosted: mSmartTravelNotificationMap 0
06-28 14:50:43.541  7447  7701 V h       : flags=106
06-28 14:50:43.541   589   589 E SELinux : avc:  denied  { find } for pid=5676 uid=10236 name=tethering scontext=u:r:vendor_systemhelper_app:s0:c512,c768 tcontext=u:object_r:tethering_service:s0 tclass=service_manager permissive=0
06-28 14:50:43.542  7447  7701 V h       : ret=0
06-28 14:50:43.544  2823  2823 D InterruptionStateProvider: No bubble up: not allowed to bubble: 0|com.happproxy|1|null|10769
06-28 14:50:43.545  2823  2823 D InterruptionStateProvider: No heads up: unimportant notification: 0|com.happproxy|1|null|10769
06-28 14:50:43.557  3980  3980 I NotificationController: onNotificationPosted: mSmartTravelNotificationMap 0
06-28 14:50:43.558  7447  7701 V h       : flags=106
06-28 14:50:43.560  7447  7701 V h       : ret=0
06-28 14:50:43.570  1050  1050 E ANDR-PERF-DATA-POOL: EventDataPool is Full
06-28 14:50:43.570  1050  1050 E ANDR-PERF-MPCTL: event data pool ran empty
06-28 14:50:43.571  2823  2823 D InterruptionStateProvider: No bubble up: not allowed to bubble: 0|com.happproxy|1|null|10769
06-28 14:50:43.572  2823  2823 D InterruptionStateProvider: No heads up: unimportant notification: 0|com.happproxy|1|null|10769
06-28 14:50:43.649  7447  7701 V h       : flags=106
06-28 14:50:43.655  7447  7701 V h       : ret=0
06-28 14:50:43.657  3980  3980 I NotificationController: onNotificationPosted: mSmartTravelNotificationMap 0
06-28 14:50:43.663  2823  2823 D InterruptionStateProvider: No bubble up: not allowed to bubble: 0|com.happproxy|1|null|10769
06-28 14:50:43.664  2823  2823 D InterruptionStateProvider: No heads up: unimportant notification: 0|com.happproxy|1|null|10769
06-28 14:50:43.677  7447  7701 V h       : flags=106
06-28 14:50:43.679  7447  7701 V h       : ret=0
06-28 14:50:43.681  3980  3980 I NotificationController: onNotificationPosted: mSmartTravelNotificationMap 0
06-28 14:50:43.685  1050  1050 E ANDR-PERF-DATA-POOL: EventDataPool is Full
06-28 14:50:43.685  1050  1050 E ANDR-PERF-MPCTL: event data pool ran empty
06-28 14:50:43.689  2823  2823 D InterruptionStateProvider: No bubble up: not allowed to bubble: 0|com.happproxy|1|null|10769
06-28 14:50:43.690  2823  2823 D InterruptionStateProvider: No heads up: unimportant notification: 0|com.happproxy|1|null|10769
06-28 14:50:43.743   589   589 E SELinux : avc:  denied  { find } for pid=5676 uid=10236 name=tethering scontext=u:r:vendor_systemhelper_app:s0:c512,c768 tcontext=u:object_r:tethering_service:s0 tclass=service_manager permissive=0
06-28 14:50:44.349   589   589 I chatty  : uid=1000(system) /system/bin/servicemanager identical 3 lines
06-28 14:50:44.551   589   589 E SELinux : avc:  denied  { find } for pid=5676 uid=10236 name=tethering scontext=u:r:vendor_systemhelper_app:s0:c512,c768 tcontext=u:object_r:tethering_service:s0 tclass=service_manager permissive=0
06-28 14:50:44.693 31966 32007 W PushService: [Tid:1408] [Job] check the ping-pong.1782647434690
06-28 14:50:44.753   589   589 E SELinux : avc:  denied  { find } for pid=5676 uid=10236 name=tethering scontext=u:r:vendor_systemhelper_app:s0:c512,c768 tcontext=u:object_r:tethering_service:s0 tclass=service_manager permissive=0
06-28 14:50:44.777  3192  3192 D DynamicService:  ACTION_BATTERY_CHANGED change,USB plug = 2
06-28 14:50:44.778  7447  7447 I PowerUtils: getSurfaceTemprature temp: 30
06-28 14:50:44.779  7447  7447 I PowerSaveService: onReceive: android.intent.action.BATTERY_CHANGED
06-28 14:50:44.779  7447  7447 I PowerNoticeUI: handleBatteryChanged oldPlugType 2 mPlugType 2 oldBatteryLevel 100 mBatteryLevel 100 temperature 300
06-28 14:50:44.779  7447  7447 I ChargerBatteryIntelligenceReceiver: onBatteryChanged temperature：30,plugType:2
06-28 14:50:44.780  8457  8821 D PowerKeeper.FrozenApp: onBatteryChanged plug=true mBatteryPlugged=2
06-28 14:50:44.781  8457  8844 D PowerCheckerService: onBatteryChanged, mBatteryLevel = 100, status = 2, level = 100, plug = 2, scale = 100
06-28 14:50:44.784  2823  2823 D BatteryController: onReceive: Intent = Intent { act=android.intent.action.BATTERY_CHANGED flg=0x60000010 (has extras) } action = android.intent.action.BATTERY_CHANGED
06-28 14:50:44.784  2823  2823 D KeyguardUpdateMonitor: received broadcast android.intent.action.BATTERY_CHANGED
06-28 14:50:44.807  3169  3169 D DeviceStatisticsService: chargerType=2 batteryLevel=100 totalBatteryCapacity=327900000
06-28 14:50:44.956   589   589 E SELinux : avc:  denied  { find } for pid=5676 uid=10236 name=tethering scontext=u:r:vendor_systemhelper_app:s0:c512,c768 tcontext=u:object_r:tethering_service:s0 tclass=service_manager permissive=0
06-28 14:50:45.970   589   589 I chatty  : uid=1000(system) /system/bin/servicemanager identical 5 lines
06-28 14:50:46.174   589   589 E SELinux : avc:  denied  { find } for pid=5676 uid=10236 name=tethering scontext=u:r:vendor_systemhelper_app:s0:c512,c768 tcontext=u:object_r:tethering_service:s0 tclass=service_manager permissive=0
06-28 14:50:46.360  1623  1913 D CompatibilityInfo: mCompatibilityFlags - 0
06-28 14:50:46.360  1623  1913 D CompatibilityInfo: applicationDensity - 440
06-28 14:50:46.360  1623  1913 D CompatibilityInfo: applicationScale - 1.0
06-28 14:50:46.376   589   589 E SELinux : avc:  denied  { find } for pid=5676 uid=10236 name=tethering scontext=u:r:vendor_systemhelper_app:s0:c512,c768 tcontext=u:object_r:tethering_service:s0 tclass=service_manager permissive=0
06-28 14:50:46.415  1623  1913 D CompatibilityInfo: mCompatibilityFlags - 0
06-28 14:50:46.415  1623  1913 D CompatibilityInfo: applicationDensity - 440
06-28 14:50:46.415  1623  1913 D CompatibilityInfo: applicationScale - 1.0
06-28 14:50:46.566  3980  3980 I NotificationController: onNotificationPosted: mSmartTravelNotificationMap 0
06-28 14:50:46.569  7447  7701 V h       : flags=106
06-28 14:50:46.572  7447  7701 V h       : ret=0
06-28 14:50:46.575  2823  2823 D InterruptionStateProvider: No bubble up: not allowed to bubble: 0|com.happproxy|1|null|10769
06-28 14:50:46.577   589   589 E SELinux : avc:  denied  { find } for pid=5676 uid=10236 name=tethering scontext=u:r:vendor_systemhelper_app:s0:c512,c768 tcontext=u:object_r:tethering_service:s0 tclass=service_manager permissive=0
06-28 14:50:46.580  2823  2823 D InterruptionStateProvider: No heads up: unimportant notification: 0|com.happproxy|1|null|10769
06-28 14:50:46.599  3980  3980 I NotificationController: onNotificationPosted: mSmartTravelNotificationMap 0
06-28 14:50:46.600  7447  7701 V h       : flags=106
06-28 14:50:46.601  7447  7701 V h       : ret=0
06-28 14:50:46.610  1050  1050 E ANDR-PERF-DATA-POOL: EventDataPool is Full
06-28 14:50:46.611  1050  1050 E ANDR-PERF-MPCTL: event data pool ran empty
06-28 14:50:46.613  2823  2823 D InterruptionStateProvider: No bubble up: not allowed to bubble: 0|com.happproxy|1|null|10769
06-28 14:50:46.613  2823  2823 D InterruptionStateProvider: No heads up: unimportant notification: 0|com.happproxy|1|null|10769
06-28 14:50:46.621  3980  3980 I NotificationController: onNotificationPosted: mSmartTravelNotificationMap 0
06-28 14:50:46.622  7447  7701 V h       : flags=106
06-28 14:50:46.623  7447  7701 V h       : ret=0
06-28 14:50:46.638  2823  2823 D InterruptionStateProvider: No bubble up: not allowed to bubble: 0|com.happproxy|1|null|10769
06-28 14:50:46.639  2823  2823 D InterruptionStateProvider: No heads up: unimportant notification: 0|com.happproxy|1|null|10769
06-28 14:50:46.646  3980  3980 I NotificationController: onNotificationPosted: mSmartTravelNotificationMap 0
06-28 14:50:46.648  7447  7701 V h       : flags=106
06-28 14:50:46.649  7447  7701 V h       : ret=0
06-28 14:50:46.661  2823  2823 D InterruptionStateProvider: No bubble up: not allowed to bubble: 0|com.happproxy|1|null|10769
06-28 14:50:46.661  2823  2823 D InterruptionStateProvider: No heads up: unimportant notification: 0|com.happproxy|1|null|10769
06-28 14:50:46.779   589   589 E SELinux : avc:  denied  { find } for pid=5676 uid=10236 name=tethering scontext=u:r:vendor_systemhelper_app:s0:c512,c768 tcontext=u:object_r:tethering_service:s0 tclass=service_manager permissive=0
06-28 14:50:47.590   589   589 I chatty  : uid=1000(system) /system/bin/servicemanager identical 4 lines
06-28 14:50:47.793   589   589 E SELinux : avc:  denied  { find } for pid=5676 uid=10236 name=tethering scontext=u:r:vendor_systemhelper_app:s0:c512,c768 tcontext=u:object_r:tethering_service:s0 tclass=service_manager permissive=0
06-28 14:50:47.819  5502  5502 E IP6TABLES-RESTORE-LIB: line 5918 read
06-28 14:50:47.820  5502  5502 E XTABLES : Beginning to apply lock on /system/etc/xtables.lock
06-28 14:50:47.820  5502  5502 E XTABLES : /system/etc/xtables.lock locked
06-28 14:50:47.820  5502  5502 E IP6TABLES-RESTORE-LIB: line 5918, table 'filter'
06-28 14:50:47.820  5502  5502 E IP6TABLES-RESTORE-LIB: line 5919 read
06-28 14:50:47.820  5502  5502 E IP6TABLES-RESTORE-LIB: calling do_command(6, argv, &filter, handle):
06-28 14:50:47.820  5502  5502 E IP6TABLES-RESTORE-LIB: command: [/system/bin/iptables-restore,-t,filter,-nvx,-L,tetherctrl_counters,]
06-28 14:50:47.820  5502  5502 E IP6TABLES-RESTORE-LIB: line 5920 read
06-28 14:50:47.820  5502  5502 E IP6TABLES-RESTORE-LIB: Calling commit
06-28 14:50:47.821  5502  5502 E IP6TABLES-RESTORE-LIB: line 5921 read
06-28 14:50:47.821  5504  5504 E IP6TABLES-RESTORE-LIB: line 5922 read
06-28 14:50:47.821  5504  5504 E XTABLES : Beginning to apply lock on /system/etc/xtables.lock
06-28 14:50:47.821  5504  5504 E XTABLES : /system/etc/xtables.lock locked
06-28 14:50:47.821  5504  5504 E IP6TABLES-RESTORE-LIB: line 5922, table 'filter'
06-28 14:50:47.822  5504  5504 E IP6TABLES-RESTORE-LIB: line 5923 read
06-28 14:50:47.822  5504  5504 E IP6TABLES-RESTORE-LIB: calling do_command(6, argv, &filter, handle):
06-28 14:50:47.822  5504  5504 E IP6TABLES-RESTORE-LIB: command: [/system/bin/ip6tables-restore,-t,filter,-nvx,-L,tetherctrl_counters,]
06-28 14:50:47.822  5504  5504 E IP6TABLES-RESTORE-LIB: line 5924 read
06-28 14:50:47.822  5504  5504 E IP6TABLES-RESTORE-LIB: Calling commit
06-28 14:50:47.822  5504  5504 E IP6TABLES-RESTORE-LIB: line 5925 read
06-28 14:50:47.995   589   589 E SELinux : avc:  denied  { find } for pid=5676 uid=10236 name=tethering scontext=u:r:vendor_systemhelper_app:s0:c512,c768 tcontext=u:object_r:tethering_service:s0 tclass=service_manager permissive=0
06-28 14:50:48.404   589   589 I chatty  : uid=1000(system) /system/bin/servicemanager identical 2 lines
06-28 14:50:48.607   589   589 E SELinux : avc:  denied  { find } for pid=5676 uid=10236 name=tethering scontext=u:r:vendor_systemhelper_app:s0:c512,c768 tcontext=u:object_r:tethering_service:s0 tclass=service_manager permissive=0
06-28 14:50:48.679  3192  3192 D DynamicService:  ACTION_BATTERY_CHANGED change,USB plug = 2
06-28 14:50:48.681  7447  7447 I PowerUtils: getSurfaceTemprature temp: 30
06-28 14:50:48.681  7447  7447 I PowerSaveService: onReceive: android.intent.action.BATTERY_CHANGED
06-28 14:50:48.682  7447  7447 I PowerNoticeUI: handleBatteryChanged oldPlugType 2 mPlugType 2 oldBatteryLevel 100 mBatteryLevel 100 temperature 300
06-28 14:50:48.682  7447  7447 I ChargerBatteryIntelligenceReceiver: onBatteryChanged temperature：30,plugType:2
06-28 14:50:48.684  8457  8821 D PowerKeeper.FrozenApp: onBatteryChanged plug=true mBatteryPlugged=2
06-28 14:50:48.684  8457  8844 D PowerCheckerService: onBatteryChanged, mBatteryLevel = 100, status = 2, level = 100, plug = 2, scale = 100
06-28 14:50:48.688  2823  2823 D BatteryController: onReceive: Intent = Intent { act=android.intent.action.BATTERY_CHANGED flg=0x60000010 (has extras) } action = android.intent.action.BATTERY_CHANGED
06-28 14:50:48.688  2823  2823 D KeyguardUpdateMonitor: received broadcast android.intent.action.BATTERY_CHANGED
06-28 14:50:48.702  3169  3169 D DeviceStatisticsService: chargerType=2 batteryLevel=100 totalBatteryCapacity=327900000
06-28 14:50:48.811   589   589 E SELinux : avc:  denied  { find } for pid=5676 uid=10236 name=tethering scontext=u:r:vendor_systemhelper_app:s0:c512,c768 tcontext=u:object_r:tethering_service:s0 tclass=service_manager permissive=0
06-28 14:50:49.015   589   589 I chatty  : uid=1000(system) /system/bin/servicemanager identical 1 line
06-28 14:50:49.220   589   589 E SELinux : avc:  denied  { find } for pid=5676 uid=10236 name=tethering scontext=u:r:vendor_systemhelper_app:s0:c512,c768 tcontext=u:object_r:tethering_service:s0 tclass=service_manager permissive=0
06-28 14:50:49.332  1623  1913 D CompatibilityInfo: mCompatibilityFlags - 0
06-28 14:50:49.332  1623  1913 D CompatibilityInfo: applicationDensity - 440
06-28 14:50:49.332  1623  1913 D CompatibilityInfo: applicationScale - 1.0
06-28 14:50:49.421   589   589 E SELinux : avc:  denied  { find } for pid=5676 uid=10236 name=tethering scontext=u:r:vendor_systemhelper_app:s0:c512,c768 tcontext=u:object_r:tethering_service:s0 tclass=service_manager permissive=0
06-28 14:50:49.438  1623  1913 D CompatibilityInfo: mCompatibilityFlags - 0
06-28 14:50:49.438  1623  1913 D CompatibilityInfo: applicationDensity - 440
06-28 14:50:49.438  1623  1913 D CompatibilityInfo: applicationScale - 1.0
06-28 14:50:49.545  7447  7701 V h       : flags=106
06-28 14:50:49.545  3980  3980 I NotificationController: onNotificationPosted: mSmartTravelNotificationMap 0
06-28 14:50:49.547  7447  7701 V h       : ret=0
06-28 14:50:49.551  2823  2823 D InterruptionStateProvider: No bubble up: not allowed to bubble: 0|com.happproxy|1|null|10769
06-28 14:50:49.552  2823  2823 D InterruptionStateProvider: No heads up: unimportant notification: 0|com.happproxy|1|null|10769
06-28 14:50:49.581  3980  3980 I NotificationController: onNotificationPosted: mSmartTravelNotificationMap 0
06-28 14:50:49.582  7447  7701 V h       : flags=106
06-28 14:50:49.584  7447  7701 V h       : ret=0
06-28 14:50:49.587  1050  1050 E ANDR-PERF-DATA-POOL: EventDataPool is Full
06-28 14:50:49.587  1050  1050 E ANDR-PERF-MPCTL: event data pool ran empty
06-28 14:50:49.592  2823  2823 D InterruptionStateProvider: No bubble up: not allowed to bubble: 0|com.happproxy|1|null|10769
06-28 14:50:49.593  2823  2823 D InterruptionStateProvider: No heads up: unimportant notification: 0|com.happproxy|1|null|10769
06-28 14:50:49.623   589   589 E SELinux : avc:  denied  { find } for pid=5676 uid=10236 name=tethering scontext=u:r:vendor_systemhelper_app:s0:c512,c768 tcontext=u:object_r:tethering_service:s0 tclass=service_manager permissive=0
06-28 14:50:49.648  3980  3980 I NotificationController: onNotificationPosted: mSmartTravelNotificationMap 0
06-28 14:50:49.651  7447  7701 V h       : flags=106
06-28 14:50:49.652  7447  7701 V h       : ret=0
06-28 14:50:49.674  3980  3980 I NotificationController: onNotificationPosted: mSmartTravelNotificationMap 0
06-28 14:50:49.675  7447  7701 V h       : flags=106
06-28 14:50:49.676  7447  7701 V h       : ret=0
06-28 14:50:49.681  2823  2823 D InterruptionStateProvider: No bubble up: not allowed to bubble: 0|com.happproxy|1|null|10769
06-28 14:50:49.682  2823  2823 D InterruptionStateProvider: No heads up: unimportant notification: 0|com.happproxy|1|null|10769
06-28 14:50:49.689  2823  2823 D InterruptionStateProvider: No bubble up: not allowed to bubble: 0|com.happproxy|1|null|10769
06-28 14:50:49.690  2823  2823 D InterruptionStateProvider: No heads up: unimportant notification: 0|com.happproxy|1|null|10769
06-28 14:50:49.710  1050  1050 E ANDR-PERF-DATA-POOL: EventDataPool is Full
06-28 14:50:49.710  1050  1050 E ANDR-PERF-MPCTL: event data pool ran empty
06-28 14:50:49.715  2823  2823 W Choreographer: Frame time is 0.106988996 ms in the future!  Check that graphics HAL is generating vsync timestamps using the correct timebase.
06-28 14:50:49.715 27498 27498 W Choreographer: Frame time is 0.019853 ms in the future!  Check that graphics HAL is generating vsync timestamps using the correct timebase.
06-28 14:50:49.825   589   589 E SELinux : avc:  denied  { find } for pid=5676 uid=10236 name=tethering scontext=u:r:vendor_systemhelper_app:s0:c512,c768 tcontext=u:object_r:tethering_service:s0 tclass=service_manager permissive=0
06-28 14:50:52.052   589   589 I chatty  : uid=1000(system) /system/bin/servicemanager identical 11 lines
06-28 14:50:52.257   589   589 E SELinux : avc:  denied  { find } for pid=5676 uid=10236 name=tethering scontext=u:r:vendor_systemhelper_app:s0:c512,c768 tcontext=u:object_r:tethering_service:s0 tclass=service_manager permissive=0
06-28 14:50:52.362  1623  1913 D CompatibilityInfo: mCompatibilityFlags - 0
06-28 14:50:52.362  1623  1913 D CompatibilityInfo: applicationDensity - 440
06-28 14:50:52.362  1623  1913 D CompatibilityInfo: applicationScale - 1.0
06-28 14:50:52.422  1623  1913 D CompatibilityInfo: mCompatibilityFlags - 0
06-28 14:50:52.422  1623  1913 D CompatibilityInfo: applicationDensity - 440
06-28 14:50:52.422  1623  1913 D CompatibilityInfo: applicationScale - 1.0
06-28 14:50:52.458   589   589 E SELinux : avc:  denied  { find } for pid=5676 uid=10236 name=tethering scontext=u:r:vendor_systemhelper_app:s0:c512,c768 tcontext=u:object_r:tethering_service:s0 tclass=service_manager permissive=0
06-28 14:50:52.574  7447  7701 V h       : flags=106
06-28 14:50:52.575  3980  3980 I NotificationController: onNotificationPosted: mSmartTravelNotificationMap 0
06-28 14:50:52.576  7447  7701 V h       : ret=0
06-28 14:50:52.583  2823  2823 D InterruptionStateProvider: No bubble up: not allowed to bubble: 0|com.happproxy|1|null|10769
06-28 14:50:52.585  2823  2823 D InterruptionStateProvider: No heads up: unimportant notification: 0|com.happproxy|1|null|10769
06-28 14:50:52.602  3980  3980 I NotificationController: onNotificationPosted: mSmartTravelNotificationMap 0
06-28 14:50:52.602  7447  7701 V h       : flags=106
06-28 14:50:52.603  7447  7701 V h       : ret=0
06-28 14:50:52.616  1050  1050 E ANDR-PERF-DATA-POOL: EventDataPool is Full
06-28 14:50:52.617  1050  1050 E ANDR-PERF-MPCTL: event data pool ran empty
06-28 14:50:52.620  2823  2823 D InterruptionStateProvider: No bubble up: not allowed to bubble: 0|com.happproxy|1|null|10769
06-28 14:50:52.621  2823  2823 D InterruptionStateProvider: No heads up: unimportant notification: 0|com.happproxy|1|null|10769
06-28 14:50:52.630  3980  3980 I NotificationController: onNotificationPosted: mSmartTravelNotificationMap 0
06-28 14:50:52.631  7447  7701 V h       : flags=106
06-28 14:50:52.632  7447  7701 V h       : ret=0
06-28 14:50:52.648  2823  2823 D InterruptionStateProvider: No bubble up: not allowed to bubble: 0|com.happproxy|1|null|10769
06-28 14:50:52.649  2823  2823 D InterruptionStateProvider: No heads up: unimportant notification: 0|com.happproxy|1|null|10769
06-28 14:50:52.655  7447  7701 V h       : flags=106
06-28 14:50:52.656  7447  7701 V h       : ret=0
06-28 14:50:52.657  3980  3980 I NotificationController: onNotificationPosted: mSmartTravelNotificationMap 0
06-28 14:50:52.659   589   589 E SELinux : avc:  denied  { find } for pid=5676 uid=10236 name=tethering scontext=u:r:vendor_systemhelper_app:s0:c512,c768 tcontext=u:object_r:tethering_service:s0 tclass=service_manager permissive=0
06-28 14:50:52.680  2823  2823 D InterruptionStateProvider: No bubble up: not allowed to bubble: 0|com.happproxy|1|null|10769
