06-28 14:51:32.464  5502  5502 E XTABLES : Beginning to apply lock on /system/etc/xtables.lock
06-28 14:51:32.464  5502  5502 E XTABLES : /system/etc/xtables.lock locked
06-28 14:51:32.464  5502  5502 E IP6TABLES-RESTORE-LIB: line 5942, table 'filter'
06-28 14:51:32.464  5502  5502 E IP6TABLES-RESTORE-LIB: line 5943 read
06-28 14:51:32.464  5502  5502 E IP6TABLES-RESTORE-LIB: calling do_command(6, argv, &filter, handle):
06-28 14:51:32.464  5502  5502 E IP6TABLES-RESTORE-LIB: command: [/system/bin/iptables-restore,-t,filter,-nvx,-L,tetherctrl_counters,]
06-28 14:51:32.464  5502  5502 E IP6TABLES-RESTORE-LIB: line 5944 read
06-28 14:51:32.464  5502  5502 E IP6TABLES-RESTORE-LIB: Calling commit
06-28 14:51:32.464  5502  5502 E IP6TABLES-RESTORE-LIB: line 5945 read
06-28 14:51:32.465  5504  5504 E IP6TABLES-RESTORE-LIB: line 5946 read
06-28 14:51:32.465  5504  5504 E XTABLES : Beginning to apply lock on /system/etc/xtables.lock
06-28 14:51:32.465  5504  5504 E XTABLES : /system/etc/xtables.lock locked
06-28 14:51:32.465  5504  5504 E IP6TABLES-RESTORE-LIB: line 5946, table 'filter'
06-28 14:51:32.465  5504  5504 E IP6TABLES-RESTORE-LIB: line 5947 read
06-28 14:51:32.465  5504  5504 E IP6TABLES-RESTORE-LIB: calling do_command(6, argv, &filter, handle):
06-28 14:51:32.465  5504  5504 E IP6TABLES-RESTORE-LIB: command: [/system/bin/ip6tables-restore,-t,filter,-nvx,-L,tetherctrl_counters,]
06-28 14:51:32.465  5504  5504 E IP6TABLES-RESTORE-LIB: line 5948 read
06-28 14:51:32.465  5504  5504 E IP6TABLES-RESTORE-LIB: Calling commit
06-28 14:51:32.465  5504  5504 E IP6TABLES-RESTORE-LIB: line 5949 read
06-28 14:51:32.478  5502  5502 E IP6TABLES-RESTORE-LIB: line 5946 read
06-28 14:51:32.478  5502  5502 E XTABLES : Beginning to apply lock on /system/etc/xtables.lock
06-28 14:51:32.478  5502  5502 E XTABLES : /system/etc/xtables.lock locked
06-28 14:51:32.478  5502  5502 E IP6TABLES-RESTORE-LIB: line 5946, table 'filter'
06-28 14:51:32.479  5502  5502 E IP6TABLES-RESTORE-LIB: line 5947 read
06-28 14:51:32.479  5502  5502 E IP6TABLES-RESTORE-LIB: calling do_command(6, argv, &filter, handle):
06-28 14:51:32.479  5502  5502 E IP6TABLES-RESTORE-LIB: command: [/system/bin/iptables-restore,-t,filter,-nvx,-L,tetherctrl_counters,]
06-28 14:51:32.479  5502  5502 E IP6TABLES-RESTORE-LIB: line 5948 read
06-28 14:51:32.479  5502  5502 E IP6TABLES-RESTORE-LIB: Calling commit
06-28 14:51:32.479  5502  5502 E IP6TABLES-RESTORE-LIB: line 5949 read
06-28 14:51:32.479  5504  5504 E IP6TABLES-RESTORE-LIB: line 5950 read
06-28 14:51:32.479  5504  5504 E XTABLES : Beginning to apply lock on /system/etc/xtables.lock
06-28 14:51:32.479  5504  5504 E XTABLES : /system/etc/xtables.lock locked
06-28 14:51:32.479  5504  5504 E IP6TABLES-RESTORE-LIB: line 5950, table 'filter'
06-28 14:51:32.479  5504  5504 E IP6TABLES-RESTORE-LIB: line 5951 read
06-28 14:51:32.479  5504  5504 E IP6TABLES-RESTORE-LIB: calling do_command(6, argv, &filter, handle):
06-28 14:51:32.479  5504  5504 E IP6TABLES-RESTORE-LIB: command: [/system/bin/ip6tables-restore,-t,filter,-nvx,-L,tetherctrl_counters,]
06-28 14:51:32.479  5504  5504 E IP6TABLES-RESTORE-LIB: line 5952 read
06-28 14:51:32.480  5504  5504 E IP6TABLES-RESTORE-LIB: Calling commit
06-28 14:51:32.480  5504  5504 E IP6TABLES-RESTORE-LIB: line 5953 read
06-28 14:51:32.519  7447  7485 I tycenter.remot: Background concurrent copying GC freed 83429(4135KB) AllocSpace objects, 67(1600KB) LOS objects, 49% free, 6617KB/12MB, paused 97us total 140.458ms
06-28 14:51:32.532  1623  2500 D MiuiNetworkPolicy: updateLimit mLimitEnabled=true,enabled=false,mNetworkPriorityMode=2
06-28 14:51:32.533  5502  5502 E IP6TABLES-RESTORE-LIB: line 5950 read
06-28 14:51:32.533  5502  5502 E XTABLES : Beginning to apply lock on /system/etc/xtables.lock
06-28 14:51:32.533  5502  5502 E XTABLES : /system/etc/xtables.lock locked
06-28 14:51:32.533  5502  5502 E IP6TABLES-RESTORE-LIB: line 5950, table 'filter'
06-28 14:51:32.534  5502  5502 E IP6TABLES-RESTORE-LIB: line 5951 read
06-28 14:51:32.534  5502  5502 E IP6TABLES-RESTORE-LIB: calling do_command(7, argv, &filter, handle):
06-28 14:51:32.534  5502  5502 E IP6TABLES-RESTORE-LIB: command: [/system/bin/iptables-restore,-t,filter,-D,tc_limiter,-j,DROP,]
06-28 14:51:32.534  5502  5502 E IP6TABLES-RESTORE-LIB: line 5952 read
06-28 14:51:32.534  5502  5502 E IP6TABLES-RESTORE-LIB: Calling commit
06-28 14:51:32.535  5502  5502 E IP6TABLES-RESTORE-LIB: line 5953 read
06-28 14:51:32.536  5504  5504 E IP6TABLES-RESTORE-LIB: line 5954 read
06-28 14:51:32.536  5504  5504 E XTABLES : Beginning to apply lock on /system/etc/xtables.lock
06-28 14:51:32.536  5504  5504 E XTABLES : /system/etc/xtables.lock locked
06-28 14:51:32.536  5504  5504 E IP6TABLES-RESTORE-LIB: line 5954, table 'filter'
06-28 14:51:32.536  5504  5504 E IP6TABLES-RESTORE-LIB: line 5955 read
06-28 14:51:32.536  5504  5504 E IP6TABLES-RESTORE-LIB: calling do_command(10, argv, &filter, handle):
06-28 14:51:32.536  5504  5504 E IP6TABLES-RESTORE-LIB: command: [/system/bin/ip6tables-restore,-t,filter,-D,tc_limiter,!,-p,icmpv6,-j,DROP,]
06-28 14:51:32.537  5504  5504 E IP6TABLES-RESTORE-LIB: line 5956 read
06-28 14:51:32.537  5504  5504 E IP6TABLES-RESTORE-LIB: Calling commit
06-28 14:51:32.538  5504  5504 E IP6TABLES-RESTORE-LIB: line 5957 read
06-28 14:51:32.581   589   589 E SELinux : avc:  denied  { find } for pid=5676 uid=10236 name=tethering scontext=u:r:vendor_systemhelper_app:s0:c512,c768 tcontext=u:object_r:tethering_service:s0 tclass=service_manager permissive=0
06-28 14:51:32.782   589   589 E SELinux : avc:  denied  { find } for pid=5676 uid=10236 name=tethering scontext=u:r:vendor_systemhelper_app:s0:c512,c768 tcontext=u:object_r:tethering_service:s0 tclass=service_manager permissive=0
06-28 14:51:32.858   588   588 D lowmemorykiller: medium pressure event triggered
06-28 14:51:32.859   588   588 D lowmemorykiller: Not killing for medium pressure event trigger
06-28 14:51:32.959   588   588 D lowmemorykiller: medium pressure event polling check
06-28 14:51:32.959   588   588 D lowmemorykiller: thrashing: 0% thrashing_limit: 10%
06-28 14:51:32.960   588   588 D lowmemorykiller: Not killing for medium pressure event polling check
06-28 14:51:32.962   588   588 D lowmemorykiller: super critical pressure event triggered
06-28 14:51:32.962   588   588 D lowmemorykiller: thrashing: 0% thrashing_limit: 10%
06-28 14:51:32.962   588   588 D lowmemorykiller: Not killing for super critical pressure event trigger
06-28 14:51:32.962   588   588 D lowmemorykiller: critical pressure event triggered
06-28 14:51:32.983   589   589 E SELinux : avc:  denied  { find } for pid=5676 uid=10236 name=tethering scontext=u:r:vendor_systemhelper_app:s0:c512,c768 tcontext=u:object_r:tethering_service:s0 tclass=service_manager permissive=0
06-28 14:51:33.058   588   588 D lowmemorykiller: critical pressure event polling check
06-28 14:51:33.059   588   588 D lowmemorykiller: thrashing: 0% thrashing_limit: 10%
06-28 14:51:33.059   588   588 D lowmemorykiller: Not killing for critical pressure event polling check
06-28 14:51:33.159   588   588 D lowmemorykiller: critical pressure event polling check
06-28 14:51:33.159   588   588 D lowmemorykiller: thrashing: 1% thrashing_limit: 10%
06-28 14:51:33.160   588   588 D lowmemorykiller: Not killing for critical pressure event polling check
06-28 14:51:33.184   589   589 E SELinux : avc:  denied  { find } for pid=5676 uid=10236 name=tethering scontext=u:r:vendor_systemhelper_app:s0:c512,c768 tcontext=u:object_r:tethering_service:s0 tclass=service_manager permissive=0
06-28 14:51:33.260   588   588 D lowmemorykiller: critical pressure event polling check
06-28 14:51:33.260   588   588 D lowmemorykiller: thrashing: 1% thrashing_limit: 10%
06-28 14:51:33.260   588   588 D lowmemorykiller: Not killing for critical pressure event polling check
06-28 14:51:33.361   588   588 D lowmemorykiller: critical pressure event polling check
06-28 14:51:33.361   588   588 D lowmemorykiller: thrashing: 2% thrashing_limit: 10%
06-28 14:51:33.361   588   588 D lowmemorykiller: Not killing for critical pressure event polling check
06-28 14:51:33.384   589   589 E SELinux : avc:  denied  { find } for pid=5676 uid=10236 name=tethering scontext=u:r:vendor_systemhelper_app:s0:c512,c768 tcontext=u:object_r:tethering_service:s0 tclass=service_manager permissive=0
06-28 14:51:33.407   989 30436 I vendor.qti.bluetooth@1.0-ibs_handler: DeviceSleep: TX Awake, Sending SLEEP_IND
06-28 14:51:33.407   989 30436 D vendor.qti.bluetooth@1.0-ibs_handler: SerialClockVote: vote for UART CLK OFF
06-28 14:51:33.462   588   588 D lowmemorykiller: critical pressure event polling check
06-28 14:51:33.462   588   588 D lowmemorykiller: thrashing: 2% thrashing_limit: 10%
06-28 14:51:33.462   588   588 D lowmemorykiller: Not killing for critical pressure event polling check
06-28 14:51:33.557   989 30425 D vendor.qti.bluetooth@1.0-wake_lock: Release wakelock is released 
06-28 14:51:33.562   588   588 D lowmemorykiller: critical pressure event polling check
06-28 14:51:33.563   588   588 D lowmemorykiller: thrashing: 3% thrashing_limit: 10%
06-28 14:51:33.563   588   588 D lowmemorykiller: Not killing for critical pressure event polling check
06-28 14:51:33.586   589   589 E SELinux : avc:  denied  { find } for pid=5676 uid=10236 name=tethering scontext=u:r:vendor_systemhelper_app:s0:c512,c768 tcontext=u:object_r:tethering_service:s0 tclass=service_manager permissive=0
06-28 14:51:33.663   588   588 D lowmemorykiller: critical pressure event polling check
06-28 14:51:33.663   588   588 D lowmemorykiller: thrashing: 3% thrashing_limit: 10%
06-28 14:51:33.663   588   588 D lowmemorykiller: Not killing for critical pressure event polling check
06-28 14:51:33.763   588   588 D lowmemorykiller: critical pressure event polling check
06-28 14:51:33.764   588   588 D lowmemorykiller: thrashing: 3% thrashing_limit: 10%
06-28 14:51:33.764   588   588 D lowmemorykiller: Not killing for critical pressure event polling check
06-28 14:51:33.786   589   589 E SELinux : avc:  denied  { find } for pid=5676 uid=10236 name=tethering scontext=u:r:vendor_systemhelper_app:s0:c512,c768 tcontext=u:object_r:tethering_service:s0 tclass=service_manager permissive=0
06-28 14:51:33.847  7447  8497 I PowerRankHelperHolder: mMiscUsageList size = 6
06-28 14:51:33.847  7447  8497 I PowerRankHelperHolder: refreshStats end
06-28 14:51:33.864   588   588 D lowmemorykiller: critical pressure event polling check
06-28 14:51:33.865   588   588 D lowmemorykiller: Not killing for critical pressure event polling check
06-28 14:51:33.902   588   588 D lowmemorykiller: medium pressure event triggered
06-28 14:51:33.903   588   588 D lowmemorykiller: thrashing: 0% thrashing_limit: 10%
06-28 14:51:33.903   588   588 D lowmemorykiller: Not killing for medium pressure event trigger
06-28 14:51:33.964   588   588 D lowmemorykiller: medium pressure event polling check
06-28 14:51:33.964   588   588 D lowmemorykiller: thrashing: 0% thrashing_limit: 10%
06-28 14:51:33.965   588   588 D lowmemorykiller: Not killing for medium pressure event polling check
06-28 14:51:33.988   589   589 E SELinux : avc:  denied  { find } for pid=5676 uid=10236 name=tethering scontext=u:r:vendor_systemhelper_app:s0:c512,c768 tcontext=u:object_r:tethering_service:s0 tclass=service_manager permissive=0
06-28 14:51:34.006   588   588 D lowmemorykiller: critical pressure event triggered
06-28 14:51:34.064   588   588 D lowmemorykiller: critical pressure event polling check
06-28 14:51:34.064   588   588 D lowmemorykiller: thrashing: 0% thrashing_limit: 10%
06-28 14:51:34.065   588   588 D lowmemorykiller: Not killing for critical pressure event polling check
06-28 14:51:34.165   588   588 D lowmemorykiller: critical pressure event polling check
06-28 14:51:34.190   589   589 E SELinux : avc:  denied  { find } for pid=5676 uid=10236 name=tethering scontext=u:r:vendor_systemhelper_app:s0:c512,c768 tcontext=u:object_r:tethering_service:s0 tclass=service_manager permissive=0
06-28 14:51:34.267   588   588 D lowmemorykiller: critical pressure event polling check
06-28 14:51:34.368   588   588 D lowmemorykiller: critical pressure event polling check
06-28 14:51:34.392   589   589 E SELinux : avc:  denied  { find } for pid=5676 uid=10236 name=tethering scontext=u:r:vendor_systemhelper_app:s0:c512,c768 tcontext=u:object_r:tethering_service:s0 tclass=service_manager permissive=0
06-28 14:51:34.396  1623  1913 D CompatibilityInfo: mCompatibilityFlags - 0
06-28 14:51:34.396  1623  1913 D CompatibilityInfo: applicationDensity - 440
06-28 14:51:34.396  1623  1913 D CompatibilityInfo: applicationScale - 1.0
06-28 14:51:34.474  1623  1913 D CompatibilityInfo: mCompatibilityFlags - 0
06-28 14:51:34.474  1623  1913 D CompatibilityInfo: applicationDensity - 440
06-28 14:51:34.474  1623  1913 D CompatibilityInfo: applicationScale - 1.0
06-28 14:51:34.595   589   589 E SELinux : avc:  denied  { find } for pid=5676 uid=10236 name=tethering scontext=u:r:vendor_systemhelper_app:s0:c512,c768 tcontext=u:object_r:tethering_service:s0 tclass=service_manager permissive=0
06-28 14:51:34.611  3980  3980 I NotificationController: onNotificationPosted: mSmartTravelNotificationMap 0
06-28 14:51:34.611  2823  2823 D InterruptionStateProvider: No bubble up: not allowed to bubble: 0|com.happproxy|1|null|10769
06-28 14:51:34.613  7447  7701 V h       : flags=106
06-28 14:51:34.613  2823  2823 D InterruptionStateProvider: No heads up: unimportant notification: 0|com.happproxy|1|null|10769
06-28 14:51:34.615  7447  7701 V h       : ret=0
06-28 14:51:34.625  3980  3980 I NotificationController: onNotificationPosted: mSmartTravelNotificationMap 0
06-28 14:51:34.628  7447  7701 V h       : flags=106
06-28 14:51:34.629  7447  7701 V h       : ret=0
06-28 14:51:34.648  1050  1050 E ANDR-PERF-DATA-POOL: EventDataPool is Full
06-28 14:51:34.648  1050  1050 E ANDR-PERF-MPCTL: event data pool ran empty
06-28 14:51:34.652  2823  2823 D InterruptionStateProvider: No bubble up: not allowed to bubble: 0|com.happproxy|1|null|10769
06-28 14:51:34.652  2823  2823 D InterruptionStateProvider: No heads up: unimportant notification: 0|com.happproxy|1|null|10769
06-28 14:51:34.647 27689 27689 W ThreadPoolForeg: type=1400 audit(0.0:2580778): avc: denied { write } for name="traced_producer" dev="tmpfs" ino=17161 scontext=u:r:gmscore_app:s0:c512,c768 tcontext=u:object_r:traced_producer_socket:s0 tclass=sock_file permissive=0 app=com.google.android.gms
06-28 14:51:34.677  3980  3980 I NotificationController: onNotificationPosted: mSmartTravelNotificationMap 0
06-28 14:51:34.679  7447  7701 V h       : flags=106
06-28 14:51:34.680  7447  7701 V h       : ret=0
06-28 14:51:34.682  2823  2823 D InterruptionStateProvider: No bubble up: not allowed to bubble: 0|com.happproxy|1|null|10769
06-28 14:51:34.683  2823  2823 D InterruptionStateProvider: No heads up: unimportant notification: 0|com.happproxy|1|null|10769
06-28 14:51:34.715  3980  3980 I NotificationController: onNotificationPosted: mSmartTravelNotificationMap 0
06-28 14:51:34.717  7447  7701 V h       : flags=106
06-28 14:51:34.718  7447  7701 V h       : ret=0
06-28 14:51:34.735  2823  2823 D InterruptionStateProvider: No bubble up: not allowed to bubble: 0|com.happproxy|1|null|10769
06-28 14:51:34.736  2823  2823 D InterruptionStateProvider: No heads up: unimportant notification: 0|com.happproxy|1|null|10769
06-28 14:51:34.799   589   589 E SELinux : avc:  denied  { find } for pid=5676 uid=10236 name=tethering scontext=u:r:vendor_systemhelper_app:s0:c512,c768 tcontext=u:object_r:tethering_service:s0 tclass=service_manager permissive=0
06-28 14:51:35.813   589   589 I chatty  : uid=1000(system) /system/bin/servicemanager identical 5 lines
06-28 14:51:36.017   589   589 E SELinux : avc:  denied  { find } for pid=5676 uid=10236 name=tethering scontext=u:r:vendor_systemhelper_app:s0:c512,c768 tcontext=u:object_r:tethering_service:s0 tclass=service_manager permissive=0
06-28 14:51:36.119 27801 27801 W ThreadPoolForeg: type=1400 audit(0.0:2580779): avc: denied { write } for name="traced_producer" dev="tmpfs" ino=17161 scontext=u:r:gmscore_app:s0:c512,c768 tcontext=u:object_r:traced_producer_socket:s0 tclass=sock_file permissive=0 app=com.google.android.gms
06-28 14:51:36.220   589   589 E SELinux : avc:  denied  { find } for pid=5676 uid=10236 name=tethering scontext=u:r:vendor_systemhelper_app:s0:c512,c768 tcontext=u:object_r:tethering_service:s0 tclass=service_manager permissive=0
06-28 14:51:37.032   589   589 I chatty  : uid=1000(system) /system/bin/servicemanager identical 4 lines
06-28 14:51:37.237   589   589 E SELinux : avc:  denied  { find } for pid=5676 uid=10236 name=tethering scontext=u:r:vendor_systemhelper_app:s0:c512,c768 tcontext=u:object_r:tethering_service:s0 tclass=service_manager permissive=0
06-28 14:51:37.418  1623  1913 D CompatibilityInfo: mCompatibilityFlags - 0
06-28 14:51:37.418  1623  1913 D CompatibilityInfo: applicationDensity - 440
06-28 14:51:37.418  1623  1913 D CompatibilityInfo: applicationScale - 1.0
06-28 14:51:37.439   589   589 E SELinux : avc:  denied  { find } for pid=5676 uid=10236 name=tethering scontext=u:r:vendor_systemhelper_app:s0:c512,c768 tcontext=u:object_r:tethering_service:s0 tclass=service_manager permissive=0
06-28 14:51:37.475  1623  1913 D CompatibilityInfo: mCompatibilityFlags - 0
06-28 14:51:37.475  1623  1913 D CompatibilityInfo: applicationDensity - 440
06-28 14:51:37.475  1623  1913 D CompatibilityInfo: applicationScale - 1.0
06-28 14:51:37.543  1623  2500 D MiuiNetworkPolicy: updateLimit mLimitEnabled=false,enabled=true,mNetworkPriorityMode=2
06-28 14:51:37.543  5502  5502 E IP6TABLES-RESTORE-LIB: line 5954 read
06-28 14:51:37.544  5502  5502 E XTABLES : Beginning to apply lock on /system/etc/xtables.lock
06-28 14:51:37.544  5502  5502 E XTABLES : /system/etc/xtables.lock locked
06-28 14:51:37.544  5502  5502 E IP6TABLES-RESTORE-LIB: line 5954, table 'filter'
06-28 14:51:37.544  5502  5502 E IP6TABLES-RESTORE-LIB: line 5955 read
06-28 14:51:37.544  5502  5502 E IP6TABLES-RESTORE-LIB: calling do_command(7, argv, &filter, handle):
06-28 14:51:37.545  5502  5502 E IP6TABLES-RESTORE-LIB: command: [/system/bin/iptables-restore,-t,filter,-A,tc_limiter,-j,DROP,]
06-28 14:51:37.545  5502  5502 E IP6TABLES-RESTORE-LIB: line 5956 read
06-28 14:51:37.545  5502  5502 E IP6TABLES-RESTORE-LIB: Calling commit
06-28 14:51:37.546  5502  5502 E IP6TABLES-RESTORE-LIB: line 5957 read
06-28 14:51:37.546  5504  5504 E IP6TABLES-RESTORE-LIB: line 5958 read
06-28 14:51:37.547  5504  5504 E XTABLES : Beginning to apply lock on /system/etc/xtables.lock
06-28 14:51:37.547  5504  5504 E XTABLES : /system/etc/xtables.lock locked
06-28 14:51:37.547  5504  5504 E IP6TABLES-RESTORE-LIB: line 5958, table 'filter'
06-28 14:51:37.547  5504  5504 E IP6TABLES-RESTORE-LIB: line 5959 read
06-28 14:51:37.547  5504  5504 E IP6TABLES-RESTORE-LIB: calling do_command(10, argv, &filter, handle):
06-28 14:51:37.547  5504  5504 E IP6TABLES-RESTORE-LIB: command: [/system/bin/ip6tables-restore,-t,filter,-A,tc_limiter,!,-p,icmpv6,-j,DROP,]
06-28 14:51:37.547  5504  5504 E IP6TABLES-RESTORE-LIB: line 5960 read
06-28 14:51:37.547  5504  5504 E IP6TABLES-RESTORE-LIB: Calling commit
06-28 14:51:37.548  5504  5504 E IP6TABLES-RESTORE-LIB: line 5961 read
06-28 14:51:37.626  3980  3980 I NotificationController: onNotificationPosted: mSmartTravelNotificationMap 0
06-28 14:51:37.629  7447  7701 V h       : flags=106
06-28 14:51:37.631  7447  7701 V h       : ret=0
06-28 14:51:37.636  2823  2823 D InterruptionStateProvider: No bubble up: not allowed to bubble: 0|com.happproxy|1|null|10769
06-28 14:51:37.637  2823  2823 D InterruptionStateProvider: No heads up: unimportant notification: 0|com.happproxy|1|null|10769
06-28 14:51:37.641   589   589 E SELinux : avc:  denied  { find } for pid=5676 uid=10236 name=tethering scontext=u:r:vendor_systemhelper_app:s0:c512,c768 tcontext=u:object_r:tethering_service:s0 tclass=service_manager permissive=0
06-28 14:51:37.656  3980  3980 I NotificationController: onNotificationPosted: mSmartTravelNotificationMap 0
06-28 14:51:37.657  7447  7701 V h       : flags=106
06-28 14:51:37.659  7447  7701 V h       : ret=0
06-28 14:51:37.665  1050  1050 E ANDR-PERF-DATA-POOL: EventDataPool is Full
06-28 14:51:37.665  1050  1050 E ANDR-PERF-MPCTL: event data pool ran empty
06-28 14:51:37.667  2823  2823 D InterruptionStateProvider: No bubble up: not allowed to bubble: 0|com.happproxy|1|null|10769
06-28 14:51:37.667  2823  2823 D InterruptionStateProvider: No heads up: unimportant notification: 0|com.happproxy|1|null|10769
06-28 14:51:37.681  7447  7701 V h       : flags=106
06-28 14:51:37.681  3980  3980 I NotificationController: onNotificationPosted: mSmartTravelNotificationMap 0
06-28 14:51:37.682  7447  7701 V h       : ret=0
06-28 14:51:37.695  2823  2823 D InterruptionStateProvider: No bubble up: not allowed to bubble: 0|com.happproxy|1|null|10769
06-28 14:51:37.696  2823  2823 D InterruptionStateProvider: No heads up: unimportant notification: 0|com.happproxy|1|null|10769
06-28 14:51:37.706  7447  7701 V h       : flags=106
06-28 14:51:37.706  3980  3980 I NotificationController: onNotificationPosted: mSmartTravelNotificationMap 0
06-28 14:51:37.707  7447  7701 V h       : ret=0
06-28 14:51:37.724  2823  2823 D InterruptionStateProvider: No bubble up: not allowed to bubble: 0|com.happproxy|1|null|10769
06-28 14:51:37.724  2823  2823 D InterruptionStateProvider: No heads up: unimportant notification: 0|com.happproxy|1|null|10769
06-28 14:51:37.842   589   589 E SELinux : avc:  denied  { find } for pid=5676 uid=10236 name=tethering scontext=u:r:vendor_systemhelper_app:s0:c512,c768 tcontext=u:object_r:tethering_service:s0 tclass=service_manager permissive=0
06-28 14:51:39.870   589   589 I chatty  : uid=1000(system) /system/bin/servicemanager identical 10 lines
06-28 14:51:40.073   589   589 E SELinux : avc:  denied  { find } for pid=5676 uid=10236 name=tethering scontext=u:r:vendor_systemhelper_app:s0:c512,c768 tcontext=u:object_r:tethering_service:s0 tclass=service_manager permissive=0
06-28 14:51:40.175  2102  2102 W ThreadPoolForeg: type=1400 audit(0.0:2580780): avc: denied { write } for name="traced_producer" dev="tmpfs" ino=17161 scontext=u:r:gmscore_app:s0:c512,c768 tcontext=u:object_r:traced_producer_socket:s0 tclass=sock_file permissive=0 app=com.google.android.gms
06-28 14:51:40.275   589   589 E SELinux : avc:  denied  { find } for pid=5676 uid=10236 name=tethering scontext=u:r:vendor_systemhelper_app:s0:c512,c768 tcontext=u:object_r:tethering_service:s0 tclass=service_manager permissive=0
06-28 14:51:40.400  1623  1913 D CompatibilityInfo: mCompatibilityFlags - 0
06-28 14:51:40.400  1623  1913 D CompatibilityInfo: applicationDensity - 440
06-28 14:51:40.400  1623  1913 D CompatibilityInfo: applicationScale - 1.0
06-28 14:51:40.477   589   589 E SELinux : avc:  denied  { find } for pid=5676 uid=10236 name=tethering scontext=u:r:vendor_systemhelper_app:s0:c512,c768 tcontext=u:object_r:tethering_service:s0 tclass=service_manager permissive=0
06-28 14:51:40.499  1623  1913 D CompatibilityInfo: mCompatibilityFlags - 0
06-28 14:51:40.499  1623  1913 D CompatibilityInfo: applicationDensity - 440
06-28 14:51:40.500  1623  1913 D CompatibilityInfo: applicationScale - 1.0
06-28 14:51:40.615  3980  3980 I NotificationController: onNotificationPosted: mSmartTravelNotificationMap 0
06-28 14:51:40.616  7447  7701 V h       : flags=106
06-28 14:51:40.618  2823  2823 D InterruptionStateProvider: No bubble up: not allowed to bubble: 0|com.happproxy|1|null|10769
06-28 14:51:40.619  7447  7701 V h       : ret=0
06-28 14:51:40.620  2823  2823 D InterruptionStateProvider: No heads up: unimportant notification: 0|com.happproxy|1|null|10769
06-28 14:51:40.625  3980  3980 I NotificationController: onNotificationPosted: mSmartTravelNotificationMap 0
06-28 14:51:40.631  7447  7701 V h       : flags=106
06-28 14:51:40.632  7447  7701 V h       : ret=0
06-28 14:51:40.651  1050  1050 E ANDR-PERF-DATA-POOL: EventDataPool is Full
06-28 14:51:40.651  1050  1050 E ANDR-PERF-MPCTL: event data pool ran empty
06-28 14:51:40.655  2823  2823 D InterruptionStateProvider: No bubble up: not allowed to bubble: 0|com.happproxy|1|null|10769
06-28 14:51:40.656  2823  2823 D InterruptionStateProvider: No heads up: unimportant notification: 0|com.happproxy|1|null|10769
06-28 14:51:40.680   589   589 E SELinux : avc:  denied  { find } for pid=5676 uid=10236 name=tethering scontext=u:r:vendor_systemhelper_app:s0:c512,c768 tcontext=u:object_r:tethering_service:s0 tclass=service_manager permissive=0
06-28 14:51:40.707  3980  3980 I NotificationController: onNotificationPosted: mSmartTravelNotificationMap 0
06-28 14:51:40.709  7447  7701 V h       : flags=106
06-28 14:51:40.710  7447  7701 V h       : ret=0
06-28 14:51:40.732  2823  2823 D InterruptionStateProvider: No bubble up: not allowed to bubble: 0|com.happproxy|1|null|10769
06-28 14:51:40.733  2823  2823 D InterruptionStateProvider: No heads up: unimportant notification: 0|com.happproxy|1|null|10769
06-28 14:51:40.736  3980  3980 I NotificationController: onNotificationPosted: mSmartTravelNotificationMap 0
06-28 14:51:40.738  7447  7701 V h       : flags=106
06-28 14:51:40.739  7447  7701 V h       : ret=0
06-28 14:51:40.767  2823  2823 D InterruptionStateProvider: No bubble up: not allowed to bubble: 0|com.happproxy|1|null|10769
06-28 14:51:40.768  2823  2823 D InterruptionStateProvider: No heads up: unimportant notification: 0|com.happproxy|1|null|10769
06-28 14:51:40.783  2823  2823 W Choreographer: Frame time is 0.059205 ms in the future!  Check that graphics HAL is generating vsync timestamps using the correct timebase.
06-28 14:51:40.881   589   589 E SELinux : avc:  denied  { find } for pid=5676 uid=10236 name=tethering scontext=u:r:vendor_systemhelper_app:s0:c512,c768 tcontext=u:object_r:tethering_service:s0 tclass=service_manager permissive=0
06-28 14:51:40.940  2823  2842 I ndroid.systemu: NativeAlloc concurrent copying GC freed 301953(11MB) AllocSpace objects, 2(104KB) LOS objects, 49% free, 12MB/24MB, paused 83us total 118.697ms
06-28 14:51:41.084   589   589 E SELinux : avc:  denied  { find } for pid=5676 uid=10236 name=tethering scontext=u:r:vendor_systemhelper_app:s0:c512,c768 tcontext=u:object_r:tethering_service:s0 tclass=service_manager permissive=0
06-28 14:51:43.111   589   589 I chatty  : uid=1000(system) /system/bin/servicemanager identical 10 lines
06-28 14:51:43.313   589   589 E SELinux : avc:  denied  { find } for pid=5676 uid=10236 name=tethering scontext=u:r:vendor_systemhelper_app:s0:c512,c768 tcontext=u:object_r:tethering_service:s0 tclass=service_manager permissive=0
06-28 14:51:43.421  1623  1913 D CompatibilityInfo: mCompatibilityFlags - 0
06-28 14:51:43.421  1623  1913 D CompatibilityInfo: applicationDensity - 440
06-28 14:51:43.421  1623  1913 D CompatibilityInfo: applicationScale - 1.0
06-28 14:51:43.480  1623  1913 D CompatibilityInfo: mCompatibilityFlags - 0
06-28 14:51:43.480  1623  1913 D CompatibilityInfo: applicationDensity - 440
06-28 14:51:43.480  1623  1913 D CompatibilityInfo: applicationScale - 1.0
06-28 14:51:43.515   589   589 E SELinux : avc:  denied  { find } for pid=5676 uid=10236 name=tethering scontext=u:r:vendor_systemhelper_app:s0:c512,c768 tcontext=u:object_r:tethering_service:s0 tclass=service_manager permissive=0
06-28 14:51:43.631  7447  7701 V h       : flags=106
06-28 14:51:43.631  3980  3980 I NotificationController: onNotificationPosted: mSmartTravelNotificationMap 0
06-28 14:51:43.632  7447  7701 V h       : ret=0
06-28 14:51:43.643  2823  2823 D InterruptionStateProvider: No bubble up: not allowed to bubble: 0|com.happproxy|1|null|10769
06-28 14:51:43.644  2823  2823 D InterruptionStateProvider: No heads up: unimportant notification: 0|com.happproxy|1|null|10769
06-28 14:51:43.657  3980  3980 I NotificationController: onNotificationPosted: mSmartTravelNotificationMap 0
06-28 14:51:43.659  7447  7701 V h       : flags=106
06-28 14:51:43.660  7447  7701 V h       : ret=0
06-28 14:51:43.673  1050  1050 E ANDR-PERF-DATA-POOL: EventDataPool is Full
06-28 14:51:43.673  1050  1050 E ANDR-PERF-MPCTL: event data pool ran empty
06-28 14:51:43.684  3980  3980 I NotificationController: onNotificationPosted: mSmartTravelNotificationMap 0
06-28 14:51:43.684  7447  7701 V h       : flags=106
06-28 14:51:43.686  7447  7701 V h       : ret=0
06-28 14:51:43.696  2823  2823 D InterruptionStateProvider: No bubble up: not allowed to bubble: 0|com.happproxy|1|null|10769
06-28 14:51:43.696  2823  2823 D InterruptionStateProvider: No heads up: unimportant notification: 0|com.happproxy|1|null|10769
06-28 14:51:43.702  2823  2823 D InterruptionStateProvider: No bubble up: not allowed to bubble: 0|com.happproxy|1|null|10769
06-28 14:51:43.703  2823  2823 D InterruptionStateProvider: No heads up: unimportant notification: 0|com.happproxy|1|null|10769
06-28 14:51:43.708  3980  3980 I NotificationController: onNotificationPosted: mSmartTravelNotificationMap 0
06-28 14:51:43.709  7447  7701 V h       : flags=106
06-28 14:51:43.709  7447  7701 V h       : ret=0
06-28 14:51:43.716   589   589 E SELinux : avc:  denied  { find } for pid=5676 uid=10236 name=tethering scontext=u:r:vendor_systemhelper_app:s0:c512,c768 tcontext=u:object_r:tethering_service:s0 tclass=service_manager permissive=0
06-28 14:51:43.717  2823  2823 D InterruptionStateProvider: No bubble up: not allowed to bubble: 0|com.happproxy|1|null|10769
06-28 14:51:43.717  2823  2823 D InterruptionStateProvider: No heads up: unimportant notification: 0|com.happproxy|1|null|10769
06-28 14:51:43.917   589   589 E SELinux : avc:  denied  { find } for pid=5676 uid=10236 name=tethering scontext=u:r:vendor_systemhelper_app:s0:c512,c768 tcontext=u:object_r:tethering_service:s0 tclass=service_manager permissive=0
06-28 14:51:44.523   589   589 I chatty  : uid=1000(system) /system/bin/servicemanager identical 3 lines
06-28 14:51:44.725   589   589 E SELinux : avc:  denied  { find } for pid=5676 uid=10236 name=tethering scontext=u:r:vendor_systemhelper_app:s0:c512,c768 tcontext=u:object_r:tethering_service:s0 tclass=service_manager permissive=0
06-28 14:51:44.726 25111  2369 W .azs:AppMetric: No such thread id for suspend: 58
06-28 14:51:44.928   589   589 E SELinux : avc:  denied  { find } for pid=5676 uid=10236 name=tethering scontext=u:r:vendor_systemhelper_app:s0:c512,c768 tcontext=u:object_r:tethering_service:s0 tclass=service_manager permissive=0
06-28 14:51:46.145   589   589 I chatty  : uid=1000(system) /system/bin/servicemanager identical 6 lines
06-28 14:51:46.350   589   589 E SELinux : avc:  denied  { find } for pid=5676 uid=10236 name=tethering scontext=u:r:vendor_systemhelper_app:s0:c512,c768 tcontext=u:object_r:tethering_service:s0 tclass=service_manager permissive=0
06-28 14:51:46.429  1623  1913 D CompatibilityInfo: mCompatibilityFlags - 0
06-28 14:51:46.430  1623  1913 D CompatibilityInfo: applicationDensity - 440
06-28 14:51:46.430  1623  1913 D CompatibilityInfo: applicationScale - 1.0
06-28 14:51:46.485  1623  1913 D CompatibilityInfo: mCompatibilityFlags - 0
06-28 14:51:46.485  1623  1913 D CompatibilityInfo: applicationDensity - 440
06-28 14:51:46.485  1623  1913 D CompatibilityInfo: applicationScale - 1.0
06-28 14:51:46.552   589   589 E SELinux : avc:  denied  { find } for pid=5676 uid=10236 name=tethering scontext=u:r:vendor_systemhelper_app:s0:c512,c768 tcontext=u:object_r:tethering_service:s0 tclass=service_manager permissive=0
06-28 14:51:46.639  7447  7701 V h       : flags=106
06-28 14:51:46.642  3980  3980 I NotificationController: onNotificationPosted: mSmartTravelNotificationMap 0
06-28 14:51:46.643  7447  7701 V h       : ret=0
06-28 14:51:46.648  2823  2823 D InterruptionStateProvider: No bubble up: not allowed to bubble: 0|com.happproxy|1|null|10769
06-28 14:51:46.649  2823  2823 D InterruptionStateProvider: No heads up: unimportant notification: 0|com.happproxy|1|null|10769
06-28 14:51:46.668  3980  3980 I NotificationController: onNotificationPosted: mSmartTravelNotificationMap 0
06-28 14:51:46.669  7447  7701 V h       : flags=106
06-28 14:51:46.670  7447  7701 V h       : ret=0
06-28 14:51:46.674  1050  1050 E ANDR-PERF-DATA-POOL: EventDataPool is Full
06-28 14:51:46.674  1050  1050 E ANDR-PERF-MPCTL: event data pool ran empty
06-28 14:51:46.677  2823  2823 D InterruptionStateProvider: No bubble up: not allowed to bubble: 0|com.happproxy|1|null|10769
06-28 14:51:46.677  2823  2823 D InterruptionStateProvider: No heads up: unimportant notification: 0|com.happproxy|1|null|10769
06-28 14:51:46.689  3980  3980 I NotificationController: onNotificationPosted: mSmartTravelNotificationMap 0
06-28 14:51:46.691  7447  7701 V h       : flags=106
06-28 14:51:46.692  7447  7701 V h       : ret=0
06-28 14:51:46.708  2823  2823 D InterruptionStateProvider: No bubble up: not allowed to bubble: 0|com.happproxy|1|null|10769
06-28 14:51:46.709  2823  2823 D InterruptionStateProvider: No heads up: unimportant notification: 0|com.happproxy|1|null|10769
06-28 14:51:46.717  3980  3980 I NotificationController: onNotificationPosted: mSmartTravelNotificationMap 0
06-28 14:51:46.717  7447  7701 V h       : flags=106
06-28 14:51:46.719  7447  7701 V h       : ret=0
06-28 14:51:46.741  2823  2823 D InterruptionStateProvider: No bubble up: not allowed to bubble: 0|com.happproxy|1|null|10769
06-28 14:51:46.742  2823  2823 D InterruptionStateProvider: No heads up: unimportant notification: 0|com.happproxy|1|null|10769
06-28 14:51:46.754   589   589 E SELinux : avc:  denied  { find } for pid=5676 uid=10236 name=tethering scontext=u:r:vendor_systemhelper_app:s0:c512,c768 tcontext=u:object_r:tethering_service:s0 tclass=service_manager permissive=0
06-28 14:51:49.190   589   589 I chatty  : uid=1000(system) /system/bin/servicemanager identical 12 lines
06-28 14:51:49.392   589   589 E SELinux : avc:  denied  { find } for pid=5676 uid=10236 name=tethering scontext=u:r:vendor_systemhelper_app:s0:c512,c768 tcontext=u:object_r:tethering_service:s0 tclass=service_manager permissive=0
06-28 14:51:49.438  1623  1913 D CompatibilityInfo: mCompatibilityFlags - 0
06-28 14:51:49.438  1623  1913 D CompatibilityInfo: applicationDensity - 440
06-28 14:51:49.438  1623  1913 D CompatibilityInfo: applicationScale - 1.0
06-28 14:51:49.488  1623  1913 D CompatibilityInfo: mCompatibilityFlags - 0
06-28 14:51:49.489  1623  1913 D CompatibilityInfo: applicationDensity - 440
06-28 14:51:49.489  1623  1913 D CompatibilityInfo: applicationScale - 1.0
06-28 14:51:49.597   589   589 E SELinux : avc:  denied  { find } for pid=5676 uid=10236 name=tethering scontext=u:r:vendor_systemhelper_app:s0:c512,c768 tcontext=u:object_r:tethering_service:s0 tclass=service_manager permissive=0
06-28 14:51:49.644  3980  3980 I NotificationController: onNotificationPosted: mSmartTravelNotificationMap 0
06-28 14:51:49.646  7447  7701 V h       : flags=106
06-28 14:51:49.648  7447  7701 V h       : ret=0
06-28 14:51:49.652  2823  2823 D InterruptionStateProvider: No bubble up: not allowed to bubble: 0|com.happproxy|1|null|10769
06-28 14:51:49.654  2823  2823 D InterruptionStateProvider: No heads up: unimportant notification: 0|com.happproxy|1|null|10769
06-28 14:51:49.675  3980  3980 I NotificationController: onNotificationPosted: mSmartTravelNotificationMap 0
06-28 14:51:49.678  7447  7701 V h       : flags=106
06-28 14:51:49.680  7447  7701 V h       : ret=0
06-28 14:51:49.686  1050  1050 E ANDR-PERF-DATA-POOL: EventDataPool is Full
06-28 14:51:49.687  1050  1050 E ANDR-PERF-MPCTL: event data pool ran empty
06-28 14:51:49.697  7447  7701 V h       : flags=106
06-28 14:51:49.699  7447  7701 V h       : ret=0
06-28 14:51:49.700  3980  3980 I NotificationController: onNotificationPosted: mSmartTravelNotificationMap 0
06-28 14:51:49.702  2823  2823 D InterruptionStateProvider: No bubble up: not allowed to bubble: 0|com.happproxy|1|null|10769
06-28 14:51:49.703  2823  2823 D InterruptionStateProvider: No heads up: unimportant notification: 0|com.happproxy|1|null|10769
06-28 14:51:49.719  3980  3980 I NotificationController: onNotificationPosted: mSmartTravelNotificationMap 0
06-28 14:51:49.720  7447  7701 V h       : flags=106
06-28 14:51:49.721  7447  7701 V h       : ret=0
06-28 14:51:49.734  2823  2823 D InterruptionStateProvider: No bubble up: not allowed to bubble: 0|com.happproxy|1|null|10769
06-28 14:51:49.734  2823  2823 D InterruptionStateProvider: No heads up: unimportant notification: 0|com.happproxy|1|null|10769
06-28 14:51:49.767  2823  2823 D InterruptionStateProvider: No bubble up: not allowed to bubble: 0|com.happproxy|1|null|10769
06-28 14:51:49.768  2823  2823 D InterruptionStateProvider: No heads up: unimportant notification: 0|com.happproxy|1|null|10769
06-28 14:51:49.799   589   589 E SELinux : avc:  denied  { find } for pid=5676 uid=10236 name=tethering scontext=u:r:vendor_systemhelper_app:s0:c512,c768 tcontext=u:object_r:tethering_service:s0 tclass=service_manager permissive=0
06-28 14:51:52.041   589   589 I chatty  : uid=1000(system) /system/bin/servicemanager identical 11 lines
06-28 14:51:52.245   589   589 E SELinux : avc:  denied  { find } for pid=5676 uid=10236 name=tethering scontext=u:r:vendor_systemhelper_app:s0:c512,c768 tcontext=u:object_r:tethering_service:s0 tclass=service_manager permissive=0
06-28 14:51:52.442  1623  1913 D CompatibilityInfo: mCompatibilityFlags - 0
06-28 14:51:52.442  1623  1913 D CompatibilityInfo: applicationDensity - 440
06-28 14:51:52.442  1623  1913 D CompatibilityInfo: applicationScale - 1.0
06-28 14:51:52.446   589   589 E SELinux : avc:  denied  { find } for pid=5676 uid=10236 name=tethering scontext=u:r:vendor_systemhelper_app:s0:c512,c768 tcontext=u:object_r:tethering_service:s0 tclass=service_manager permissive=0
06-28 14:51:52.504  1623  1913 D CompatibilityInfo: mCompatibilityFlags - 0
06-28 14:51:52.504  1623  1913 D CompatibilityInfo: applicationDensity - 440
06-28 14:51:52.504  1623  1913 D CompatibilityInfo: applicationScale - 1.0
06-28 14:51:52.612  8880  8900 I roxy:XRayDaemo: Background concurrent copying GC freed 46579(1702KB) AllocSpace objects, 4(832KB) LOS objects, 49% free, 2867KB/5734KB, paused 150us total 102.955ms
06-28 14:51:52.648   589   589 E SELinux : avc:  denied  { find } for pid=5676 uid=10236 name=tethering scontext=u:r:vendor_systemhelper_app:s0:c512,c768 tcontext=u:object_r:tethering_service:s0 tclass=service_manager permissive=0
06-28 14:51:52.652  3980  3980 I NotificationController: onNotificationPosted: mSmartTravelNotificationMap 0
06-28 14:51:52.653  7447  7701 V h       : flags=106
06-28 14:51:52.656  7447  7701 V h       : ret=0
06-28 14:51:52.664  2823  2823 D InterruptionStateProvider: No bubble up: not allowed to bubble: 0|com.happproxy|1|null|10769
06-28 14:51:52.665  2823  2823 D InterruptionStateProvider: No heads up: unimportant notification: 0|com.happproxy|1|null|10769
06-28 14:51:52.685  3980  3980 I NotificationController: onNotificationPosted: mSmartTravelNotificationMap 0
06-28 14:51:52.687  7447  7701 V h       : flags=106
06-28 14:51:52.688  7447  7701 V h       : ret=0
06-28 14:51:52.712  7447  7701 V h       : flags=106
06-28 14:51:52.713  3980  3980 I NotificationController: onNotificationPosted: mSmartTravelNotificationMap 0
06-28 14:51:52.714  7447  7701 V h       : ret=0
06-28 14:51:52.716  2823  2823 D InterruptionStateProvider: No bubble up: not allowed to bubble: 0|com.happproxy|1|null|10769
06-28 14:51:52.717  2823  2823 D InterruptionStateProvider: No heads up: unimportant notification: 0|com.happproxy|1|null|10769
06-28 14:51:52.717  1050  1050 E ANDR-PERF-DATA-POOL: EventDataPool is Full
06-28 14:51:52.718  1050  1050 E ANDR-PERF-MPCTL: event data pool ran empty
06-28 14:51:52.726  7447  7701 V h       : flags=106
06-28 14:51:52.726  3980  3980 I NotificationController: onNotificationPosted: mSmartTravelNotificationMap 0
06-28 14:51:52.728  7447  7701 V h       : ret=0
06-28 14:51:52.753  2823  2823 D InterruptionStateProvider: No bubble up: not allowed to bubble: 0|com.happproxy|1|null|10769
06-28 14:51:52.754  2823  2823 D InterruptionStateProvider: No heads up: unimportant notification: 0|com.happproxy|1|null|10769
06-28 14:51:52.763  2823  2823 D InterruptionStateProvider: No bubble up: not allowed to bubble: 0|com.happproxy|1|null|10769
06-28 14:51:52.764  2823  2823 D InterruptionStateProvider: No heads up: unimportant notification: 0|com.happproxy|1|null|10769
06-28 14:51:52.849   589   589 E SELinux : avc:  denied  { find } for pid=5676 uid=10236 name=tethering scontext=u:r:vendor_systemhelper_app:s0:c512,c768 tcontext=u:object_r:tethering_service:s0 tclass=service_manager permissive=0
06-28 14:51:54.499  1623  1893 D WatchdogInjector: checkOOMState heapAllocSize : 73MB; monitorSize : 500MB
06-28 14:51:54.277   589   589 I chatty  : uid=1000(system) /system/bin/servicemanager identical 7 lines
06-28 14:51:54.480   589   589 E SELinux : avc:  denied  { find } for pid=5676 uid=10236 name=tethering scontext=u:r:vendor_systemhelper_app:s0:c512,c768 tcontext=u:object_r:tethering_service:s0 tclass=service_manager permissive=0
06-28 14:51:54.553  1050  1050 E ANDR-PERF-DATA-POOL: EventDataPool is Full
06-28 14:51:54.553  1050  1050 E ANDR-PERF-MPCTL: event data pool ran empty
06-28 14:51:54.681   589   589 E SELinux : avc:  denied  { find } for pid=5676 uid=10236 name=tethering scontext=u:r:vendor_systemhelper_app:s0:c512,c768 tcontext=u:object_r:tethering_service:s0 tclass=service_manager permissive=0
06-28 14:51:55.087   589   589 I chatty  : uid=1000(system) /system/bin/servicemanager identical 2 lines
06-28 14:51:55.288   589   589 E SELinux : avc:  denied  { find } for pid=5676 uid=10236 name=tethering scontext=u:r:vendor_systemhelper_app:s0:c512,c768 tcontext=u:object_r:tethering_service:s0 tclass=service_manager permissive=0
06-28 14:51:55.416  1623  1913 D CompatibilityInfo: mCompatibilityFlags - 0
06-28 14:51:55.416  1623  1913 D CompatibilityInfo: applicationDensity - 440
06-28 14:51:55.416  1623  1913 D CompatibilityInfo: applicationScale - 1.0
06-28 14:51:55.466  5594 15137 I com.miui.daemo: oneway function results will be dropped but finished with status OK and parcel size 4
06-28 14:51:55.467  5594 15137 I com.miui.daemo: oneway function results will be dropped but finished with status OK and parcel size 4
06-28 14:51:55.490   589   589 E SELinux : avc:  denied  { find } for pid=5676 uid=10236 name=tethering scontext=u:r:vendor_systemhelper_app:s0:c512,c768 tcontext=u:object_r:tethering_service:s0 tclass=service_manager permissive=0
06-28 14:51:55.510  1623  1913 D CompatibilityInfo: mCompatibilityFlags - 0
06-28 14:51:55.510  1623  1913 D CompatibilityInfo: applicationDensity - 440
06-28 14:51:55.510  1623  1913 D CompatibilityInfo: applicationScale - 1.0
06-28 14:51:55.622  3980  3980 I NotificationController: onNotificationPosted: mSmartTravelNotificationMap 0
06-28 14:51:55.624  7447  7701 V h       : flags=106
06-28 14:51:55.625  7447  7701 V h       : ret=0
06-28 14:51:55.630  2823  2823 D InterruptionStateProvider: No bubble up: not allowed to bubble: 0|com.happproxy|1|null|10769
06-28 14:51:55.633  2823  2823 D InterruptionStateProvider: No heads up: unimportant notification: 0|com.happproxy|1|null|10769
06-28 14:51:55.656  3980  3980 I NotificationController: onNotificationPosted: mSmartTravelNotificationMap 0
06-28 14:51:55.657  7447  7701 V h       : flags=106
06-28 14:51:55.659  7447  7701 V h       : ret=0
06-28 14:51:55.662  1050  1050 E ANDR-PERF-DATA-POOL: EventDataPool is Full
06-28 14:51:55.662  1050  1050 E ANDR-PERF-MPCTL: event data pool ran empty
06-28 14:51:55.663  2823  2823 D InterruptionStateProvider: No bubble up: not allowed to bubble: 0|com.happproxy|1|null|10769
06-28 14:51:55.664  2823  2823 D InterruptionStateProvider: No heads up: unimportant notification: 0|com.happproxy|1|null|10769
06-28 14:51:55.691   589   589 E SELinux : avc:  denied  { find } for pid=5676 uid=10236 name=tethering scontext=u:r:vendor_systemhelper_app:s0:c512,c768 tcontext=u:object_r:tethering_service:s0 tclass=service_manager permissive=0
06-28 14:51:55.715  3980  3980 I NotificationController: onNotificationPosted: mSmartTravelNotificationMap 0
06-28 14:51:55.718  7447  7701 V h       : flags=106
06-28 14:51:55.719  7447  7701 V h       : ret=0
06-28 14:51:55.743  3980  3980 I NotificationController: onNotificationPosted: mSmartTravelNotificationMap 0
06-28 14:51:55.745  7447  7701 V h       : flags=106
06-28 14:51:55.747  7447  7701 V h       : ret=0
06-28 14:51:55.752  2823  2823 D InterruptionStateProvider: No bubble up: not allowed to bubble: 0|com.happproxy|1|null|10769
06-28 14:51:55.753  2823  2823 D InterruptionStateProvider: No heads up: unimportant notification: 0|com.happproxy|1|null|10769
06-28 14:51:55.761  2823  2823 D InterruptionStateProvider: No bubble up: not allowed to bubble: 0|com.happproxy|1|null|10769
06-28 14:51:55.762  2823  2823 D InterruptionStateProvider: No heads up: unimportant notification: 0|com.happproxy|1|null|10769
06-28 14:51:55.783  1050  1050 E ANDR-PERF-DATA-POOL: EventDataPool is Full
06-28 14:51:55.783  1050  1050 E ANDR-PERF-MPCTL: event data pool ran empty
06-28 14:51:55.893   589   589 E SELinux : avc:  denied  { find } for pid=5676 uid=10236 name=tethering scontext=u:r:vendor_systemhelper_app:s0:c512,c768 tcontext=u:object_r:tethering_service:s0 tclass=service_manager permissive=0
06-28 14:51:57.310   589   589 I chatty  : uid=1000(system) /system/bin/servicemanager identical 7 lines
06-28 14:51:57.513   589   589 E SELinux : avc:  denied  { find } for pid=5676 uid=10236 name=tethering scontext=u:r:vendor_systemhelper_app:s0:c512,c768 tcontext=u:object_r:tethering_service:s0 tclass=service_manager permissive=0
06-28 14:51:57.583  1050  1050 E ANDR-PERF-DATA-POOL: EventDataPool is Full
06-28 14:51:57.583  1050  1050 E ANDR-PERF-MPCTL: event data pool ran empty
06-28 14:51:57.718   589   589 E SELinux : avc:  denied  { find } for pid=5676 uid=10236 name=tethering scontext=u:r:vendor_systemhelper_app:s0:c512,c768 tcontext=u:object_r:tethering_service:s0 tclass=service_manager permissive=0
06-28 14:51:58.122   589   589 I chatty  : uid=1000(system) /system/bin/servicemanager identical 2 lines
06-28 14:51:58.325   589   589 E SELinux : avc:  denied  { find } for pid=5676 uid=10236 name=tethering scontext=u:r:vendor_systemhelper_app:s0:c512,c768 tcontext=u:object_r:tethering_service:s0 tclass=service_manager permissive=0
06-28 14:51:58.449  1623  1913 D CompatibilityInfo: mCompatibilityFlags - 0
06-28 14:51:58.449  1623  1913 D CompatibilityInfo: applicationDensity - 440
06-28 14:51:58.449  1623  1913 D CompatibilityInfo: applicationScale - 1.0
06-28 14:51:58.506  1623  1913 D CompatibilityInfo: mCompatibilityFlags - 0
06-28 14:51:58.506  1623  1913 D CompatibilityInfo: applicationDensity - 440
06-28 14:51:58.506  1623  1913 D CompatibilityInfo: applicationScale - 1.0
06-28 14:51:58.526   589   589 E SELinux : avc:  denied  { find } for pid=5676 uid=10236 name=tethering scontext=u:r:vendor_systemhelper_app:s0:c512,c768 tcontext=u:object_r:tethering_service:s0 tclass=service_manager permissive=0
06-28 14:51:58.612  8880  8900 I roxy:XRayDaemo: Background concurrent copying GC freed 46492(1690KB) AllocSpace objects, 4(832KB) LOS objects, 49% free, 2867KB/5734KB, paused 124us total 100.073ms
06-28 14:51:58.659  3980  3980 I NotificationController: onNotificationPosted: mSmartTravelNotificationMap 0
06-28 14:51:58.664  7447  7701 V h       : flags=106
06-28 14:51:58.665  7447  7701 V h       : ret=0
06-28 14:51:58.672  2823  2823 D InterruptionStateProvider: No bubble up: not allowed to bubble: 0|com.happproxy|1|null|10769
06-28 14:51:58.673  2823  2823 D InterruptionStateProvider: No heads up: unimportant notification: 0|com.happproxy|1|null|10769
06-28 14:51:58.688  3980  3980 I NotificationController: onNotificationPosted: mSmartTravelNotificationMap 0
06-28 14:51:58.690  7447  7701 V h       : flags=106
06-28 14:51:58.693  7447  7701 V h       : ret=0
06-28 14:51:58.712  1050  1050 E ANDR-PERF-DATA-POOL: EventDataPool is Full
06-28 14:51:58.712  1050  1050 E ANDR-PERF-MPCTL: event data pool ran empty
06-28 14:51:58.717  7447  7701 V h       : flags=106
06-28 14:51:58.717  3980  3980 I NotificationController: onNotificationPosted: mSmartTravelNotificationMap 0
06-28 14:51:58.717  7447  7701 V h       : ret=0
06-28 14:51:58.720  2823  2823 D InterruptionStateProvider: No bubble up: not allowed to bubble: 0|com.happproxy|1|null|10769
06-28 14:51:58.721  2823  2823 D InterruptionStateProvider: No heads up: unimportant notification: 0|com.happproxy|1|null|10769
06-28 14:51:58.727   589   589 E SELinux : avc:  denied  { find } for pid=5676 uid=10236 name=tethering scontext=u:r:vendor_systemhelper_app:s0:c512,c768 tcontext=u:object_r:tethering_service:s0 tclass=service_manager permissive=0
06-28 14:51:58.732  3980  3980 I NotificationController: onNotificationPosted: mSmartTravelNotificationMap 0
06-28 14:51:58.732  7447  7701 V h       : flags=106
06-28 14:51:58.733  7447  7701 V h       : ret=0
06-28 14:51:58.756  2823  2823 D InterruptionStateProvider: No bubble up: not allowed to bubble: 0|com.happproxy|1|null|10769
06-28 14:51:58.757  2823  2823 D InterruptionStateProvider: No heads up: unimportant notification: 0|com.happproxy|1|null|10769
06-28 14:51:58.767  2823  2823 D InterruptionStateProvider: No bubble up: not allowed to bubble: 0|com.happproxy|1|null|10769
06-28 14:51:58.768  2823  2823 D InterruptionStateProvider: No heads up: unimportant notification: 0|com.happproxy|1|null|10769
