06-28 14:50:10.373  1623  1913 D CompatibilityInfo: applicationScale - 1.0
06-28 14:50:10.501  7447  7701 V h       : flags=106
06-28 14:50:10.504  3980  3980 I NotificationController: onNotificationPosted: mSmartTravelNotificationMap 0
06-28 14:50:10.504  7447  7701 V h       : ret=0
06-28 14:50:10.508  2823  2823 D InterruptionStateProvider: No bubble up: not allowed to bubble: 0|com.happproxy|1|null|10769
06-28 14:50:10.510  2823  2823 D InterruptionStateProvider: No heads up: unimportant notification: 0|com.happproxy|1|null|10769
06-28 14:50:10.513   589   589 E SELinux : avc:  denied  { find } for pid=5676 uid=10236 name=tethering scontext=u:r:vendor_systemhelper_app:s0:c512,c768 tcontext=u:object_r:tethering_service:s0 tclass=service_manager permissive=0
06-28 14:50:10.529  3980  3980 I NotificationController: onNotificationPosted: mSmartTravelNotificationMap 0
06-28 14:50:10.530  7447  7701 V h       : flags=106
06-28 14:50:10.531  7447  7701 V h       : ret=0
06-28 14:50:10.536  1050  1050 E ANDR-PERF-DATA-POOL: EventDataPool is Full
06-28 14:50:10.536  1050  1050 E ANDR-PERF-MPCTL: event data pool ran empty
06-28 14:50:10.542  2823  2823 D InterruptionStateProvider: No bubble up: not allowed to bubble: 0|com.happproxy|1|null|10769
06-28 14:50:10.543  2823  2823 D InterruptionStateProvider: No heads up: unimportant notification: 0|com.happproxy|1|null|10769
06-28 14:50:10.578  3980  3980 I NotificationController: onNotificationPosted: mSmartTravelNotificationMap 0
06-28 14:50:10.579  7447  7701 V h       : flags=106
06-28 14:50:10.580  7447  7701 V h       : ret=0
06-28 14:50:10.609  7447  7701 V h       : flags=106
06-28 14:50:10.609  3980  3980 I NotificationController: onNotificationPosted: mSmartTravelNotificationMap 0
06-28 14:50:10.610  7447  7701 V h       : ret=0
06-28 14:50:10.616  2823  2823 D InterruptionStateProvider: No bubble up: not allowed to bubble: 0|com.happproxy|1|null|10769
06-28 14:50:10.616  2823  2823 D InterruptionStateProvider: No heads up: unimportant notification: 0|com.happproxy|1|null|10769
06-28 14:50:10.622  2823  2823 D InterruptionStateProvider: No bubble up: not allowed to bubble: 0|com.happproxy|1|null|10769
06-28 14:50:10.622  2823  2823 D InterruptionStateProvider: No heads up: unimportant notification: 0|com.happproxy|1|null|10769
06-28 14:50:10.715   589   589 E SELinux : avc:  denied  { find } for pid=5676 uid=10236 name=tethering scontext=u:r:vendor_systemhelper_app:s0:c512,c768 tcontext=u:object_r:tethering_service:s0 tclass=service_manager permissive=0
06-28 14:50:11.528   589   589 I chatty  : uid=1000(system) /system/bin/servicemanager identical 4 lines
06-28 14:50:11.731   589   589 E SELinux : avc:  denied  { find } for pid=5676 uid=10236 name=tethering scontext=u:r:vendor_systemhelper_app:s0:c512,c768 tcontext=u:object_r:tethering_service:s0 tclass=service_manager permissive=0
06-28 14:50:11.914   989 30430 I vendor.qti.bluetooth@1.0-ibs_handler: ProcessIbsCmd: Received IBS_WAKE_IND: 0xFD
06-28 14:50:11.914   989 30430 D vendor.qti.bluetooth@1.0-ibs_handler: SerialClockVote: vote for UART CLK ON
06-28 14:50:11.916   989 30430 D vendor.qti.bluetooth@1.0-wake_lock: Acquire wakelock is acquired 
06-28 14:50:11.916   989 30430 I vendor.qti.bluetooth@1.0-ibs_handler: ProcessIbsCmd: Writing IBS_WAKE_ACK
06-28 14:50:11.919 30372 30433 V bt_stack: [VERBOSE1:btm_ble_gap.cc(1925)] btm_ble_process_ext_adv_pkt: bda=f7:86:8d:92:a1:c9
06-28 14:50:11.919 30372 30433 V bt_stack: [VERBOSE1:btm_ble_gap.cc(1849)] btm_ble_process_adv_addr: bda=f7:86:8d:92:a1:c9
06-28 14:50:11.920 30372 30433 V bt_stack: [VERBOSE1:btm_ble_gap.cc(2054)]  Waiting for scan response f7:86:8d:92:a1:c9
06-28 14:50:11.935   589   589 E SELinux : avc:  denied  { find } for pid=5676 uid=10236 name=tethering scontext=u:r:vendor_systemhelper_app:s0:c512,c768 tcontext=u:object_r:tethering_service:s0 tclass=service_manager permissive=0
06-28 14:50:11.959   989 30430 I vendor.qti.bluetooth@1.0-ibs_handler: ProcessIbsCmd: Received IBS_SLEEP_IND: 0xFE
06-28 14:50:11.959   989 30430 D vendor.qti.bluetooth@1.0-ibs_handler: SerialClockVote: vote for UART CLK OFF
06-28 14:50:12.109   989 30425 D vendor.qti.bluetooth@1.0-wake_lock: Release wakelock is released 
06-28 14:50:12.137   589   589 E SELinux : avc:  denied  { find } for pid=5676 uid=10236 name=tethering scontext=u:r:vendor_systemhelper_app:s0:c512,c768 tcontext=u:object_r:tethering_service:s0 tclass=service_manager permissive=0
06-28 14:50:12.744   589   589 I chatty  : uid=1000(system) /system/bin/servicemanager identical 3 lines
06-28 14:50:12.947   589   589 E SELinux : avc:  denied  { find } for pid=5676 uid=10236 name=tethering scontext=u:r:vendor_systemhelper_app:s0:c512,c768 tcontext=u:object_r:tethering_service:s0 tclass=service_manager permissive=0
06-28 14:50:13.145  1623  5884 D CompatibilityInfo: mCompatibilityFlags - 0
06-28 14:50:13.145  1623  5884 D CompatibilityInfo: applicationDensity - 440
06-28 14:50:13.145  1623  5884 D CompatibilityInfo: applicationScale - 1.0
06-28 14:50:13.149   589   589 E SELinux : avc:  denied  { find } for pid=5676 uid=10236 name=tethering scontext=u:r:vendor_systemhelper_app:s0:c512,c768 tcontext=u:object_r:tethering_service:s0 tclass=service_manager permissive=0
06-28 14:50:13.316  1623  1913 D CompatibilityInfo: mCompatibilityFlags - 0
06-28 14:50:13.316  1623  1913 D CompatibilityInfo: applicationDensity - 440
06-28 14:50:13.316  1623  1913 D CompatibilityInfo: applicationScale - 1.0
06-28 14:50:13.349   589   589 E SELinux : avc:  denied  { find } for pid=5676 uid=10236 name=tethering scontext=u:r:vendor_systemhelper_app:s0:c512,c768 tcontext=u:object_r:tethering_service:s0 tclass=service_manager permissive=0
06-28 14:50:13.385  1623  1913 D CompatibilityInfo: mCompatibilityFlags - 0
06-28 14:50:13.385  1623  1913 D CompatibilityInfo: applicationDensity - 440
06-28 14:50:13.385  1623  1913 D CompatibilityInfo: applicationScale - 1.0
06-28 14:50:13.528  7447  7701 V h       : flags=106
06-28 14:50:13.529  3980  3980 I NotificationController: onNotificationPosted: mSmartTravelNotificationMap 0
06-28 14:50:13.531  7447  7701 V h       : ret=0
06-28 14:50:13.537  2823  2823 D InterruptionStateProvider: No bubble up: not allowed to bubble: 0|com.happproxy|1|null|10769
06-28 14:50:13.538  2823  2823 D InterruptionStateProvider: No heads up: unimportant notification: 0|com.happproxy|1|null|10769
06-28 14:50:13.551   589   589 E SELinux : avc:  denied  { find } for pid=5676 uid=10236 name=tethering scontext=u:r:vendor_systemhelper_app:s0:c512,c768 tcontext=u:object_r:tethering_service:s0 tclass=service_manager permissive=0
06-28 14:50:13.569  3980  3980 I NotificationController: onNotificationPosted: mSmartTravelNotificationMap 0
06-28 14:50:13.574  7447  7701 V h       : flags=106
06-28 14:50:13.576  7447  7701 V h       : ret=0
06-28 14:50:13.581  1050  1050 E ANDR-PERF-DATA-POOL: EventDataPool is Full
06-28 14:50:13.581  1050  1050 E ANDR-PERF-MPCTL: event data pool ran empty
06-28 14:50:13.587  2823  2823 D InterruptionStateProvider: No bubble up: not allowed to bubble: 0|com.happproxy|1|null|10769
06-28 14:50:13.589  2823  2823 D InterruptionStateProvider: No heads up: unimportant notification: 0|com.happproxy|1|null|10769
06-28 14:50:13.595  3980  3980 I NotificationController: onNotificationPosted: mSmartTravelNotificationMap 0
06-28 14:50:13.596  7447  7701 V h       : flags=106
06-28 14:50:13.597  7447  7701 V h       : ret=0
06-28 14:50:13.607  3980  3980 I NotificationController: onNotificationPosted: mSmartTravelNotificationMap 0
06-28 14:50:13.609  7447  7701 V h       : flags=106
06-28 14:50:13.610  7447  7701 V h       : ret=0
06-28 14:50:13.623  2823  2823 D InterruptionStateProvider: No bubble up: not allowed to bubble: 0|com.happproxy|1|null|10769
06-28 14:50:13.623  2823  2823 D InterruptionStateProvider: No heads up: unimportant notification: 0|com.happproxy|1|null|10769
06-28 14:50:13.659  2823  2823 D InterruptionStateProvider: No bubble up: not allowed to bubble: 0|com.happproxy|1|null|10769
06-28 14:50:13.660  2823  2823 D InterruptionStateProvider: No heads up: unimportant notification: 0|com.happproxy|1|null|10769
06-28 14:50:13.752   589   589 E SELinux : avc:  denied  { find } for pid=5676 uid=10236 name=tethering scontext=u:r:vendor_systemhelper_app:s0:c512,c768 tcontext=u:object_r:tethering_service:s0 tclass=service_manager permissive=0
06-28 14:50:14.765   589   589 I chatty  : uid=1000(system) /system/bin/servicemanager identical 5 lines
06-28 14:50:14.967   589   589 E SELinux : avc:  denied  { find } for pid=5676 uid=10236 name=tethering scontext=u:r:vendor_systemhelper_app:s0:c512,c768 tcontext=u:object_r:tethering_service:s0 tclass=service_manager permissive=0
06-28 14:50:15.159  3192  3192 D DynamicService:  ACTION_BATTERY_CHANGED change,USB plug = 2
06-28 14:50:15.160  7447  7447 I PowerUtils: getSurfaceTemprature temp: 30
06-28 14:50:15.161  7447  7447 I PowerSaveService: onReceive: android.intent.action.BATTERY_CHANGED
06-28 14:50:15.162  7447  7447 I PowerNoticeUI: handleBatteryChanged oldPlugType 2 mPlugType 2 oldBatteryLevel 100 mBatteryLevel 100 temperature 300
06-28 14:50:15.164  7447  7447 I ChargerBatteryIntelligenceReceiver: onBatteryChanged temperature：30,plugType:2
06-28 14:50:15.164  8457  8844 D PowerCheckerService: onBatteryChanged, mBatteryLevel = 100, status = 2, level = 100, plug = 2, scale = 100
06-28 14:50:15.167  8457  8821 D PowerKeeper.FrozenApp: onBatteryChanged plug=true mBatteryPlugged=2
06-28 14:50:15.168  2823  2823 D BatteryController: onReceive: Intent = Intent { act=android.intent.action.BATTERY_CHANGED flg=0x60000010 (has extras) } action = android.intent.action.BATTERY_CHANGED
06-28 14:50:15.168   589   589 E SELinux : avc:  denied  { find } for pid=5676 uid=10236 name=tethering scontext=u:r:vendor_systemhelper_app:s0:c512,c768 tcontext=u:object_r:tethering_service:s0 tclass=service_manager permissive=0
06-28 14:50:15.169  2823  2823 D KeyguardUpdateMonitor: received broadcast android.intent.action.BATTERY_CHANGED
06-28 14:50:15.170  3169  3169 D DeviceStatisticsService: chargerType=2 batteryLevel=100 totalBatteryCapacity=327900000
06-28 14:50:15.372   589   589 E SELinux : avc:  denied  { find } for pid=5676 uid=10236 name=tethering scontext=u:r:vendor_systemhelper_app:s0:c512,c768 tcontext=u:object_r:tethering_service:s0 tclass=service_manager permissive=0
06-28 14:50:15.576   589   589 I chatty  : uid=1000(system) /system/bin/servicemanager identical 1 line
06-28 14:50:15.778   589   589 E SELinux : avc:  denied  { find } for pid=5676 uid=10236 name=tethering scontext=u:r:vendor_systemhelper_app:s0:c512,c768 tcontext=u:object_r:tethering_service:s0 tclass=service_manager permissive=0
06-28 14:50:15.915  1050  1050 E ANDR-PERF-DATA-POOL: EventDataPool is Full
06-28 14:50:15.915  1050  1050 E ANDR-PERF-MPCTL: event data pool ran empty
06-28 14:50:15.939  1129  1129 W SurfaceFlingerInspector: slow HwComposer, duration=5s, total=37, timeOut=1, Max=6ms, timeOutAvg=6ms.
06-28 14:50:15.980   589   589 E SELinux : avc:  denied  { find } for pid=5676 uid=10236 name=tethering scontext=u:r:vendor_systemhelper_app:s0:c512,c768 tcontext=u:object_r:tethering_service:s0 tclass=service_manager permissive=0
06-28 14:50:16.184   589   589 E SELinux : avc:  denied  { find } for pid=5676 uid=10236 name=tethering scontext=u:r:vendor_systemhelper_app:s0:c512,c768 tcontext=u:object_r:tethering_service:s0 tclass=service_manager permissive=0
06-28 14:50:16.292  1623  1913 D CompatibilityInfo: mCompatibilityFlags - 0
06-28 14:50:16.292  1623  1913 D CompatibilityInfo: applicationDensity - 440
06-28 14:50:16.292  1623  1913 D CompatibilityInfo: applicationScale - 1.0
06-28 14:50:16.386   589   589 E SELinux : avc:  denied  { find } for pid=5676 uid=10236 name=tethering scontext=u:r:vendor_systemhelper_app:s0:c512,c768 tcontext=u:object_r:tethering_service:s0 tclass=service_manager permissive=0
06-28 14:50:16.412  1623  1913 D CompatibilityInfo: mCompatibilityFlags - 0
06-28 14:50:16.412  1623  1913 D CompatibilityInfo: applicationDensity - 440
06-28 14:50:16.412  1623  1913 D CompatibilityInfo: applicationScale - 1.0
06-28 14:50:16.503  7447  7701 V h       : flags=106
06-28 14:50:16.505  3980  3980 I NotificationController: onNotificationPosted: mSmartTravelNotificationMap 0
06-28 14:50:16.505  7447  7701 V h       : ret=0
06-28 14:50:16.508  2823  2823 D InterruptionStateProvider: No bubble up: not allowed to bubble: 0|com.happproxy|1|null|10769
06-28 14:50:16.509  2823  2823 D InterruptionStateProvider: No heads up: unimportant notification: 0|com.happproxy|1|null|10769
06-28 14:50:16.538  3980  3980 I NotificationController: onNotificationPosted: mSmartTravelNotificationMap 0
06-28 14:50:16.540  7447  7701 V h       : flags=106
06-28 14:50:16.542  7447  7701 V h       : ret=0
06-28 14:50:16.547  1050  1050 E ANDR-PERF-DATA-POOL: EventDataPool is Full
06-28 14:50:16.548  1050  1050 E ANDR-PERF-MPCTL: event data pool ran empty
06-28 14:50:16.548  2823  2823 D InterruptionStateProvider: No bubble up: not allowed to bubble: 0|com.happproxy|1|null|10769
06-28 14:50:16.549  2823  2823 D InterruptionStateProvider: No heads up: unimportant notification: 0|com.happproxy|1|null|10769
06-28 14:50:16.587   589   589 E SELinux : avc:  denied  { find } for pid=5676 uid=10236 name=tethering scontext=u:r:vendor_systemhelper_app:s0:c512,c768 tcontext=u:object_r:tethering_service:s0 tclass=service_manager permissive=0
06-28 14:50:16.616  3980  3980 I NotificationController: onNotificationPosted: mSmartTravelNotificationMap 0
06-28 14:50:16.620  7447  7701 V h       : flags=106
06-28 14:50:16.621  7447  7701 V h       : ret=0
06-28 14:50:16.623  2823  2823 D InterruptionStateProvider: No bubble up: not allowed to bubble: 0|com.happproxy|1|null|10769
06-28 14:50:16.624  2823  2823 D InterruptionStateProvider: No heads up: unimportant notification: 0|com.happproxy|1|null|10769
06-28 14:50:16.648  3980  3980 I NotificationController: onNotificationPosted: mSmartTravelNotificationMap 0
06-28 14:50:16.650  7447  7701 V h       : flags=106
06-28 14:50:16.651  7447  7701 V h       : ret=0
06-28 14:50:16.670  2823  2823 D InterruptionStateProvider: No bubble up: not allowed to bubble: 0|com.happproxy|1|null|10769
06-28 14:50:16.671  2823  2823 D InterruptionStateProvider: No heads up: unimportant notification: 0|com.happproxy|1|null|10769
06-28 14:50:16.788   589   589 E SELinux : avc:  denied  { find } for pid=5676 uid=10236 name=tethering scontext=u:r:vendor_systemhelper_app:s0:c512,c768 tcontext=u:object_r:tethering_service:s0 tclass=service_manager permissive=0
06-28 14:50:16.799  3192  3192 D DynamicService:  ACTION_BATTERY_CHANGED change,USB plug = 2
06-28 14:50:16.800  2823  2823 D BatteryController: onReceive: Intent = Intent { act=android.intent.action.BATTERY_CHANGED flg=0x60000010 (has extras) } action = android.intent.action.BATTERY_CHANGED
06-28 14:50:16.801  2823  2823 D KeyguardUpdateMonitor: received broadcast android.intent.action.BATTERY_CHANGED
06-28 14:50:16.802  7447  7447 I PowerUtils: getSurfaceTemprature temp: 30
06-28 14:50:16.803  8457  8821 D PowerKeeper.FrozenApp: onBatteryChanged plug=true mBatteryPlugged=2
06-28 14:50:16.803  7447  7447 I PowerSaveService: onReceive: android.intent.action.BATTERY_CHANGED
06-28 14:50:16.806  8457  8844 D PowerCheckerService: onBatteryChanged, mBatteryLevel = 100, status = 2, level = 100, plug = 2, scale = 100
06-28 14:50:16.810  7447  7447 I PowerNoticeUI: handleBatteryChanged oldPlugType 2 mPlugType 2 oldBatteryLevel 100 mBatteryLevel 100 temperature 300
06-28 14:50:16.810  7447  7447 I ChargerBatteryIntelligenceReceiver: onBatteryChanged temperature：30,plugType:2
06-28 14:50:16.826  3169  3169 D DeviceStatisticsService: chargerType=2 batteryLevel=100 totalBatteryCapacity=327900000
06-28 14:50:16.990   589   589 E SELinux : avc:  denied  { find } for pid=5676 uid=10236 name=tethering scontext=u:r:vendor_systemhelper_app:s0:c512,c768 tcontext=u:object_r:tethering_service:s0 tclass=service_manager permissive=0
06-28 14:50:17.192   589   589 I chatty  : uid=1000(system) /system/bin/servicemanager identical 1 line
06-28 14:50:17.395   589   589 E SELinux : avc:  denied  { find } for pid=5676 uid=10236 name=tethering scontext=u:r:vendor_systemhelper_app:s0:c512,c768 tcontext=u:object_r:tethering_service:s0 tclass=service_manager permissive=0
06-28 14:50:17.586  2823  2823 D BatteryController: onReceive: Intent = Intent { act=android.intent.action.BATTERY_CHANGED flg=0x60000010 (has extras) } action = android.intent.action.BATTERY_CHANGED
06-28 14:50:17.586  3192  3192 D DynamicService:  ACTION_BATTERY_CHANGED change,USB plug = 2
06-28 14:50:17.586  2823  2823 D KeyguardUpdateMonitor: received broadcast android.intent.action.BATTERY_CHANGED
06-28 14:50:17.589  7447  7447 I PowerUtils: getSurfaceTemprature temp: 30
06-28 14:50:17.589  8457  8821 D PowerKeeper.FrozenApp: onBatteryChanged plug=true mBatteryPlugged=2
06-28 14:50:17.589  7447  7447 I PowerSaveService: onReceive: android.intent.action.BATTERY_CHANGED
06-28 14:50:17.590  7447  7447 I PowerNoticeUI: handleBatteryChanged oldPlugType 2 mPlugType 2 oldBatteryLevel 100 mBatteryLevel 100 temperature 300
06-28 14:50:17.592  8457  8844 D PowerCheckerService: onBatteryChanged, mBatteryLevel = 100, status = 2, level = 100, plug = 2, scale = 100
06-28 14:50:17.596  7447  7447 I ChargerBatteryIntelligenceReceiver: onBatteryChanged temperature：30,plugType:2
06-28 14:50:17.598   589   589 E SELinux : avc:  denied  { find } for pid=5676 uid=10236 name=tethering scontext=u:r:vendor_systemhelper_app:s0:c512,c768 tcontext=u:object_r:tethering_service:s0 tclass=service_manager permissive=0
06-28 14:50:17.614  3169  3169 D DeviceStatisticsService: chargerType=2 batteryLevel=100 totalBatteryCapacity=327900000
06-28 14:50:17.617  3192  3192 D DynamicService:  ACTION_BATTERY_CHANGED change,USB plug = 2
06-28 14:50:17.618  2823  2823 D BatteryController: onReceive: Intent = Intent { act=android.intent.action.BATTERY_CHANGED flg=0x60000010 (has extras) } action = android.intent.action.BATTERY_CHANGED
06-28 14:50:17.618  2823  2823 D KeyguardUpdateMonitor: received broadcast android.intent.action.BATTERY_CHANGED
06-28 14:50:17.620  8457  8821 D PowerKeeper.FrozenApp: onBatteryChanged plug=true mBatteryPlugged=2
06-28 14:50:17.621  8457  8844 D PowerCheckerService: onBatteryChanged, mBatteryLevel = 100, status = 2, level = 100, plug = 2, scale = 100
06-28 14:50:17.624  3169  3169 D DeviceStatisticsService: chargerType=2 batteryLevel=100 totalBatteryCapacity=327900000
06-28 14:50:17.627  7447  7447 I PowerUtils: getSurfaceTemprature temp: 30
06-28 14:50:17.627  7447  7447 I PowerSaveService: onReceive: android.intent.action.BATTERY_CHANGED
06-28 14:50:17.628  7447  7447 I PowerNoticeUI: handleBatteryChanged oldPlugType 2 mPlugType 2 oldBatteryLevel 100 mBatteryLevel 100 temperature 300
06-28 14:50:17.628  7447  7447 I ChargerBatteryIntelligenceReceiver: onBatteryChanged temperature：30,plugType:2
06-28 14:50:17.801   589   589 E SELinux : avc:  denied  { find } for pid=5676 uid=10236 name=tethering scontext=u:r:vendor_systemhelper_app:s0:c512,c768 tcontext=u:object_r:tethering_service:s0 tclass=service_manager permissive=0
06-28 14:50:19.018   589   589 I chatty  : uid=1000(system) /system/bin/servicemanager identical 6 lines
06-28 14:50:19.221   589   589 E SELinux : avc:  denied  { find } for pid=5676 uid=10236 name=tethering scontext=u:r:vendor_systemhelper_app:s0:c512,c768 tcontext=u:object_r:tethering_service:s0 tclass=service_manager permissive=0
06-28 14:50:19.277  1050  4650 E ANDR-PERF-DATA-POOL: EventDataPool is Full
06-28 14:50:19.278  1050  4650 E ANDR-PERF-MPCTL: event data pool ran empty
06-28 14:50:19.322  1623  1913 D CompatibilityInfo: mCompatibilityFlags - 0
06-28 14:50:19.322  1623  1913 D CompatibilityInfo: applicationDensity - 440
06-28 14:50:19.322  1623  1913 D CompatibilityInfo: applicationScale - 1.0
06-28 14:50:19.392  1623  1913 D CompatibilityInfo: mCompatibilityFlags - 0
06-28 14:50:19.392  1623  1913 D CompatibilityInfo: applicationDensity - 440
06-28 14:50:19.392  1623  1913 D CompatibilityInfo: applicationScale - 1.0
06-28 14:50:19.422   589   589 E SELinux : avc:  denied  { find } for pid=5676 uid=10236 name=tethering scontext=u:r:vendor_systemhelper_app:s0:c512,c768 tcontext=u:object_r:tethering_service:s0 tclass=service_manager permissive=0
06-28 14:50:19.537  3980  3980 I NotificationController: onNotificationPosted: mSmartTravelNotificationMap 0
06-28 14:50:19.540  2823  2823 D InterruptionStateProvider: No bubble up: not allowed to bubble: 0|com.happproxy|1|null|10769
06-28 14:50:19.540  7447  7701 V h       : flags=106
06-28 14:50:19.542  7447  7701 V h       : ret=0
06-28 14:50:19.544  2823  2823 D InterruptionStateProvider: No heads up: unimportant notification: 0|com.happproxy|1|null|10769
06-28 14:50:19.562  7447  7701 V h       : flags=106
06-28 14:50:19.563  3980  3980 I NotificationController: onNotificationPosted: mSmartTravelNotificationMap 0
06-28 14:50:19.564  7447  7701 V h       : ret=0
06-28 14:50:19.579  1050  1050 E ANDR-PERF-DATA-POOL: EventDataPool is Full
06-28 14:50:19.579  1050  1050 E ANDR-PERF-MPCTL: event data pool ran empty
06-28 14:50:19.580  2823  2823 D InterruptionStateProvider: No bubble up: not allowed to bubble: 0|com.happproxy|1|null|10769
06-28 14:50:19.581  2823  2823 D InterruptionStateProvider: No heads up: unimportant notification: 0|com.happproxy|1|null|10769
06-28 14:50:19.601  3980  3980 I NotificationController: onNotificationPosted: mSmartTravelNotificationMap 0
06-28 14:50:19.608  7447  7701 V h       : flags=106
06-28 14:50:19.609  7447  7701 V h       : ret=0
06-28 14:50:19.614  2823  2823 D InterruptionStateProvider: No bubble up: not allowed to bubble: 0|com.happproxy|1|null|10769
06-28 14:50:19.615  2823  2823 D InterruptionStateProvider: No heads up: unimportant notification: 0|com.happproxy|1|null|10769
06-28 14:50:19.623   589   589 E SELinux : avc:  denied  { find } for pid=5676 uid=10236 name=tethering scontext=u:r:vendor_systemhelper_app:s0:c512,c768 tcontext=u:object_r:tethering_service:s0 tclass=service_manager permissive=0
06-28 14:50:19.631  3980  3980 I NotificationController: onNotificationPosted: mSmartTravelNotificationMap 0
06-28 14:50:19.632  7447  7701 V h       : flags=106
06-28 14:50:19.633  7447  7701 V h       : ret=0
06-28 14:50:19.650  2823  2823 D InterruptionStateProvider: No bubble up: not allowed to bubble: 0|com.happproxy|1|null|10769
06-28 14:50:19.651  2823  2823 D InterruptionStateProvider: No heads up: unimportant notification: 0|com.happproxy|1|null|10769
06-28 14:50:19.826   589   589 E SELinux : avc:  denied  { find } for pid=5676 uid=10236 name=tethering scontext=u:r:vendor_systemhelper_app:s0:c512,c768 tcontext=u:object_r:tethering_service:s0 tclass=service_manager permissive=0
06-28 14:50:21.245   589   589 I chatty  : uid=1000(system) /system/bin/servicemanager identical 7 lines
06-28 14:50:21.447   589   589 E SELinux : avc:  denied  { find } for pid=5676 uid=10236 name=tethering scontext=u:r:vendor_systemhelper_app:s0:c512,c768 tcontext=u:object_r:tethering_service:s0 tclass=service_manager permissive=0
06-28 14:50:21.454 30262 30544 D MiuiFastConnectService: stopBleScan: scanning: true
06-28 14:50:21.458 30262 30544 D BluetoothAdapter: isLeEnabled(): ON
06-28 14:50:21.459 30372 30505 D BtGatt.GattService: stopScan() - queue size =1
06-28 14:50:21.463 30372 30421 I BtGatt.ScanManager: msg.what = 1
06-28 14:50:21.464 30372 30421 D BtGatt.ScanManager: stop scan
06-28 14:50:21.464 30372 30505 D BtGatt.GattService: unregisterScanner() - scannerId=6
06-28 14:50:21.465 30372 30433 V bt_stack: [VERBOSE1:gatt_api.cc(1002)] GATT_Deregister gatt_if=6
06-28 14:50:21.465 30372 30433 V bt_stack: [VERBOSE1:connection_manager.cc(161)] on_app_deregistered : app_id 0x06
06-28 14:50:21.465   989   989 D vendor.qti.bluetooth@1.0-ibs_handler: SerialClockVote: vote for UART CLK ON
06-28 14:50:21.467   989   989 D vendor.qti.bluetooth@1.0-wake_lock: Acquire wakelock is acquired 
06-28 14:50:21.467   989   989 I vendor.qti.bluetooth@1.0-ibs_handler: DeviceWakeUp: Writing IBS_WAKE_IND
06-28 14:50:21.476   989 30430 I vendor.qti.bluetooth@1.0-ibs_handler: ProcessIbsCmd: Received IBS_WAKE_ACK: 0xFC
06-28 14:50:21.476   989 30430 I vendor.qti.bluetooth@1.0-ibs_handler: ProcessIbsCmd: Signal wack_cond_
06-28 14:50:21.477   989   989 D vendor.qti.bluetooth@1.0-ibs_handler: DeviceWakeUp: Unblocked from waiting for FC
06-28 14:50:21.478   989 30430 I vendor.qti.bluetooth@1.0-ibs_handler: ProcessIbsCmd: Received IBS_WAKE_IND: 0xFD
06-28 14:50:21.478   989 30430 I vendor.qti.bluetooth@1.0-ibs_handler: ProcessIbsCmd: Writing IBS_WAKE_ACK
06-28 14:50:21.480 30372 30406 D BtGatt.GattService: onScanFilterParamsConfigured() - clientIf=6, status=0, action=1, availableSpace=59
06-28 14:50:21.480 30372 30406 D BtGatt.ScanManager: callback done for scannerId - 6 status - 0
06-28 14:50:21.484 30372 30406 D BtGatt.GattService: onScanFilterParamsConfigured() - clientIf=6, status=0, action=1, availableSpace=60
06-28 14:50:21.484 30372 30406 D BtGatt.ScanManager: callback done for scannerId - 6 status - 0
06-28 14:50:21.486 30372 30406 D BtGatt.GattService: onScanFilterParamsConfigured() - clientIf=6, status=0, action=1, availableSpace=61
06-28 14:50:21.486 30372 30406 D BtGatt.ScanManager: callback done for scannerId - 6 status - 0
06-28 14:50:21.489 30262 30544 D MiuiFastConnectService: handleMessage: MSG_START_BLE_SCAN
06-28 14:50:21.489 30372 30406 D BtGatt.GattService: onScanFilterParamsConfigured() - clientIf=6, status=0, action=1, availableSpace=62
06-28 14:50:21.489 30372 30406 D BtGatt.ScanManager: callback done for scannerId - 6 status - 0
06-28 14:50:21.490 30262 30544 D BluetoothAdapter: isLeEnabled(): ON
06-28 14:50:21.491 30372 30406 D BtGatt.GattService: onScanFilterParamsConfigured() - clientIf=6, status=0, action=1, availableSpace=63
06-28 14:50:21.491 30372 30406 D BtGatt.ScanManager: callback done for scannerId - 6 status - 0
06-28 14:50:21.492 30372 30505 D BtGatt.GattService: registerScanner() - UUID=35b02b42-93dd-4b94-955f-2bc08f121983
06-28 14:50:21.493 30372 30406 D BtGatt.GattService: onScanFilterParamsConfigured() - clientIf=6, status=0, action=1, availableSpace=64
06-28 14:50:21.493 30372 30406 D BtGatt.ScanManager: callback done for scannerId - 6 status - 0
06-28 14:50:21.493 30372 30421 D BtGatt.ScanManager: configureRegularScanParams() - queue=0
06-28 14:50:21.493 30372 30421 D BtGatt.ScanManager: configureRegularScanParams() - ScanSetting LE 1M Scan mode=-2147483648ScanSetting LE Coded Scan mode=-2147483648 mLastConfiguredScanSettingLE1M=0 mLastConfiguredScanSettingLECoded=0scanPhy=1
06-28 14:50:21.493 30372 30421 D BtGatt.ScanManager: configureRegularScanParams() - queue emtpy, scan stopped
06-28 14:50:21.493 30372 30421 D BtGatt.ScanManager: configureRegularScanParams() - queue emtpy, scan stopped
06-28 14:50:21.493 30372 30433 V bt_stack: [VERBOSE1:bta_gattc_act.cc(201)] bta_gattc_register: state:2
06-28 14:50:21.494 30372 30433 I bt_stack: [INFO:gatt_api.cc(959)] GATT_Register c1780857-595f-7a9b-ffa1-1b522c3dc250
06-28 14:50:21.494 30372 30433 I bt_stack: [INFO:gatt_api.cc(979)] allocated gatt_if=6
06-28 14:50:21.494 30372 30433 V bt_stack: [VERBOSE1:gatt_api.cc(1089)] GATT_StartIf gatt_if=6
06-28 14:50:21.494 30372 30433 V bt_stack: [VERBOSE1:gatt_utils.cc(254)] gatt_find_the_connected_bda start_idx=0
06-28 14:50:21.494 30372 30406 D BtGatt.GattService: onScannerRegistered() - UUID=35b02b42-93dd-4b94-955f-2bc08f121983, scannerId=6, status=0
06-28 14:50:21.495 30372 30433 V bt_stack: [VERBOSE1:gatt_utils.cc(266)]  found=0 found_idx=10
06-28 14:50:21.495 30262 30281 D BluetoothLeScanner: onScannerRegistered() - status=0 scannerId=6 mScannerId=0
06-28 14:50:21.500 30372 30505 D BtGatt.GattService: start scan with filters. callingPackage: com.xiaomi.bluetooth
06-28 14:50:21.503 30372 30505 E BtGatt.GattService:  [Landroid.content.pm.ServiceInfo;@58573d3
06-28 14:50:21.509 30372 30421 I BtGatt.ScanManager: msg.what = 0
06-28 14:50:21.509 30372 30421 D BtGatt.ScanManager: handling starting scan
06-28 14:50:21.511 30372 30421 D BtGatt.ScanManager: isAptXLowLatencyModeEnabled: false
06-28 14:50:21.513 30372 30406 D BtGatt.GattService: onScanFilterEnableDisabled() - clientIf=6, status=0, action=1
06-28 14:50:21.513 30372 30406 D BtGatt.ScanManager: callback done for scannerId - 6 status - 0
06-28 14:50:21.513 30372 30421 D BtGatt.ScanManager: Available Filter size: 61
06-28 14:50:21.514 30372 30406 D BtGatt.GattService: onScanFilterConfig() - clientIf=6, action = 0 status = 0, filterType=0, availableSpace=0
06-28 14:50:21.514 30372 30406 D BtGatt.ScanManager: callback done for scannerId - 6 status - 0
06-28 14:50:21.515 30372 30421 D BtGatt.ScanManager: configureFilterParamter 500 10000 1 0, deliveryMode=0
06-28 14:50:21.516 30372 30406 D BtGatt.GattService: onScanFilterParamsConfigured() - clientIf=6, status=0, action=0, availableSpace=63
06-28 14:50:21.517 30372 30406 D BtGatt.ScanManager: callback done for scannerId - 6 status - 0
06-28 14:50:21.517 30372 30406 D BtGatt.GattService: onScanFilterConfig() - clientIf=6, action = 0 status = 0, filterType=0, availableSpace=0
06-28 14:50:21.517 30372 30406 D BtGatt.ScanManager: callback done for scannerId - 6 status - 0
06-28 14:50:21.517 30372 30421 D BtGatt.ScanManager: configureFilterParamter 500 10000 1 0, deliveryMode=0
06-28 14:50:21.520 30372 30406 D BtGatt.GattService: onScanFilterParamsConfigured() - clientIf=6, status=0, action=0, availableSpace=62
06-28 14:50:21.520 30372 30406 D BtGatt.ScanManager: callback done for scannerId - 6 status - 0
06-28 14:50:21.520 30372 30406 D BtGatt.GattService: onScanFilterConfig() - clientIf=6, action = 0 status = 0, filterType=0, availableSpace=0
06-28 14:50:21.520 30372 30406 D BtGatt.ScanManager: callback done for scannerId - 6 status - 0
06-28 14:50:21.520 30372 30421 D BtGatt.ScanManager: configureFilterParamter 500 10000 1 0, deliveryMode=0
06-28 14:50:21.522 30372 30406 D BtGatt.GattService: onScanFilterParamsConfigured() - clientIf=6, status=0, action=0, availableSpace=61
06-28 14:50:21.522 30372 30406 D BtGatt.ScanManager: callback done for scannerId - 6 status - 0
06-28 14:50:21.523 30372 30406 D BtGatt.GattService: onScanFilterConfig() - clientIf=6, action = 0 status = 0, filterType=0, availableSpace=0
06-28 14:50:21.523 30372 30406 D BtGatt.ScanManager: callback done for scannerId - 6 status - 0
06-28 14:50:21.523 30372 30421 D BtGatt.ScanManager: configureFilterParamter 500 10000 1 0, deliveryMode=0
06-28 14:50:21.525 30372 30406 D BtGatt.GattService: onScanFilterParamsConfigured() - clientIf=6, status=0, action=0, availableSpace=60
06-28 14:50:21.525 30372 30406 D BtGatt.ScanManager: callback done for scannerId - 6 status - 0
06-28 14:50:21.525 30372 30406 D BtGatt.GattService: onScanFilterConfig() - clientIf=6, action = 0 status = 0, filterType=0, availableSpace=0
06-28 14:50:21.525 30372 30406 D BtGatt.ScanManager: callback done for scannerId - 6 status - 0
06-28 14:50:21.525 30372 30421 D BtGatt.ScanManager: configureFilterParamter 500 10000 1 0, deliveryMode=0
06-28 14:50:21.527 30372 30406 D BtGatt.GattService: onScanFilterParamsConfigured() - clientIf=6, status=0, action=0, availableSpace=59
06-28 14:50:21.528 30372 30406 D BtGatt.ScanManager: callback done for scannerId - 6 status - 0
06-28 14:50:21.528 30372 30406 D BtGatt.GattService: onScanFilterConfig() - clientIf=6, action = 0 status = 0, filterType=0, availableSpace=0
06-28 14:50:21.528 30372 30406 D BtGatt.ScanManager: callback done for scannerId - 6 status - 0
06-28 14:50:21.528 30372 30421 D BtGatt.ScanManager: configureFilterParamter 500 10000 1 0, deliveryMode=0
06-28 14:50:21.530 30372 30406 D BtGatt.GattService: onScanFilterParamsConfigured() - clientIf=6, status=0, action=0, availableSpace=58
06-28 14:50:21.530 30372 30406 D BtGatt.ScanManager: callback done for scannerId - 6 status - 0
06-28 14:50:21.530 30372 30421 D BtGatt.ScanManager: configureRegularScanParams() - queue=1
06-28 14:50:21.530 30372 30421 D BtGatt.ScanManager: configureRegularScanParams() - ScanSetting LE 1M Scan mode=0ScanSetting LE Coded Scan mode=0 mLastConfiguredScanSettingLE1M=-2147483648 mLastConfiguredScanSettingLECoded=-2147483648scanPhy=255
06-28 14:50:21.532 30372 30421 D BtGatt.ScanManager: configureRegularScanParams - scanInterval LE 1M = 660configureRegularScanParams - scanWindow LE 1M= 66configureRegularScanParams - scanInterval LE Coded= 660configureRegularScanParams - scanWindow LE Coded= 66
06-28 14:50:21.532 30372 30406 D BtGatt.GattService: onScanParamSetupCompleted : 0
06-28 14:50:21.580   989 30430 I vendor.qti.bluetooth@1.0-ibs_handler: ProcessIbsCmd: Received IBS_SLEEP_IND: 0xFE
06-28 14:50:21.652   589   589 E SELinux : avc:  denied  { find } for pid=5676 uid=10236 name=tethering scontext=u:r:vendor_systemhelper_app:s0:c512,c768 tcontext=u:object_r:tethering_service:s0 tclass=service_manager permissive=0
06-28 14:50:21.816   989 30430 I vendor.qti.bluetooth@1.0-ibs_handler: ProcessIbsCmd: Received IBS_WAKE_IND: 0xFD
06-28 14:50:21.817   989 30430 I vendor.qti.bluetooth@1.0-ibs_handler: ProcessIbsCmd: Writing IBS_WAKE_ACK
06-28 14:50:21.819 30372 30433 V bt_stack: [VERBOSE1:btm_ble_gap.cc(1925)] btm_ble_process_ext_adv_pkt: bda=f7:86:8d:92:a1:c9
06-28 14:50:21.819 30372 30433 V bt_stack: [VERBOSE1:btm_ble_gap.cc(1849)] btm_ble_process_adv_addr: bda=f7:86:8d:92:a1:c9
06-28 14:50:21.819 30372 30433 V bt_stack: [VERBOSE1:btm_ble_gap.cc(2054)]  Waiting for scan response f7:86:8d:92:a1:c9
06-28 14:50:21.819 30372 30433 V bt_stack: [VERBOSE1:btm_ble_gap.cc(1925)] btm_ble_process_ext_adv_pkt: bda=f7:86:8d:92:a1:c9
06-28 14:50:21.819 30372 30433 V bt_stack: [VERBOSE1:btm_ble_gap.cc(1849)] btm_ble_process_adv_addr: bda=f7:86:8d:92:a1:c9
06-28 14:50:21.819 30372 30433 V bt_stack: [VERBOSE1:btm_inq.cc(1019)] BTM_InqDbRead: bd addr f7:86:8d:92:a1:c9
06-28 14:50:21.827 30262 30544 E MiuiMiHomeConnectController: error 
06-28 14:50:21.827 30262 30544 D MiuiMiHomeConnectController: cloud time is not ok
06-28 14:50:21.856   589   589 E SELinux : avc:  denied  { find } for pid=5676 uid=10236 name=tethering scontext=u:r:vendor_systemhelper_app:s0:c512,c768 tcontext=u:object_r:tethering_service:s0 tclass=service_manager permissive=0
06-28 14:50:21.858   989 30430 I vendor.qti.bluetooth@1.0-ibs_handler: ProcessIbsCmd: Received IBS_SLEEP_IND: 0xFE
06-28 14:50:22.058   589   589 E SELinux : avc:  denied  { find } for pid=5676 uid=10236 name=tethering scontext=u:r:vendor_systemhelper_app:s0:c512,c768 tcontext=u:object_r:tethering_service:s0 tclass=service_manager permissive=0
06-28 14:50:22.260   589   589 E SELinux : avc:  denied  { find } for pid=5676 uid=10236 name=tethering scontext=u:r:vendor_systemhelper_app:s0:c512,c768 tcontext=u:object_r:tethering_service:s0 tclass=service_manager permissive=0
06-28 14:50:22.324  1623  1913 D CompatibilityInfo: mCompatibilityFlags - 0
06-28 14:50:22.324  1623  1913 D CompatibilityInfo: applicationDensity - 440
06-28 14:50:22.324  1623  1913 D CompatibilityInfo: applicationScale - 1.0
06-28 14:50:22.388  1623  1913 D CompatibilityInfo: mCompatibilityFlags - 0
06-28 14:50:22.388  1623  1913 D CompatibilityInfo: applicationDensity - 440
06-28 14:50:22.388  1623  1913 D CompatibilityInfo: applicationScale - 1.0
06-28 14:50:22.449  2823  2823 D BatteryController: onReceive: Intent = Intent { act=android.intent.action.BATTERY_CHANGED flg=0x60000010 (has extras) } action = android.intent.action.BATTERY_CHANGED
06-28 14:50:22.450  2823  2823 D KeyguardUpdateMonitor: received broadcast android.intent.action.BATTERY_CHANGED
06-28 14:50:22.450  3192  3192 D DynamicService:  ACTION_BATTERY_CHANGED change,USB plug = 2
06-28 14:50:22.452  7447  7447 I PowerUtils: getSurfaceTemprature temp: 30
06-28 14:50:22.453  7447  7447 I PowerSaveService: onReceive: android.intent.action.BATTERY_CHANGED
06-28 14:50:22.453  7447  7447 I PowerNoticeUI: handleBatteryChanged oldPlugType 2 mPlugType 2 oldBatteryLevel 100 mBatteryLevel 100 temperature 300
06-28 14:50:22.453  7447  7447 I ChargerBatteryIntelligenceReceiver: onBatteryChanged temperature：30,plugType:2
06-28 14:50:22.455  8457  8821 D PowerKeeper.FrozenApp: onBatteryChanged plug=true mBatteryPlugged=2
06-28 14:50:22.456  8457  8844 D PowerCheckerService: onBatteryChanged, mBatteryLevel = 100, status = 2, level = 100, plug = 2, scale = 100
06-28 14:50:22.464   589   589 E SELinux : avc:  denied  { find } for pid=5676 uid=10236 name=tethering scontext=u:r:vendor_systemhelper_app:s0:c512,c768 tcontext=u:object_r:tethering_service:s0 tclass=service_manager permissive=0
06-28 14:50:22.483  3169  3169 D DeviceStatisticsService: chargerType=2 batteryLevel=100 totalBatteryCapacity=327900000
06-28 14:50:22.533  3980  3980 I NotificationController: onNotificationPosted: mSmartTravelNotificationMap 0
06-28 14:50:22.537   989 30436 I vendor.qti.bluetooth@1.0-ibs_handler: DeviceSleep: TX Awake, Sending SLEEP_IND
06-28 14:50:22.538   989 30436 D vendor.qti.bluetooth@1.0-ibs_handler: SerialClockVote: vote for UART CLK OFF
06-28 14:50:22.539  7447  7701 V h       : flags=106
06-28 14:50:22.540  7447  7701 V h       : ret=0
06-28 14:50:22.541  2823  2823 D InterruptionStateProvider: No bubble up: not allowed to bubble: 0|com.happproxy|1|null|10769
06-28 14:50:22.543  2823  2823 D InterruptionStateProvider: No heads up: unimportant notification: 0|com.happproxy|1|null|10769
06-28 14:50:22.569  3980  3980 I NotificationController: onNotificationPosted: mSmartTravelNotificationMap 0
06-28 14:50:22.570  7447  7701 V h       : flags=106
06-28 14:50:22.571  7447  7701 V h       : ret=0
06-28 14:50:22.586  1050  1050 E ANDR-PERF-DATA-POOL: EventDataPool is Full
06-28 14:50:22.586  1050  1050 E ANDR-PERF-MPCTL: event data pool ran empty
06-28 14:50:22.592  2823  2823 D InterruptionStateProvider: No bubble up: not allowed to bubble: 0|com.happproxy|1|null|10769
06-28 14:50:22.594  2823  2823 D InterruptionStateProvider: No heads up: unimportant notification: 0|com.happproxy|1|null|10769
06-28 14:50:22.596  3980  3980 I NotificationController: onNotificationPosted: mSmartTravelNotificationMap 0
06-28 14:50:22.598  7447  7701 V h       : flags=106
06-28 14:50:22.599  7447  7701 V h       : ret=0
06-28 14:50:22.599  1129  1129 W SurfaceFlingerInspector: slow HwComposer, duration=6s, total=9, timeOut=1, Max=10ms, timeOutAvg=10ms.
06-28 14:50:22.621  3980  3980 I NotificationController: onNotificationPosted: mSmartTravelNotificationMap 0
06-28 14:50:22.623  7447  7701 V h       : flags=106
06-28 14:50:22.624  7447  7701 V h       : ret=0
06-28 14:50:22.631  2823  2823 D InterruptionStateProvider: No bubble up: not allowed to bubble: 0|com.happproxy|1|null|10769
06-28 14:50:22.633  2823  2823 D InterruptionStateProvider: No heads up: unimportant notification: 0|com.happproxy|1|null|10769
06-28 14:50:22.665   589   589 E SELinux : avc:  denied  { find } for pid=5676 uid=10236 name=tethering scontext=u:r:vendor_systemhelper_app:s0:c512,c768 tcontext=u:object_r:tethering_service:s0 tclass=service_manager permissive=0
06-28 14:50:22.674  2823  2823 D InterruptionStateProvider: No bubble up: not allowed to bubble: 0|com.happproxy|1|null|10769
06-28 14:50:22.675  2823  2823 D InterruptionStateProvider: No heads up: unimportant notification: 0|com.happproxy|1|null|10769
06-28 14:50:22.688   989 30425 D vendor.qti.bluetooth@1.0-wake_lock: Release wakelock is released 
06-28 14:50:22.866   589   589 E SELinux : avc:  denied  { find } for pid=5676 uid=10236 name=tethering scontext=u:r:vendor_systemhelper_app:s0:c512,c768 tcontext=u:object_r:tethering_service:s0 tclass=service_manager permissive=0
06-28 14:50:23.070   589   589 E SELinux : avc:  denied  { find } for pid=5676 uid=10236 name=tethering scontext=u:r:vendor_systemhelper_app:s0:c512,c768 tcontext=u:object_r:tethering_service:s0 tclass=service_manager permissive=0
06-28 14:50:23.184  2823  2823 D BatteryController: onReceive: Intent = Intent { act=android.intent.action.BATTERY_CHANGED flg=0x60000010 (has extras) } action = android.intent.action.BATTERY_CHANGED
06-28 14:50:23.185  2823  2823 D KeyguardUpdateMonitor: received broadcast android.intent.action.BATTERY_CHANGED
06-28 14:50:23.185  3192  3192 D DynamicService:  ACTION_BATTERY_CHANGED change,USB plug = 2
06-28 14:50:23.189  7447  7447 I PowerUtils: getSurfaceTemprature temp: 30
06-28 14:50:23.189  7447  7447 I PowerSaveService: onReceive: android.intent.action.BATTERY_CHANGED
06-28 14:50:23.190  7447  7447 I PowerNoticeUI: handleBatteryChanged oldPlugType 2 mPlugType 2 oldBatteryLevel 100 mBatteryLevel 100 temperature 300
06-28 14:50:23.190  7447  7447 I ChargerBatteryIntelligenceReceiver: onBatteryChanged temperature：30,plugType:2
06-28 14:50:23.191  8457  8844 D PowerCheckerService: onBatteryChanged, mBatteryLevel = 100, status = 2, level = 100, plug = 2, scale = 100
06-28 14:50:23.192  8457  8821 D PowerKeeper.FrozenApp: onBatteryChanged plug=true mBatteryPlugged=2
06-28 14:50:23.213  3169  3169 D DeviceStatisticsService: chargerType=2 batteryLevel=100 totalBatteryCapacity=327900000
06-28 14:50:23.272   589   589 E SELinux : avc:  denied  { find } for pid=5676 uid=10236 name=tethering scontext=u:r:vendor_systemhelper_app:s0:c512,c768 tcontext=u:object_r:tethering_service:s0 tclass=service_manager permissive=0
06-28 14:50:24.490  1623  1893 D WatchdogInjector: checkOOMState heapAllocSize : 72MB; monitorSize : 500MB
06-28 14:50:25.094   589   589 I chatty  : uid=1000(system) /system/bin/servicemanager identical 9 lines
06-28 14:50:25.296   589   589 E SELinux : avc:  denied  { find } for pid=5676 uid=10236 name=tethering scontext=u:r:vendor_systemhelper_app:s0:c512,c768 tcontext=u:object_r:tethering_service:s0 tclass=service_manager permissive=0
06-28 14:50:25.333  1623  1913 D CompatibilityInfo: mCompatibilityFlags - 0
06-28 14:50:25.333  1623  1913 D CompatibilityInfo: applicationDensity - 440
06-28 14:50:25.333  1623  1913 D CompatibilityInfo: applicationScale - 1.0
06-28 14:50:25.397  1623  1913 D CompatibilityInfo: mCompatibilityFlags - 0
06-28 14:50:25.397  1623  1913 D CompatibilityInfo: applicationDensity - 440
06-28 14:50:25.397  1623  1913 D CompatibilityInfo: applicationScale - 1.0
06-28 14:50:25.499   589   589 E SELinux : avc:  denied  { find } for pid=5676 uid=10236 name=tethering scontext=u:r:vendor_systemhelper_app:s0:c512,c768 tcontext=u:object_r:tethering_service:s0 tclass=service_manager permissive=0
06-28 14:50:25.546  7447  7701 V h       : flags=106
06-28 14:50:25.547  7447  7701 V h       : ret=0
06-28 14:50:25.549  3980  3980 I NotificationController: onNotificationPosted: mSmartTravelNotificationMap 0
06-28 14:50:25.552  2823  2823 D InterruptionStateProvider: No bubble up: not allowed to bubble: 0|com.happproxy|1|null|10769
06-28 14:50:25.553  2823  2823 D InterruptionStateProvider: No heads up: unimportant notification: 0|com.happproxy|1|null|10769
06-28 14:50:25.577  7447  7701 V h       : flags=106
06-28 14:50:25.578  7447  7701 V h       : ret=0
06-28 14:50:25.585  3980  3980 I NotificationController: onNotificationPosted: mSmartTravelNotificationMap 0
06-28 14:50:25.593  1050  1050 E ANDR-PERF-DATA-POOL: EventDataPool is Full
06-28 14:50:25.593  1050  1050 E ANDR-PERF-MPCTL: event data pool ran empty
06-28 14:50:25.605  7447  7701 V h       : flags=106
06-28 14:50:25.606  2823  2823 D InterruptionStateProvider: No bubble up: not allowed to bubble: 0|com.happproxy|1|null|10769
06-28 14:50:25.606  3980  3980 I NotificationController: onNotificationPosted: mSmartTravelNotificationMap 0
06-28 14:50:25.606  7447  7701 V h       : ret=0
06-28 14:50:25.607  2823  2823 D InterruptionStateProvider: No heads up: unimportant notification: 0|com.happproxy|1|null|10769
06-28 14:50:25.630  3980  3980 I NotificationController: onNotificationPosted: mSmartTravelNotificationMap 0
06-28 14:50:25.631  7447  7701 V h       : flags=106
06-28 14:50:25.631  7447  7701 V h       : ret=0
06-28 14:50:25.639  2823  2823 D InterruptionStateProvider: No bubble up: not allowed to bubble: 0|com.happproxy|1|null|10769
06-28 14:50:25.639  2823  2823 D InterruptionStateProvider: No heads up: unimportant notification: 0|com.happproxy|1|null|10769
06-28 14:50:25.672  2823  2823 D InterruptionStateProvider: No bubble up: not allowed to bubble: 0|com.happproxy|1|null|10769
06-28 14:50:25.672  2823  2823 D InterruptionStateProvider: No heads up: unimportant notification: 0|com.happproxy|1|null|10769
06-28 14:50:25.700   589   589 E SELinux : avc:  denied  { find } for pid=5676 uid=10236 name=tethering scontext=u:r:vendor_systemhelper_app:s0:c512,c768 tcontext=u:object_r:tethering_service:s0 tclass=service_manager permissive=0
06-28 14:50:28.131   589   589 I chatty  : uid=1000(system) /system/bin/servicemanager identical 12 lines
06-28 14:50:28.332   589   589 E SELinux : avc:  denied  { find } for pid=5676 uid=10236 name=tethering scontext=u:r:vendor_systemhelper_app:s0:c512,c768 tcontext=u:object_r:tethering_service:s0 tclass=service_manager permissive=0
06-28 14:50:28.337  1623  1913 D CompatibilityInfo: mCompatibilityFlags - 0
06-28 14:50:28.337  1623  1913 D CompatibilityInfo: applicationDensity - 440
06-28 14:50:28.337  1623  1913 D CompatibilityInfo: applicationScale - 1.0
06-28 14:50:28.402  1623  1913 D CompatibilityInfo: mCompatibilityFlags - 0
06-28 14:50:28.402  1623  1913 D CompatibilityInfo: applicationDensity - 440
06-28 14:50:28.402  1623  1913 D CompatibilityInfo: applicationScale - 1.0
06-28 14:50:28.545   589   589 E SELinux : avc:  denied  { find } for pid=5676 uid=10236 name=tethering scontext=u:r:vendor_systemhelper_app:s0:c512,c768 tcontext=u:object_r:tethering_service:s0 tclass=service_manager permissive=0
06-28 14:50:28.547  3980  3980 I NotificationController: onNotificationPosted: mSmartTravelNotificationMap 0
06-28 14:50:28.548  7447  7701 V h       : flags=106
06-28 14:50:28.549  7447  7701 V h       : ret=0
06-28 14:50:28.554  2823  2823 D InterruptionStateProvider: No bubble up: not allowed to bubble: 0|com.happproxy|1|null|10769
06-28 14:50:28.558  2823  2823 D InterruptionStateProvider: No heads up: unimportant notification: 0|com.happproxy|1|null|10769
06-28 14:50:28.582  3980  3980 I NotificationController: onNotificationPosted: mSmartTravelNotificationMap 0
06-28 14:50:28.584  7447  7701 V h       : flags=106
06-28 14:50:28.586  7447  7701 V h       : ret=0
06-28 14:50:28.596  1050  1050 E ANDR-PERF-DATA-POOL: EventDataPool is Full
06-28 14:50:28.596  1050  1050 E ANDR-PERF-MPCTL: event data pool ran empty
06-28 14:50:28.600  2823  2823 D InterruptionStateProvider: No bubble up: not allowed to bubble: 0|com.happproxy|1|null|10769
06-28 14:50:28.601  2823  2823 D InterruptionStateProvider: No heads up: unimportant notification: 0|com.happproxy|1|null|10769
06-28 14:50:28.607  3980  3980 I NotificationController: onNotificationPosted: mSmartTravelNotificationMap 0
06-28 14:50:28.608  7447  7701 V h       : flags=106
06-28 14:50:28.609  7447  7701 V h       : ret=0
06-28 14:50:28.627  2823  2823 D InterruptionStateProvider: No bubble up: not allowed to bubble: 0|com.happproxy|1|null|10769
06-28 14:50:28.627  2823  2823 D InterruptionStateProvider: No heads up: unimportant notification: 0|com.happproxy|1|null|10769
06-28 14:50:28.637  3980  3980 I NotificationController: onNotificationPosted: mSmartTravelNotificationMap 0
06-28 14:50:28.637  7447  7701 V h       : flags=106
06-28 14:50:28.639  7447  7701 V h       : ret=0
06-28 14:50:28.657  2823  2823 D InterruptionStateProvider: No bubble up: not allowed to bubble: 0|com.happproxy|1|null|10769
06-28 14:50:28.658  2823  2823 D InterruptionStateProvider: No heads up: unimportant notification: 0|com.happproxy|1|null|10769
06-28 14:50:28.747   589   589 E SELinux : avc:  denied  { find } for pid=5676 uid=10236 name=tethering scontext=u:r:vendor_systemhelper_app:s0:c512,c768 tcontext=u:object_r:tethering_service:s0 tclass=service_manager permissive=0
06-28 14:50:28.749  2823  2823 D BatteryController: onReceive: Intent = Intent { act=android.intent.action.BATTERY_CHANGED flg=0x60000010 (has extras) } action = android.intent.action.BATTERY_CHANGED
06-28 14:50:28.749  2823  2823 D KeyguardUpdateMonitor: received broadcast android.intent.action.BATTERY_CHANGED
06-28 14:50:28.749  3192  3192 D DynamicService:  ACTION_BATTERY_CHANGED change,USB plug = 2
06-28 14:50:28.751  7447  7447 I PowerUtils: getSurfaceTemprature temp: 30
06-28 14:50:28.751  7447  7447 I PowerSaveService: onReceive: android.intent.action.BATTERY_CHANGED
06-28 14:50:28.752  7447  7447 I PowerNoticeUI: handleBatteryChanged oldPlugType 2 mPlugType 2 oldBatteryLevel 100 mBatteryLevel 100 temperature 300
06-28 14:50:28.752  7447  7447 I ChargerBatteryIntelligenceReceiver: onBatteryChanged temperature：30,plugType:2
06-28 14:50:28.756  8457  8844 D PowerCheckerService: onBatteryChanged, mBatteryLevel = 100, status = 2, level = 100, plug = 2, scale = 100
06-28 14:50:28.756  8457  8821 D PowerKeeper.FrozenApp: onBatteryChanged plug=true mBatteryPlugged=2
06-28 14:50:28.767  3169  3169 D DeviceStatisticsService: chargerType=2 batteryLevel=100 totalBatteryCapacity=327900000
06-28 14:50:28.950   589   589 E SELinux : avc:  denied  { find } for pid=5676 uid=10236 name=tethering scontext=u:r:vendor_systemhelper_app:s0:c512,c768 tcontext=u:object_r:tethering_service:s0 tclass=service_manager permissive=0
06-28 14:50:29.152   589   589 E SELinux : avc:  denied  { find } for pid=5676 uid=10236 name=tethering scontext=u:r:vendor_systemhelper_app:s0:c512,c768 tcontext=u:object_r:tethering_service:s0 tclass=service_manager permissive=0
